Archive member included to satisfy reference by file (symbol)

C:/ST/STM32CubeIDE_1.16.1/STM32CubeIDE/plugins/com.st.stm32cube.ide.mcu.externaltools.gnu-tools-for-stm32.12.3.rel1.win32_1.0.200.202406191623/tools/bin/../lib/gcc/arm-none-eabi/12.3.1/../../../../arm-none-eabi/lib/thumb/v7e-m+fp/hard\libc_nano.a(libc_a-exit.o)
                              C:/ST/STM32CubeIDE_1.16.1/STM32CubeIDE/plugins/com.st.stm32cube.ide.mcu.externaltools.gnu-tools-for-stm32.12.3.rel1.win32_1.0.200.202406191623/tools/bin/../lib/gcc/arm-none-eabi/12.3.1/../../../../arm-none-eabi/lib/thumb/v7e-m+fp/hard/crt0.o (exit)
C:/ST/STM32CubeIDE_1.16.1/STM32CubeIDE/plugins/com.st.stm32cube.ide.mcu.externaltools.gnu-tools-for-stm32.12.3.rel1.win32_1.0.200.202406191623/tools/bin/../lib/gcc/arm-none-eabi/12.3.1/../../../../arm-none-eabi/lib/thumb/v7e-m+fp/hard\libc_nano.a(libc_a-findfp.o)
                              C:/ST/STM32CubeIDE_1.16.1/STM32CubeIDE/plugins/com.st.stm32cube.ide.mcu.externaltools.gnu-tools-for-stm32.12.3.rel1.win32_1.0.200.202406191623/tools/bin/../lib/gcc/arm-none-eabi/12.3.1/../../../../arm-none-eabi/lib/thumb/v7e-m+fp/hard\libc_nano.a(libc_a-exit.o) (__stdio_exit_handler)
C:/ST/STM32CubeIDE_1.16.1/STM32CubeIDE/plugins/com.st.stm32cube.ide.mcu.externaltools.gnu-tools-for-stm32.12.3.rel1.win32_1.0.200.202406191623/tools/bin/../lib/gcc/arm-none-eabi/12.3.1/../../../../arm-none-eabi/lib/thumb/v7e-m+fp/hard\libc_nano.a(libc_a-fwalk.o)
                              C:/ST/STM32CubeIDE_1.16.1/STM32CubeIDE/plugins/com.st.stm32cube.ide.mcu.externaltools.gnu-tools-for-stm32.12.3.rel1.win32_1.0.200.202406191623/tools/bin/../lib/gcc/arm-none-eabi/12.3.1/../../../../arm-none-eabi/lib/thumb/v7e-m+fp/hard\libc_nano.a(libc_a-findfp.o) (_fwalk_sglue)
C:/ST/STM32CubeIDE_1.16.1/STM32CubeIDE/plugins/com.st.stm32cube.ide.mcu.externaltools.gnu-tools-for-stm32.12.3.rel1.win32_1.0.200.202406191623/tools/bin/../lib/gcc/arm-none-eabi/12.3.1/../../../../arm-none-eabi/lib/thumb/v7e-m+fp/hard\libc_nano.a(libc_a-stdio.o)
                              C:/ST/STM32CubeIDE_1.16.1/STM32CubeIDE/plugins/com.st.stm32cube.ide.mcu.externaltools.gnu-tools-for-stm32.12.3.rel1.win32_1.0.200.202406191623/tools/bin/../lib/gcc/arm-none-eabi/12.3.1/../../../../arm-none-eabi/lib/thumb/v7e-m+fp/hard\libc_nano.a(libc_a-findfp.o) (__sread)
C:/ST/STM32CubeIDE_1.16.1/STM32CubeIDE/plugins/com.st.stm32cube.ide.mcu.externaltools.gnu-tools-for-stm32.12.3.rel1.win32_1.0.200.202406191623/tools/bin/../lib/gcc/arm-none-eabi/12.3.1/../../../../arm-none-eabi/lib/thumb/v7e-m+fp/hard\libc_nano.a(libc_a-memcmp.o)
                              ./Core/Src/driver_mpu6500.o (memcmp)
C:/ST/STM32CubeIDE_1.16.1/STM32CubeIDE/plugins/com.st.stm32cube.ide.mcu.externaltools.gnu-tools-for-stm32.12.3.rel1.win32_1.0.200.202406191623/tools/bin/../lib/gcc/arm-none-eabi/12.3.1/../../../../arm-none-eabi/lib/thumb/v7e-m+fp/hard\libc_nano.a(libc_a-memmove.o)
                              ./Core/Src/ibus.o (memmove)
C:/ST/STM32CubeIDE_1.16.1/STM32CubeIDE/plugins/com.st.stm32cube.ide.mcu.externaltools.gnu-tools-for-stm32.12.3.rel1.win32_1.0.200.202406191623/tools/bin/../lib/gcc/arm-none-eabi/12.3.1/../../../../arm-none-eabi/lib/thumb/v7e-m+fp/hard\libc_nano.a(libc_a-memset.o)
                              C:/ST/STM32CubeIDE_1.16.1/STM32CubeIDE/plugins/com.st.stm32cube.ide.mcu.externaltools.gnu-tools-for-stm32.12.3.rel1.win32_1.0.200.202406191623/tools/bin/../lib/gcc/arm-none-eabi/12.3.1/../../../../arm-none-eabi/lib/thumb/v7e-m+fp/hard/crt0.o (memset)
C:/ST/STM32CubeIDE_1.16.1/STM32CubeIDE/plugins/com.st.stm32cube.ide.mcu.externaltools.gnu-tools-for-stm32.12.3.rel1.win32_1.0.200.202406191623/tools/bin/../lib/gcc/arm-none-eabi/12.3.1/../../../../arm-none-eabi/lib/thumb/v7e-m+fp/hard\libc_nano.a(libc_a-strncpy.o)
                              ./Core/Src/driver_mpu6500.o (strncpy)
C:/ST/STM32CubeIDE_1.16.1/STM32CubeIDE/plugins/com.st.stm32cube.ide.mcu.externaltools.gnu-tools-for-stm32.12.3.rel1.win32_1.0.200.202406191623/tools/bin/../lib/gcc/arm-none-eabi/12.3.1/../../../../arm-none-eabi/lib/thumb/v7e-m+fp/hard\libc_nano.a(libc_a-closer.o)
                              C:/ST/STM32CubeIDE_1.16.1/STM32CubeIDE/plugins/com.st.stm32cube.ide.mcu.externaltools.gnu-tools-for-stm32.12.3.rel1.win32_1.0.200.202406191623/tools/bin/../lib/gcc/arm-none-eabi/12.3.1/../../../../arm-none-eabi/lib/thumb/v7e-m+fp/hard\libc_nano.a(libc_a-stdio.o) (_close_r)
C:/ST/STM32CubeIDE_1.16.1/STM32CubeIDE/plugins/com.st.stm32cube.ide.mcu.externaltools.gnu-tools-for-stm32.12.3.rel1.win32_1.0.200.202406191623/tools/bin/../lib/gcc/arm-none-eabi/12.3.1/../../../../arm-none-eabi/lib/thumb/v7e-m+fp/hard\libc_nano.a(libc_a-reent.o)
                              C:/ST/STM32CubeIDE_1.16.1/STM32CubeIDE/plugins/com.st.stm32cube.ide.mcu.externaltools.gnu-tools-for-stm32.12.3.rel1.win32_1.0.200.202406191623/tools/bin/../lib/gcc/arm-none-eabi/12.3.1/../../../../arm-none-eabi/lib/thumb/v7e-m+fp/hard\libc_nano.a(libc_a-closer.o) (errno)
[...]
Memory Configuration

Name             Origin             Length             Attributes
RAM              0x20000000         0x00040000         xrw
FLASH            0x08000000         0x00080000         xr
*default*        0x00000000         0xffffffff

Linker script and memory map

LOAD C:/ST/STM32CubeIDE_1.16.1/STM32CubeIDE/plugins/com.st.stm32cube.ide.mcu.externaltools.gnu-tools-for-stm32.12.3.rel1.win32_1.0.200.202406191623/tools/bin/../lib/gcc/arm-none-eabi/12.3.1/thumb/v7e-m+fp/hard/crti.o
LOAD C:/ST/STM32CubeIDE_1.16.1/STM32CubeIDE/plugins/com.st.stm32cube.ide.mcu.externaltools.gnu-tools-for-stm32.12.3.rel1.win32_1.0.200.202406191623/tools/bin/../lib/gcc/arm-none-eabi/12.3.1/thumb/v7e-m+fp/hard/crtbegin.o
LOAD C:/ST/STM32CubeIDE_1.16.1/STM32CubeIDE/plugins/com.st.stm32cube.ide.mcu.externaltools.gnu-tools-for-stm32.12.3.rel1.win32_1.0.200.202406191623/tools/bin/../lib/gcc/arm-none-eabi/12.3.1/../../../../arm-none-eabi/lib/thumb/v7e-m+fp/hard/crt0.o
LOAD ./Core/Src/dma.o
LOAD ./Core/Src/driver_mpu6500.o
LOAD ./Core/Src/driver_mpu6500_basic.o
LOAD ./Core/Src/driver_mpu6500_fifo.o
LOAD ./Core/Src/gpio.o
LOAD ./Core/Src/i2c.o
LOAD ./Core/Src/ibus.o
LOAD ./Core/Src/main.o
LOAD ./Core/Src/pid.o
LOAD ./Core/Src/spi.o
LOAD ./Core/Src/stm32f7xx_hal_msp.o
LOAD ./Core/Src/stm32f7xx_it.o
LOAD ./Core/Src/syscalls.o
LOAD ./Core/Src/sysmem.o
LOAD ./Core/Src/system_stm32f7xx.o
LOAD ./Core/Src/tim.o
LOAD ./Core/Src/usart.o
LOAD ./Core/Startup/startup_stm32f722retx.o
LOAD ./Core/interface/driver_mpu6500_interface.o
LOAD ./Drivers/BSP/Components/lps22hb/lps22hb.o
LOAD ./Drivers/BSP/Components/lps22hb/lps22hb_reg.o
LOAD ./Drivers/STM32F7xx_HAL_Driver/Src/stm32f7xx_hal.o
LOAD ./Drivers/STM32F7xx_HAL_Driver/Src/stm32f7xx_hal_cortex.o
LOAD ./Drivers/STM32F7xx_HAL_Driver/Src/stm32f7xx_hal_dma.o
LOAD ./Drivers/STM32F7xx_HAL_Driver/Src/stm32f7xx_hal_dma_ex.o
LOAD ./Drivers/STM32F7xx_HAL_Driver/Src/stm32f7xx_hal_exti.o
LOAD ./Drivers/STM32F7xx_HAL_Driver/Src/stm32f7xx_hal_flash.o
LOAD ./Drivers/STM32F7xx_HAL_Driver/Src/stm32f7xx_hal_flash_ex.o
LOAD ./Drivers/STM32F7xx_HAL_Driver/Src/stm32f7xx_hal_gpio.o
LOAD ./Drivers/STM32F7xx_HAL_Driver/Src/stm32f7xx_hal_i2c.o
LOAD ./Drivers/STM32F7xx_HAL_Driver/Src/stm32f7xx_hal_i2c_ex.o
LOAD ./Drivers/STM32F7xx_HAL_Driver/Src/stm32f7xx_hal_pwr.o
LOAD ./Drivers/STM32F7xx_HAL_Driver/Src/stm32f7xx_hal_pwr_ex.o
LOAD ./Drivers/STM32F7xx_HAL_Driver/Src/stm32f7xx_hal_rcc.o
LOAD ./Drivers/STM32F7xx_HAL_Driver/Src/stm32f7xx_hal_rcc_ex.o
LOAD ./Drivers/STM32F7xx_HAL_Driver/Src/stm32f7xx_hal_spi.o
LOAD ./Drivers/STM32F7xx_HAL_Driver/Src/stm32f7xx_hal_spi_ex.o
LOAD ./Drivers/STM32F7xx_HAL_Driver/Src/stm32f7xx_hal_tim.o
LOAD ./Drivers/STM32F7xx_HAL_Driver/Src/stm32f7xx_hal_tim_ex.o
LOAD ./Drivers/STM32F7xx_HAL_Driver/Src/stm32f7xx_hal_uart.o
LOAD ./Drivers/STM32F7xx_HAL_Driver/Src/stm32f7xx_hal_uart_ex.o
START GROUP
LOAD C:/ST/STM32CubeIDE_1.16.1/STM32CubeIDE/plugins/com.st.stm32cube.ide.mcu.externaltools.gnu-tools-for-stm32.12.3.rel1.win32_1.0.200.202406191623/tools/bin/../lib/gcc/arm-none-eabi/12.3.1/../../../../arm-none-eabi/lib/thumb/v7e-m+fp/hard\libc_nano.a
LOAD C:/ST/STM32CubeIDE_1.16.1/STM32CubeIDE/plugins/com.st.stm32cube.ide.mcu.externaltools.gnu-tools-for-stm32.12.3.rel1.win32_1.0.200.202406191623/tools/bin/../lib/gcc/arm-none-eabi/12.3.1/../../../../arm-none-eabi/lib/thumb/v7e-m+fp/hard\libm.a
END GROUP
START GROUP
LOAD C:/ST/STM32CubeIDE_1.16.1/STM32CubeIDE/plugins/com.st.stm32cube.ide.mcu.externaltools.gnu-tools-for-stm32.12.3.rel1.win32_1.0.200.202406191623/tools/bin/../lib/gcc/arm-none-eabi/12.3.1/thumb/v7e-m+fp/hard\libgcc.a
LOAD C:/ST/STM32CubeIDE_1.16.1/STM32CubeIDE/plugins/com.st.stm32cube.ide.mcu.externaltools.gnu-tools-for-stm32.12.3.rel1.win32_1.0.200.202406191623/tools/bin/../lib/gcc/arm-none-eabi/12.3.1/../../../../arm-none-eabi/lib/thumb/v7e-m+fp/hard\libc_nano.a
END GROUP
START GROUP
LOAD C:/ST/STM32CubeIDE_1.16.1/STM32CubeIDE/plugins/com.st.stm32cube.ide.mcu.externaltools.gnu-tools-for-stm32.12.3.rel1.win32_1.0.200.202406191623/tools/bin/../lib/gcc/arm-none-eabi/12.3.1/thumb/v7e-m+fp/hard\libgcc.a
LOAD C:/ST/STM32CubeIDE_1.16.1/STM32CubeIDE/plugins/com.st.stm32cube.ide.mcu.externaltools.gnu-tools-for-stm32.12.3.rel1.win32_1.0.200.202406191623/tools/bin/../lib/gcc/arm-none-eabi/12.3.1/../../../../arm-none-eabi/lib/thumb/v7e-m+fp/hard\libc_nano.a
LOAD C:/ST/STM32CubeIDE_1.16.1/STM32CubeIDE/plugins/com.st.stm32cube.ide.mcu.externaltools.gnu-tools-for-stm32.12.3.rel1.win32_1.0.200.202406191623/tools/bin/../lib/gcc/arm-none-eabi/12.3.1/../../../../arm-none-eabi/lib/thumb/v7e-m+fp/hard\libnosys.a
END GROUP
START GROUP
LOAD C:/ST/STM32CubeIDE_1.16.1/STM32CubeIDE/plugins/com.st.stm32cube.ide.mcu.externaltools.gnu-tools-for-stm32.12.3.rel1.win32_1.0.200.202406191623/tools/bin/../lib/gcc/arm-none-eabi/12.3.1/thumb/v7e-m+fp/hard\libgcc.a
LOAD C:/ST/STM32CubeIDE_1.16.1/STM32CubeIDE/plugins/com.st.stm32cube.ide.mcu.externaltools.gnu-tools-for-stm32.12.3.rel1.win32_1.0.200.202406191623/tools/bin/../lib/gcc/arm-none-eabi/12.3.1/../../../../arm-none-eabi/lib/thumb/v7e-m+fp/hard\libc_nano.a
LOAD C:/ST/STM32CubeIDE_1.16.1/STM32CubeIDE/plugins/com.st.stm32cube.ide.mcu.externaltools.gnu-tools-for-stm32.12.3.rel1.win32_1.0.200.202406191623/tools/bin/../lib/gcc/arm-none-eabi/12.3.1/../../../../arm-none-eabi/lib/thumb/v7e-m+fp/hard\libnosys.a
END GROUP
LOAD C:/ST/STM32CubeIDE_1.16.1/STM32CubeIDE/plugins/com.st.stm32cube.ide.mcu.externaltools.gnu-tools-for-stm32.12.3.rel1.win32_1.0.200.202406191623/tools/bin/../lib/gcc/arm-none-eabi/12.3.1/thumb/v7e-m+fp/hard/crtend.o
LOAD C:/ST/STM32CubeIDE_1.16.1/STM32CubeIDE/plugins/com.st.stm32cube.ide.mcu.externaltools.gnu-tools-for-stm32.12.3.rel1.win32_1.0.200.202406191623/tools/bin/../lib/gcc/arm-none-eabi/12.3.1/thumb/v7e-m+fp/hard/crtn.o
                0x20040000                        _estack = (ORIGIN (RAM) + LENGTH (RAM))
                0x00000200                        _Min_Heap_Size = 0x200
                0x00000400                        _Min_Stack_Size = 0x400

.isr_vector     0x08000000      0x1e0
                0x08000000                        . = ALIGN (0x4)
 *(.isr_vector)
 .isr_vector    0x08000000      0x1e0 ./Core/Startup/startup_stm32f722retx.o
                0x08000000                g_pfnVectors
                0x080001e0                        . = ALIGN (0x4)

.text           0x080001e0     0xcdec
                0x080001e0                        . = ALIGN (0x4)
 *(.text)
 .text          0x080001e0       0x40 C:/ST/STM32CubeIDE_1.16.1/STM32CubeIDE/plugins/com.st.stm32cube.ide.mcu.externaltools.gnu-tools-for-stm32.12.3.rel1.win32_1.0.200.202406191623/tools/bin/../lib/gcc/arm-none-eabi/12.3.1/thumb/v7e-m+fp/hard/crtbegin.o
 .text          0x08000220      0x378 C:/ST/STM32CubeIDE_1.16.1/STM32CubeIDE/plugins/com.st.stm32cube.ide.mcu.externaltools.gnu-tools-for-stm32.12.3.rel1.win32_1.0.200.202406191623/tools/bin/../lib/gcc/arm-none-eabi/12.3.1/thumb/v7e-m+fp/hard\libgcc.a(_arm_addsubdf3.o)
                0x08000220                __aeabi_drsub
                0x08000228                __aeabi_dsub
                0x08000228                __subdf3
                0x0800022c                __aeabi_dadd
                0x0800022c                __adddf3
                0x080004a4                __floatunsidf
                0x080004a4                __aeabi_ui2d
                0x080004c4                __floatsidf
                0x080004c4                __aeabi_i2d
                0x080004e8                __aeabi_f2d
                0x080004e8                __extendsfdf2
                0x0800052c                __floatundidf
                0x0800052c                __aeabi_ul2d
                0x0800053c                __floatdidf
                0x0800053c                __aeabi_l2d
 .text          0x08000598      0x424 C:/ST/STM32CubeIDE_1.16.1/STM32CubeIDE/plugins/com.st.stm32cube.ide.mcu.externaltools.gnu-tools-for-stm32.12.3.rel1.win32_1.0.200.202406191623/tools/bin/../lib/gcc/arm-none-eabi/12.3.1/thumb/v7e-m+fp/hard\libgcc.a(_arm_muldivdf3.o)
                0x08000598                __aeabi_dmul
                0x08000598                __muldf3
                0x080007ec                __divdf3
                0x080007ec                __aeabi_ddiv
 .text          0x080009bc       0xa0 C:/ST/STM32CubeIDE_1.16.1/STM32CubeIDE/plugins/com.st.stm32cube.ide.mcu.externaltools.gnu-tools-for-stm32.12.3.rel1.win32_1.0.200.202406191623/tools/bin/../lib/gcc/arm-none-eabi/12.3.1/thumb/v7e-m+fp/hard\libgcc.a(_arm_truncdfsf2.o)
                0x080009bc                __truncdfsf2
                0x080009bc                __aeabi_d2f
 .text          0x08000a5c      0x21c C:/ST/STM32CubeIDE_1.16.1/STM32CubeIDE/plugins/com.st.stm32cube.ide.mcu.externaltools.gnu-tools-for-stm32.12.3.rel1.win32_1.0.200.202406191623/tools/bin/../lib/gcc/arm-none-eabi/12.3.1/thumb/v7e-m+fp/hard\libgcc.a(_arm_addsubsf3.o)
                0x08000a5c                __aeabi_frsub
                0x08000a64                __subsf3
                0x08000a64                __aeabi_fsub
                0x08000a68                __aeabi_fadd
                0x08000a68                __addsf3
                0x08000bc8                __aeabi_ui2f
                0x08000bc8                __floatunsisf
                0x08000bd0                __aeabi_i2f
                0x08000bd0                __floatsisf
                0x08000bec                __aeabi_ul2f
                0x08000bec                __floatundisf
                0x08000bfc                __aeabi_l2f
                0x08000bfc                __floatdisf
 .text          0x08000c78       0x30 C:/ST/STM32CubeIDE_1.16.1/STM32CubeIDE/plugins/com.st.stm32cube.ide.mcu.externaltools.gnu-tools-for-stm32.12.3.rel1.win32_1.0.200.202406191623/tools/bin/../lib/gcc/arm-none-eabi/12.3.1/thumb/v7e-m+fp/hard\libgcc.a(_aeabi_uldivmod.o)
                0x08000c78                __aeabi_uldivmod
 .text          0x08000ca8      0x2bc C:/ST/STM32CubeIDE_1.16.1/STM32CubeIDE/plugins/com.st.stm32cube.ide.mcu.externaltools.gnu-tools-for-stm32.12.3.rel1.win32_1.0.200.202406191623/tools/bin/../lib/gcc/arm-none-eabi/12.3.1/thumb/v7e-m+fp/hard\libgcc.a(_udivmoddi4.o)
                0x08000ca8                __udivmoddi4
 .text          0x08000f64        0x4 C:/ST/STM32CubeIDE_1.16.1/STM32CubeIDE/plugins/com.st.stm32cube.ide.mcu.externaltools.gnu-tools-for-stm32.12.3.rel1.win32_1.0.200.202406191623/tools/bin/../lib/gcc/arm-none-eabi/12.3.1/thumb/v7e-m+fp/hard\libgcc.a(_dvmd_tls.o)
                0x08000f64                __aeabi_idiv0
                0x08000f64                __aeabi_ldiv0
 *(.text*)
 .text.MX_DMA_Init
                0x08000f68       0x3c ./Core/Src/dma.o
                0x08000f68                MX_DMA_Init
 .text.a_mpu6500_read
                0x08000fa4       0x62 ./Core/Src/driver_mpu6500.o
 .text.a_mpu6500_write
                0x08001006       0x62 ./Core/Src/driver_mpu6500.o
 .text.a_mpu6500_deinit
                0x08001068       0x40 ./Core/Src/driver_mpu6500.o
 .text.mpu6500_set_interface
                0x080010a8       0x2c ./Core/Src/driver_mpu6500.o
                0x080010a8                mpu6500_set_interface
 .text.mpu6500_set_addr_pin
                0x080010d4       0x2a ./Core/Src/driver_mpu6500.o
                0x080010d4                mpu6500_set_addr_pin
 *fill*         0x080010fe        0x2 
 .text.mpu6500_init
                0x08001100      0x258 ./Core/Src/driver_mpu6500.o
                0x08001100                mpu6500_init
 .text.mpu6500_deinit
                0x08001358       0x88 ./Core/Src/driver_mpu6500.o
                0x08001358                mpu6500_deinit
 .text.mpu6500_read
                0x080013e0      0xd1c ./Core/Src/driver_mpu6500.o
                0x080013e0                mpu6500_read
 .text.mpu6500_read_temperature
                0x080020fc       0x90 ./Core/Src/driver_mpu6500.o
                0x080020fc                mpu6500_read_temperature
 .text.mpu6500_set_fifo
                0x0800218c       0x9c ./Core/Src/driver_mpu6500.o
                0x0800218c                mpu6500_set_fifo
 .text.mpu6500_set_iic_master
                0x08002228       0x9c ./Core/Src/driver_mpu6500.o
                0x08002228                mpu6500_set_iic_master
 .text.mpu6500_set_disable_iic_slave
                0x080022c4       0x9c ./Core/Src/driver_mpu6500.o
                0x080022c4                mpu6500_set_disable_iic_slave
 .text.mpu6500_set_clock_source
                0x08002360       0x94 ./Core/Src/driver_mpu6500.o
                0x08002360                mpu6500_set_clock_source
 .text.mpu6500_set_ptat
                0x080023f4       0xa0 ./Core/Src/driver_mpu6500.o
                0x080023f4                mpu6500_set_ptat
 .text.mpu6500_set_cycle_wake_up
                0x08002494       0x9c ./Core/Src/driver_mpu6500.o
                0x08002494                mpu6500_set_cycle_wake_up
 .text.mpu6500_set_sleep
                0x08002530       0x9c ./Core/Src/driver_mpu6500.o
                0x08002530                mpu6500_set_sleep
 .text.mpu6500_set_gyro_standby
                0x080025cc       0x9c ./Core/Src/driver_mpu6500.o
                0x080025cc                mpu6500_set_gyro_standby
 .text.mpu6500_set_standby_mode
                0x08002668       0xb4 ./Core/Src/driver_mpu6500.o
                0x08002668                mpu6500_set_standby_mode
 .text.mpu6500_set_sample_rate_divider
                0x0800271c       0x54 ./Core/Src/driver_mpu6500.o
                0x0800271c                mpu6500_set_sample_rate_divider
 .text.mpu6500_set_extern_sync
                0x08002770       0x9c ./Core/Src/driver_mpu6500.o
                0x08002770                mpu6500_set_extern_sync
 .text.mpu6500_set_low_pass_filter
                0x0800280c       0x94 ./Core/Src/driver_mpu6500.o
                0x0800280c                mpu6500_set_low_pass_filter
 .text.mpu6500_set_fifo_mode
                0x080028a0       0x9c ./Core/Src/driver_mpu6500.o
                0x080028a0                mpu6500_set_fifo_mode
 .text.mpu6500_set_gyroscope_test
                0x0800293c       0xb4 ./Core/Src/driver_mpu6500.o
                0x0800293c                mpu6500_set_gyroscope_test
 .text.mpu6500_set_gyroscope_range
                0x080029f0       0x9c ./Core/Src/driver_mpu6500.o
                0x080029f0                mpu6500_set_gyroscope_range
 .text.mpu6500_set_gyroscope_choice
                0x08002a8c       0xa8 ./Core/Src/driver_mpu6500.o
                0x08002a8c                mpu6500_set_gyroscope_choice
 .text.mpu6500_set_accelerometer_test
                0x08002b34       0xb4 ./Core/Src/driver_mpu6500.o
                0x08002b34                mpu6500_set_accelerometer_test
 .text.mpu6500_set_accelerometer_range
                0x08002be8       0x9c ./Core/Src/driver_mpu6500.o
                0x08002be8                mpu6500_set_accelerometer_range
 .text.mpu6500_set_fifo_1024kb
                0x08002c84       0x90 ./Core/Src/driver_mpu6500.o
                0x08002c84                mpu6500_set_fifo_1024kb
 .text.mpu6500_set_accelerometer_choice
                0x08002d14       0xb0 ./Core/Src/driver_mpu6500.o
                0x08002d14                mpu6500_set_accelerometer_choice
 .text.mpu6500_set_accelerometer_low_pass_filter
                0x08002dc4       0x94 ./Core/Src/driver_mpu6500.o
                0x08002dc4                mpu6500_set_accelerometer_low_pass_filter
 .text.mpu6500_set_low_power_accel_output_rate
                0x08002e58       0x94 ./Core/Src/driver_mpu6500.o
                0x08002e58                mpu6500_set_low_power_accel_output_rate
 .text.mpu6500_set_wake_on_motion
                0x08002eec       0x9c ./Core/Src/driver_mpu6500.o
                0x08002eec                mpu6500_set_wake_on_motion
 .text.mpu6500_set_accel_compare_with_previous_sample
                0x08002f88       0x9c ./Core/Src/driver_mpu6500.o
                0x08002f88                mpu6500_set_accel_compare_with_previous_sample
 .text.mpu6500_set_fifo_enable
                0x08003024       0xb4 ./Core/Src/driver_mpu6500.o
                0x08003024                mpu6500_set_fifo_enable
 .text.mpu6500_set_interrupt_level
                0x080030d8       0x9c ./Core/Src/driver_mpu6500.o
                0x080030d8                mpu6500_set_interrupt_level
 .text.mpu6500_set_interrupt_pin_type
                0x08003174       0x9c ./Core/Src/driver_mpu6500.o
                0x08003174                mpu6500_set_interrupt_pin_type
 .text.mpu6500_set_interrupt_latch
                0x08003210       0xa0 ./Core/Src/driver_mpu6500.o
                0x08003210                mpu6500_set_interrupt_latch
 .text.mpu6500_set_interrupt_read_clear
                0x080032b0       0x9c ./Core/Src/driver_mpu6500.o
                0x080032b0                mpu6500_set_interrupt_read_clear
 .text.mpu6500_set_fsync_interrupt_level
                0x0800334c       0x9c ./Core/Src/driver_mpu6500.o
                0x0800334c                mpu6500_set_fsync_interrupt_level
 .text.mpu6500_set_fsync_interrupt
                0x080033e8       0x9c ./Core/Src/driver_mpu6500.o
                0x080033e8                mpu6500_set_fsync_interrupt
 .text.mpu6500_set_iic_bypass
                0x08003484       0x9c ./Core/Src/driver_mpu6500.o
                0x08003484                mpu6500_set_iic_bypass
 .text.mpu6500_set_interrupt
                0x08003520       0xb4 ./Core/Src/driver_mpu6500.o
                0x08003520                mpu6500_set_interrupt
 .text.mpu6500_basic_init
                0x080035d4      0x868 ./Core/Src/driver_mpu6500_basic.o
                0x080035d4                mpu6500_basic_init
 .text.mpu6500_basic_read_temperature
                0x08003e3c       0x30 ./Core/Src/driver_mpu6500_basic.o
                0x08003e3c                mpu6500_basic_read_temperature
 .text.mpu6500_basic_read
                0x08003e6c       0x74 ./Core/Src/driver_mpu6500_basic.o
                0x08003e6c                mpu6500_basic_read
 .text.mpu6500_basic_deinit
                0x08003ee0       0x20 ./Core/Src/driver_mpu6500_basic.o
                0x08003ee0                mpu6500_basic_deinit
 .text.MX_GPIO_Init
                0x08003f00      0x138 ./Core/Src/gpio.o
                0x08003f00                MX_GPIO_Init
 .text.MX_I2C1_Init
                0x08004038       0x80 ./Core/Src/i2c.o
                0x08004038                MX_I2C1_Init
 .text.HAL_I2C_MspInit
                0x080040b8       0xdc ./Core/Src/i2c.o
                0x080040b8                HAL_I2C_MspInit
 .text.SCB_InvalidateDCache_by_Addr
                0x08004194       0x58 ./Core/Src/ibus.o
 .text.ibus_init
                0x080041ec       0x1c ./Core/Src/ibus.o
                0x080041ec                ibus_init
 .text.ibus_uart_idle_callback
                0x08004208       0x98 ./Core/Src/ibus.o
                0x08004208                ibus_uart_idle_callback
 .text.ibus_read
                0x080042a0       0x40 ./Core/Src/ibus.o
                0x080042a0                ibus_read
 .text.ibus_reset_failsafe
                0x080042e0       0x18 ./Core/Src/ibus.o
                0x080042e0                ibus_reset_failsafe
 .text.ibus_process_bytes
                0x080042f8       0x58 ./Core/Src/ibus.o
 .text.ibus_try_parse_frame
                0x08004350       0xcc ./Core/Src/ibus.o
 .text.ibus_is_valid
                0x0800441c       0x30 ./Core/Src/ibus.o
 .text.ibus_checksum
                0x0800444c       0x60 ./Core/Src/ibus.o
 .text.ibus_update
                0x080044ac       0x5c ./Core/Src/ibus.o
 .text.yaw_command_from_radio
                0x08004508       0xa0 ./Core/Src/main.o
                0x08004508                yaw_command_from_radio
 .text.calculate_all_pid
                0x080045a8      0x1c0 ./Core/Src/main.o
                0x080045a8                calculate_all_pid
 .text.ESC_SetPulse_us
                0x08004768       0xc0 ./Core/Src/main.o
 .text.Servo_SetPulse_us
                0x08004828       0x5c ./Core/Src/main.o
 .text.get_delta_time
                0x08004884       0x64 ./Core/Src/main.o
                0x08004884                get_delta_time
 .text.update_orientation
                0x080048e8      0x2b0 ./Core/Src/main.o
                0x080048e8                update_orientation
 .text.arm_esc  0x08004b98       0x5c ./Core/Src/main.o
                0x08004b98                arm_esc
 .text.HAL_TIM_PeriodElapsedCallback
                0x08004bf4       0x2c ./Core/Src/main.o
                0x08004bf4                HAL_TIM_PeriodElapsedCallback
 .text.HAL_UART_RxCpltCallback
                0x08004c20       0x20 ./Core/Src/main.o
                0x08004c20                HAL_UART_RxCpltCallback
 .text.main     0x08004c40      0x318 ./Core/Src/main.o
                0x08004c40                main
 .text.SystemClock_Config
                0x08004f58       0xcc ./Core/Src/main.o
                0x08004f58                SystemClock_Config
 .text.MPU_Config
                0x08005024       0x58 ./Core/Src/main.o
 .text.Error_Handler
                0x0800507c        0xc ./Core/Src/main.o
                0x0800507c                Error_Handler
 .text.PID_init
                0x08005088       0x60 ./Core/Src/pid.o
                0x08005088                PID_init
 .text.PID_update
                0x080050e8      0x11c ./Core/Src/pid.o
                0x080050e8                PID_update
 .text.MX_SPI1_Init
                0x08005204       0x7c ./Core/Src/spi.o
                0x08005204                MX_SPI1_Init
 .text.MX_SPI2_Init
                0x08005280       0x7c ./Core/Src/spi.o
                0x08005280                MX_SPI2_Init
 .text.HAL_SPI_MspInit
                0x080052fc      0x138 ./Core/Src/spi.o
                0x080052fc                HAL_SPI_MspInit
 .text.HAL_MspInit
                0x08005434       0x48 ./Core/Src/stm32f7xx_hal_msp.o
                0x08005434                HAL_MspInit
 .text.NMI_Handler
                0x0800547c        0x8 ./Core/Src/stm32f7xx_it.o
                0x0800547c                NMI_Handler
 .text.HardFault_Handler
                0x08005484        0x8 ./Core/Src/stm32f7xx_it.o
                0x08005484                HardFault_Handler
 .text.MemManage_Handler
                0x0800548c        0x8 ./Core/Src/stm32f7xx_it.o
                0x0800548c                MemManage_Handler
 .text.BusFault_Handler
                0x08005494        0x8 ./Core/Src/stm32f7xx_it.o
                0x08005494                BusFault_Handler
 .text.UsageFault_Handler
                0x0800549c        0x8 ./Core/Src/stm32f7xx_it.o
                0x0800549c                UsageFault_Handler
 .text.SVC_Handler
                0x080054a4        0xe ./Core/Src/stm32f7xx_it.o
                0x080054a4                SVC_Handler
 .text.DebugMon_Handler
                0x080054b2        0xe ./Core/Src/stm32f7xx_it.o
                0x080054b2                DebugMon_Handler
 .text.PendSV_Handler
                0x080054c0        0xe ./Core/Src/stm32f7xx_it.o
                0x080054c0                PendSV_Handler
 .text.SysTick_Handler
                0x080054ce        0xc ./Core/Src/stm32f7xx_it.o
                0x080054ce                SysTick_Handler
 *fill*         0x080054da        0x2 
 .text.DMA1_Stream2_IRQHandler
                0x080054dc       0x14 ./Core/Src/stm32f7xx_it.o
                0x080054dc                DMA1_Stream2_IRQHandler
 .text.TIM1_BRK_TIM9_IRQHandler
                0x080054f0       0x14 ./Core/Src/stm32f7xx_it.o
                0x080054f0                TIM1_BRK_TIM9_IRQHandler
 .text.TIM1_UP_TIM10_IRQHandler
                0x08005504       0x14 ./Core/Src/stm32f7xx_it.o
                0x08005504                TIM1_UP_TIM10_IRQHandler
 .text.TIM1_TRG_COM_TIM11_IRQHandler
                0x08005518       0x14 ./Core/Src/stm32f7xx_it.o
                0x08005518                TIM1_TRG_COM_TIM11_IRQHandler
 .text.TIM1_CC_IRQHandler
                0x0800552c       0x14 ./Core/Src/stm32f7xx_it.o
                0x0800552c                TIM1_CC_IRQHandler
 .text.TIM2_IRQHandler
                0x08005540       0x14 ./Core/Src/stm32f7xx_it.o
                0x08005540                TIM2_IRQHandler
 .text.TIM3_IRQHandler
                0x08005554       0x14 ./Core/Src/stm32f7xx_it.o
                0x08005554                TIM3_IRQHandler
 .text.I2C1_EV_IRQHandler
                0x08005568       0x14 ./Core/Src/stm32f7xx_it.o
                0x08005568                I2C1_EV_IRQHandler
 .text.I2C1_ER_IRQHandler
                0x0800557c       0x14 ./Core/Src/stm32f7xx_it.o
                0x0800557c                I2C1_ER_IRQHandler
 .text.SPI1_IRQHandler
                0x08005590       0x14 ./Core/Src/stm32f7xx_it.o
                0x08005590                SPI1_IRQHandler
 .text.UART4_IRQHandler
                0x080055a4       0x24 ./Core/Src/stm32f7xx_it.o
                0x080055a4                UART4_IRQHandler
 .text.SystemInit
                0x080055c8       0x24 ./Core/Src/system_stm32f7xx.o
                0x080055c8                SystemInit
 .text.MX_TIM1_Init
                0x080055ec      0x154 ./Core/Src/tim.o
                0x080055ec                MX_TIM1_Init
 .text.MX_TIM2_Init
                0x08005740      0x104 ./Core/Src/tim.o
                0x08005740                MX_TIM2_Init
 .text.MX_TIM3_Init
                0x08005844      0x11c ./Core/Src/tim.o
                0x08005844                MX_TIM3_Init
 .text.MX_TIM5_Init
                0x08005960       0xf0 ./Core/Src/tim.o
                0x08005960                MX_TIM5_Init
 .text.MX_TIM12_Init
                0x08005a50       0xc4 ./Core/Src/tim.o
                0x08005a50                MX_TIM12_Init
 .text.HAL_TIM_Base_MspInit
                0x08005b14      0x138 ./Core/Src/tim.o
                0x08005b14                HAL_TIM_Base_MspInit
 .text.HAL_TIM_MspPostInit
                0x08005c4c      0x1c0 ./Core/Src/tim.o
                0x08005c4c                HAL_TIM_MspPostInit
 .text.MX_UART4_Init
                0x08005e0c       0x68 ./Core/Src/usart.o
                0x08005e0c                MX_UART4_Init
 .text.HAL_UART_MspInit
                0x08005e74      0x134 ./Core/Src/usart.o
                0x08005e74                HAL_UART_MspInit
 .text.Reset_Handler
                0x08005fa8       0x50 ./Core/Startup/startup_stm32f722retx.o
                0x08005fa8                Reset_Handler
 .text.Default_Handler
                0x08005ff8        0x2 ./Core/Startup/startup_stm32f722retx.o
                0x08005ff8                RTC_Alarm_IRQHandler
                0x08005ff8                EXTI2_IRQHandler
                0x08005ff8                TIM8_CC_IRQHandler
                0x08005ff8                UART8_IRQHandler
                0x08005ff8                SPI4_IRQHandler
                0x08005ff8                DMA2_Stream5_IRQHandler
                0x08005ff8                DMA1_Stream5_IRQHandler
                0x08005ff8                PVD_IRQHandler
                0x08005ff8                TAMP_STAMP_IRQHandler
                0x08005ff8                EXTI3_IRQHandler
                0x08005ff8                TIM8_TRG_COM_TIM14_IRQHandler
                0x08005ff8                TIM8_UP_TIM13_IRQHandler
                0x08005ff8                I2C3_ER_IRQHandler
                0x08005ff8                EXTI0_IRQHandler
                0x08005ff8                I2C2_EV_IRQHandler
                0x08005ff8                CAN1_RX0_IRQHandler
                0x08005ff8                FPU_IRQHandler
                0x08005ff8                OTG_HS_WKUP_IRQHandler
                0x08005ff8                DMA2_Stream2_IRQHandler
                0x08005ff8                TIM6_DAC_IRQHandler
                0x08005ff8                DMA2_Stream3_IRQHandler
                0x08005ff8                SAI2_IRQHandler
                0x08005ff8                USART6_IRQHandler
                0x08005ff8                USART3_IRQHandler
                0x08005ff8                CAN1_RX1_IRQHandler
                0x08005ff8                UART5_IRQHandler
                0x08005ff8                DMA2_Stream0_IRQHandler
                0x08005ff8                TIM4_IRQHandler
                0x08005ff8                QUADSPI_IRQHandler
                0x08005ff8                DMA1_Stream6_IRQHandler
                0x08005ff8                DMA1_Stream1_IRQHandler
                0x08005ff8                RCC_IRQHandler
                0x08005ff8                TIM8_BRK_TIM12_IRQHandler
                0x08005ff8                Default_Handler
                0x08005ff8                EXTI15_10_IRQHandler
                0x08005ff8                ADC_IRQHandler
                0x08005ff8                DMA1_Stream7_IRQHandler
                0x08005ff8                SPI5_IRQHandler
                0x08005ff8                TIM7_IRQHandler
                0x08005ff8                SDMMC1_IRQHandler
                0x08005ff8                TIM5_IRQHandler
                0x08005ff8                DMA2_Stream7_IRQHandler
                0x08005ff8                I2C3_EV_IRQHandler
                0x08005ff8                EXTI9_5_IRQHandler
                0x08005ff8                RTC_WKUP_IRQHandler
                0x08005ff8                SPI2_IRQHandler
                0x08005ff8                OTG_HS_EP1_IN_IRQHandler
                0x08005ff8                DMA1_Stream0_IRQHandler
                0x08005ff8                CAN1_TX_IRQHandler
                0x08005ff8                EXTI4_IRQHandler
                0x08005ff8                RNG_IRQHandler
                0x08005ff8                OTG_HS_EP1_OUT_IRQHandler
                0x08005ff8                WWDG_IRQHandler
                0x08005ff8                OTG_FS_WKUP_IRQHandler
                0x08005ff8                OTG_HS_IRQHandler
                0x08005ff8                EXTI1_IRQHandler
                0x08005ff8                SDMMC2_IRQHandler
                0x08005ff8                UART7_IRQHandler
                0x08005ff8                USART2_IRQHandler
                0x08005ff8                I2C2_ER_IRQHandler
                0x08005ff8                DMA2_Stream1_IRQHandler
                0x08005ff8                CAN1_SCE_IRQHandler
                0x08005ff8                FLASH_IRQHandler
                0x08005ff8                DMA2_Stream4_IRQHandler
                0x08005ff8                USART1_IRQHandler
                0x08005ff8                OTG_FS_IRQHandler
                0x08005ff8                SPI3_IRQHandler
                0x08005ff8                DMA1_Stream4_IRQHandler
                0x08005ff8                FMC_IRQHandler
                0x08005ff8                LPTIM1_IRQHandler
                0x08005ff8                DMA2_Stream6_IRQHandler
                0x08005ff8                SAI1_IRQHandler
                0x08005ff8                DMA1_Stream3_IRQHandler
 .text.mpu6500_interface_iic_init
                0x08005ffa       0x10 ./Core/interface/driver_mpu6500_interface.o
                0x08005ffa                mpu6500_interface_iic_init
 .text.mpu6500_interface_iic_deinit
                0x0800600a       0x10 ./Core/interface/driver_mpu6500_interface.o
                0x0800600a                mpu6500_interface_iic_deinit
 .text.mpu6500_interface_iic_read
                0x0800601a       0x24 ./Core/interface/driver_mpu6500_interface.o
                0x0800601a                mpu6500_interface_iic_read
 .text.mpu6500_interface_iic_write
                0x0800603e       0x24 ./Core/interface/driver_mpu6500_interface.o
                0x0800603e                mpu6500_interface_iic_write
 *fill*         0x08006062        0x2 
 .text.mpu6500_interface_spi_init
                0x08006064       0x40 ./Core/interface/driver_mpu6500_interface.o
                0x08006064                mpu6500_interface_spi_init
 .text.mpu6500_interface_spi_deinit
                0x080060a4       0x10 ./Core/interface/driver_mpu6500_interface.o
                0x080060a4                mpu6500_interface_spi_deinit
 .text.mpu6500_interface_spi_read
                0x080060b4       0x84 ./Core/interface/driver_mpu6500_interface.o
                0x080060b4                mpu6500_interface_spi_read
 .text.mpu6500_interface_spi_write
                0x08006138       0x84 ./Core/interface/driver_mpu6500_interface.o
                0x08006138                mpu6500_interface_spi_write
 .text.mpu6500_interface_delay_ms
                0x080061bc       0x16 ./Core/interface/driver_mpu6500_interface.o
                0x080061bc                mpu6500_interface_delay_ms
 .text.mpu6500_interface_debug_print
                0x080061d2       0x12 ./Core/interface/driver_mpu6500_interface.o
                0x080061d2                mpu6500_interface_debug_print
 .text.mpu6500_interface_receive_callback
                0x080061e4       0x84 ./Core/interface/driver_mpu6500_interface.o
                0x080061e4                mpu6500_interface_receive_callback
 .text.HAL_Init
                0x08006268       0x1a ./Drivers/STM32F7xx_HAL_Driver/Src/stm32f7xx_hal.o
                0x08006268                HAL_Init
 *fill*         0x08006282        0x2 
 .text.HAL_InitTick
                0x08006284       0x60 ./Drivers/STM32F7xx_HAL_Driver/Src/stm32f7xx_hal.o
                0x08006284                HAL_InitTick
 .text.HAL_IncTick
                0x080062e4       0x28 ./Drivers/STM32F7xx_HAL_Driver/Src/stm32f7xx_hal.o
                0x080062e4                HAL_IncTick
 .text.HAL_GetTick
                0x0800630c       0x18 ./Drivers/STM32F7xx_HAL_Driver/Src/stm32f7xx_hal.o
                0x0800630c                HAL_GetTick
 .text.HAL_Delay
                0x08006324       0x48 ./Drivers/STM32F7xx_HAL_Driver/Src/stm32f7xx_hal.o
                0x08006324                HAL_Delay
 .text.__NVIC_SetPriorityGrouping
                0x0800636c       0x48 ./Drivers/STM32F7xx_HAL_Driver/Src/stm32f7xx_hal_cortex.o
 .text.__NVIC_GetPriorityGrouping
                0x080063b4       0x1c ./Drivers/STM32F7xx_HAL_Driver/Src/stm32f7xx_hal_cortex.o
 .text.__NVIC_EnableIRQ
                0x080063d0       0x3c ./Drivers/STM32F7xx_HAL_Driver/Src/stm32f7xx_hal_cortex.o
 .text.__NVIC_SetPriority
                0x0800640c       0x54 ./Drivers/STM32F7xx_HAL_Driver/Src/stm32f7xx_hal_cortex.o
 .text.NVIC_EncodePriority
                0x08006460       0x66 ./Drivers/STM32F7xx_HAL_Driver/Src/stm32f7xx_hal_cortex.o
 *fill*         0x080064c6        0x2 
 .text.SysTick_Config
                0x080064c8       0x44 ./Drivers/STM32F7xx_HAL_Driver/Src/stm32f7xx_hal_cortex.o
 .text.HAL_NVIC_SetPriorityGrouping
                0x0800650c       0x16 ./Drivers/STM32F7xx_HAL_Driver/Src/stm32f7xx_hal_cortex.o
                0x0800650c                HAL_NVIC_SetPriorityGrouping
 .text.HAL_NVIC_SetPriority
                0x08006522       0x38 ./Drivers/STM32F7xx_HAL_Driver/Src/stm32f7xx_hal_cortex.o
                0x08006522                HAL_NVIC_SetPriority
 .text.HAL_NVIC_EnableIRQ
                0x0800655a       0x1c ./Drivers/STM32F7xx_HAL_Driver/Src/stm32f7xx_hal_cortex.o
                0x0800655a                HAL_NVIC_EnableIRQ
 .text.HAL_SYSTICK_Config
                0x08006576       0x18 ./Drivers/STM32F7xx_HAL_Driver/Src/stm32f7xx_hal_cortex.o
                0x08006576                HAL_SYSTICK_Config
 *fill*         0x0800658e        0x2 
 .text.HAL_MPU_Disable
                0x08006590       0x30 ./Drivers/STM32F7xx_HAL_Driver/Src/stm32f7xx_hal_cortex.o
                0x08006590                HAL_MPU_Disable
 .text.HAL_MPU_Enable
                0x080065c0       0x40 ./Drivers/STM32F7xx_HAL_Driver/Src/stm32f7xx_hal_cortex.o
                0x080065c0                HAL_MPU_Enable
 .text.HAL_MPU_ConfigRegion
                0x08006600       0x80 ./Drivers/STM32F7xx_HAL_Driver/Src/stm32f7xx_hal_cortex.o
                0x08006600                HAL_MPU_ConfigRegion
 .text.HAL_DMA_Init
                0x08006680      0x15c ./Drivers/STM32F7xx_HAL_Driver/Src/stm32f7xx_hal_dma.o
                0x08006680                HAL_DMA_Init
 .text.HAL_DMA_Start_IT
                0x080067dc       0xc0 ./Drivers/STM32F7xx_HAL_Driver/Src/stm32f7xx_hal_dma.o
                0x080067dc                HAL_DMA_Start_IT
 .text.HAL_DMA_Abort
                0x0800689c       0xe0 ./Drivers/STM32F7xx_HAL_Driver/Src/stm32f7xx_hal_dma.o
                0x0800689c                HAL_DMA_Abort
 .text.HAL_DMA_Abort_IT
                0x0800697c       0x44 ./Drivers/STM32F7xx_HAL_Driver/Src/stm32f7xx_hal_dma.o
                0x0800697c                HAL_DMA_Abort_IT
 .text.HAL_DMA_IRQHandler
                0x080069c0      0x314 ./Drivers/STM32F7xx_HAL_Driver/Src/stm32f7xx_hal_dma.o
                0x080069c0                HAL_DMA_IRQHandler
 .text.HAL_DMA_GetState
                0x08006cd4       0x1c ./Drivers/STM32F7xx_HAL_Driver/Src/stm32f7xx_hal_dma.o
                0x08006cd4                HAL_DMA_GetState
 .text.DMA_SetConfig
                0x08006cf0       0x5c ./Drivers/STM32F7xx_HAL_Driver/Src/stm32f7xx_hal_dma.o
 .text.DMA_CalcBaseAndBitshift
                0x08006d4c       0x6c ./Drivers/STM32F7xx_HAL_Driver/Src/stm32f7xx_hal_dma.o
 .text.DMA_CheckFifoParam
                0x08006db8       0xf8 ./Drivers/STM32F7xx_HAL_Driver/Src/stm32f7xx_hal_dma.o
 .text.HAL_GPIO_Init
                0x08006eb0      0x338 ./Drivers/STM32F7xx_HAL_Driver/Src/stm32f7xx_hal_gpio.o
                0x08006eb0                HAL_GPIO_Init
 .text.HAL_GPIO_WritePin
                0x080071e8       0x32 ./Drivers/STM32F7xx_HAL_Driver/Src/stm32f7xx_hal_gpio.o
                0x080071e8                HAL_GPIO_WritePin
 *fill*         0x0800721a        0x2 
 .text.HAL_I2C_Init
                0x0800721c      0x138 ./Drivers/STM32F7xx_HAL_Driver/Src/stm32f7xx_hal_i2c.o
                0x0800721c                HAL_I2C_Init
 .text.HAL_I2C_EV_IRQHandler
                0x08007354       0x34 ./Drivers/STM32F7xx_HAL_Driver/Src/stm32f7xx_hal_i2c.o
                0x08007354                HAL_I2C_EV_IRQHandler
 .text.HAL_I2C_ER_IRQHandler
                0x08007388       0xb6 ./Drivers/STM32F7xx_HAL_Driver/Src/stm32f7xx_hal_i2c.o
                0x08007388                HAL_I2C_ER_IRQHandler
 .text.HAL_I2C_SlaveTxCpltCallback
                0x0800743e       0x14 ./Drivers/STM32F7xx_HAL_Driver/Src/stm32f7xx_hal_i2c.o
                0x0800743e                HAL_I2C_SlaveTxCpltCallback
 .text.HAL_I2C_SlaveRxCpltCallback
                0x08007452       0x14 ./Drivers/STM32F7xx_HAL_Driver/Src/stm32f7xx_hal_i2c.o
                0x08007452                HAL_I2C_SlaveRxCpltCallback
 .text.HAL_I2C_AddrCallback
                0x08007466       0x1c ./Drivers/STM32F7xx_HAL_Driver/Src/stm32f7xx_hal_i2c.o
                0x08007466                HAL_I2C_AddrCallback
 .text.HAL_I2C_ListenCpltCallback
                0x08007482       0x14 ./Drivers/STM32F7xx_HAL_Driver/Src/stm32f7xx_hal_i2c.o
                0x08007482                HAL_I2C_ListenCpltCallback
 .text.HAL_I2C_ErrorCallback
                0x08007496       0x14 ./Drivers/STM32F7xx_HAL_Driver/Src/stm32f7xx_hal_i2c.o
                0x08007496                HAL_I2C_ErrorCallback
 .text.HAL_I2C_AbortCpltCallback
                0x080074aa       0x14 ./Drivers/STM32F7xx_HAL_Driver/Src/stm32f7xx_hal_i2c.o
                0x080074aa                HAL_I2C_AbortCpltCallback
 .text.I2C_Slave_ISR_IT
                0x080074be      0x1f2 ./Drivers/STM32F7xx_HAL_Driver/Src/stm32f7xx_hal_i2c.o
 .text.I2C_ITAddrCplt
                0x080076b0      0x108 ./Drivers/STM32F7xx_HAL_Driver/Src/stm32f7xx_hal_i2c.o
 .text.I2C_ITSlaveSeqCplt
                0x080077b8       0xb8 ./Drivers/STM32F7xx_HAL_Driver/Src/stm32f7xx_hal_i2c.o
 .text.I2C_ITSlaveCplt
                0x08007870      0x2c8 ./Drivers/STM32F7xx_HAL_Driver/Src/stm32f7xx_hal_i2c.o
 .text.I2C_ITListenCplt
                0x08007b38       0xa8 ./Drivers/STM32F7xx_HAL_Driver/Src/stm32f7xx_hal_i2c.o
 .text.I2C_ITError
                0x08007be0      0x1e0 ./Drivers/STM32F7xx_HAL_Driver/Src/stm32f7xx_hal_i2c.o
 .text.I2C_TreatErrorCallback
                0x08007dc0       0x4e ./Drivers/STM32F7xx_HAL_Driver/Src/stm32f7xx_hal_i2c.o
 .text.I2C_Flush_TXDR
                0x08007e0e       0x48 ./Drivers/STM32F7xx_HAL_Driver/Src/stm32f7xx_hal_i2c.o
 .text.I2C_DMAAbort
                0x08007e56       0x3c ./Drivers/STM32F7xx_HAL_Driver/Src/stm32f7xx_hal_i2c.o
 .text.I2C_Disable_IRQ
                0x08007e92       0xbc ./Drivers/STM32F7xx_HAL_Driver/Src/stm32f7xx_hal_i2c.o
 .text.HAL_I2CEx_ConfigAnalogFilter
                0x08007f4e       0x96 ./Drivers/STM32F7xx_HAL_Driver/Src/stm32f7xx_hal_i2c_ex.o
                0x08007f4e                HAL_I2CEx_ConfigAnalogFilter
 .text.HAL_I2CEx_ConfigDigitalFilter
                0x08007fe4       0x98 ./Drivers/STM32F7xx_HAL_Driver/Src/stm32f7xx_hal_i2c_ex.o
                0x08007fe4                HAL_I2CEx_ConfigDigitalFilter
 .text.HAL_RCC_OscConfig
                0x0800807c      0x548 ./Drivers/STM32F7xx_HAL_Driver/Src/stm32f7xx_hal_rcc.o
                0x0800807c                HAL_RCC_OscConfig
 .text.HAL_RCC_ClockConfig
                0x080085c4      0x1d8 ./Drivers/STM32F7xx_HAL_Driver/Src/stm32f7xx_hal_rcc.o
                0x080085c4                HAL_RCC_ClockConfig
 .text.HAL_RCC_GetSysClockFreq
                0x0800879c      0x208 ./Drivers/STM32F7xx_HAL_Driver/Src/stm32f7xx_hal_rcc.o
                0x0800879c                HAL_RCC_GetSysClockFreq
 .text.HAL_RCC_GetHCLKFreq
                0x080089a4       0x18 ./Drivers/STM32F7xx_HAL_Driver/Src/stm32f7xx_hal_rcc.o
                0x080089a4                HAL_RCC_GetHCLKFreq
 .text.HAL_RCC_GetPCLK1Freq
                0x080089bc       0x28 ./Drivers/STM32F7xx_HAL_Driver/Src/stm32f7xx_hal_rcc.o
                0x080089bc                HAL_RCC_GetPCLK1Freq
 .text.HAL_RCC_GetPCLK2Freq
                0x080089e4       0x28 ./Drivers/STM32F7xx_HAL_Driver/Src/stm32f7xx_hal_rcc.o
                0x080089e4                HAL_RCC_GetPCLK2Freq
 .text.HAL_RCCEx_PeriphCLKConfig
                0x08008a0c      0x694 ./Drivers/STM32F7xx_HAL_Driver/Src/stm32f7xx_hal_rcc_ex.o
                0x08008a0c                HAL_RCCEx_PeriphCLKConfig
 .text.HAL_SPI_Init
                0x080090a0      0x156 ./Drivers/STM32F7xx_HAL_Driver/Src/stm32f7xx_hal_spi.o
                0x080090a0                HAL_SPI_Init
 .text.HAL_SPI_Transmit
                0x080091f6      0x2ec ./Drivers/STM32F7xx_HAL_Driver/Src/stm32f7xx_hal_spi.o
                0x080091f6                HAL_SPI_Transmit
 .text.HAL_SPI_Receive
                0x080094e2      0x270 ./Drivers/STM32F7xx_HAL_Driver/Src/stm32f7xx_hal_spi.o
                0x080094e2                HAL_SPI_Receive
 .text.HAL_SPI_TransmitReceive
                0x08009752      0x43e ./Drivers/STM32F7xx_HAL_Driver/Src/stm32f7xx_hal_spi.o
                0x08009752                HAL_SPI_TransmitReceive
 .text.HAL_SPI_IRQHandler
                0x08009b90      0x1e8 ./Drivers/STM32F7xx_HAL_Driver/Src/stm32f7xx_hal_spi.o
                0x08009b90                HAL_SPI_IRQHandler
 .text.HAL_SPI_ErrorCallback
                0x08009d78       0x14 ./Drivers/STM32F7xx_HAL_Driver/Src/stm32f7xx_hal_spi.o
                0x08009d78                HAL_SPI_ErrorCallback
 .text.HAL_SPI_GetState
                0x08009d8c       0x1c ./Drivers/STM32F7xx_HAL_Driver/Src/stm32f7xx_hal_spi.o
                0x08009d8c                HAL_SPI_GetState
 .text.SPI_DMAAbortOnError
                0x08009da8       0x2a ./Drivers/STM32F7xx_HAL_Driver/Src/stm32f7xx_hal_spi.o
 *fill*         0x08009dd2        0x2 
 .text.SPI_WaitFlagStateUntilTimeout
                0x08009dd4      0x110 ./Drivers/STM32F7xx_HAL_Driver/Src/stm32f7xx_hal_spi.o
 .text.SPI_WaitFifoStateUntilTimeout
                0x08009ee4      0x12c ./Drivers/STM32F7xx_HAL_Driver/Src/stm32f7xx_hal_spi.o
 .text.SPI_EndRxTransaction
                0x0800a010       0xf8 ./Drivers/STM32F7xx_HAL_Driver/Src/stm32f7xx_hal_spi.o
 .text.SPI_EndRxTxTransaction
                0x0800a108       0xd4 ./Drivers/STM32F7xx_HAL_Driver/Src/stm32f7xx_hal_spi.o
 .text.HAL_TIM_Base_Init
                0x0800a1dc       0xae ./Drivers/STM32F7xx_HAL_Driver/Src/stm32f7xx_hal_tim.o
                0x0800a1dc                HAL_TIM_Base_Init
 *fill*         0x0800a28a        0x2 
 .text.HAL_TIM_Base_Start_IT
                0x0800a28c       0xf0 ./Drivers/STM32F7xx_HAL_Driver/Src/stm32f7xx_hal_tim.o
                0x0800a28c                HAL_TIM_Base_Start_IT
 .text.HAL_TIM_OC_Init
                0x0800a37c       0xae ./Drivers/STM32F7xx_HAL_Driver/Src/stm32f7xx_hal_tim.o
                0x0800a37c                HAL_TIM_OC_Init
 .text.HAL_TIM_OC_MspInit
                0x0800a42a       0x14 ./Drivers/STM32F7xx_HAL_Driver/Src/stm32f7xx_hal_tim.o
                0x0800a42a                HAL_TIM_OC_MspInit
 .text.HAL_TIM_PWM_Init
                0x0800a43e       0xae ./Drivers/STM32F7xx_HAL_Driver/Src/stm32f7xx_hal_tim.o
                0x0800a43e                HAL_TIM_PWM_Init
 .text.HAL_TIM_PWM_MspInit
                0x0800a4ec       0x14 ./Drivers/STM32F7xx_HAL_Driver/Src/stm32f7xx_hal_tim.o
                0x0800a4ec                HAL_TIM_PWM_MspInit
 .text.HAL_TIM_PWM_Start
                0x0800a500      0x1f4 ./Drivers/STM32F7xx_HAL_Driver/Src/stm32f7xx_hal_tim.o
                0x0800a500                HAL_TIM_PWM_Start
 .text.HAL_TIM_IRQHandler
                0x0800a6f4      0x20e ./Drivers/STM32F7xx_HAL_Driver/Src/stm32f7xx_hal_tim.o
                0x0800a6f4                HAL_TIM_IRQHandler
 *fill*         0x0800a902        0x2 
 .text.HAL_TIM_OC_ConfigChannel
                0x0800a904       0xf4 ./Drivers/STM32F7xx_HAL_Driver/Src/stm32f7xx_hal_tim.o
                0x0800a904                HAL_TIM_OC_ConfigChannel
 .text.HAL_TIM_PWM_ConfigChannel
                0x0800a9f8      0x228 ./Drivers/STM32F7xx_HAL_Driver/Src/stm32f7xx_hal_tim.o
                0x0800a9f8                HAL_TIM_PWM_ConfigChannel
 .text.HAL_TIM_ConfigClockSource
                0x0800ac20      0x194 ./Drivers/STM32F7xx_HAL_Driver/Src/stm32f7xx_hal_tim.o
                0x0800ac20                HAL_TIM_ConfigClockSource
 .text.HAL_TIM_OC_DelayElapsedCallback
                0x0800adb4       0x14 ./Drivers/STM32F7xx_HAL_Driver/Src/stm32f7xx_hal_tim.o
                0x0800adb4                HAL_TIM_OC_DelayElapsedCallback
 .text.HAL_TIM_IC_CaptureCallback
                0x0800adc8       0x14 ./Drivers/STM32F7xx_HAL_Driver/Src/stm32f7xx_hal_tim.o
                0x0800adc8                HAL_TIM_IC_CaptureCallback
 .text.HAL_TIM_PWM_PulseFinishedCallback
                0x0800addc       0x14 ./Drivers/STM32F7xx_HAL_Driver/Src/stm32f7xx_hal_tim.o
                0x0800addc                HAL_TIM_PWM_PulseFinishedCallback
 .text.HAL_TIM_TriggerCallback
                0x0800adf0       0x14 ./Drivers/STM32F7xx_HAL_Driver/Src/stm32f7xx_hal_tim.o
                0x0800adf0                HAL_TIM_TriggerCallback
 .text.TIM_Base_SetConfig
                0x0800ae04      0x14c ./Drivers/STM32F7xx_HAL_Driver/Src/stm32f7xx_hal_tim.o
                0x0800ae04                TIM_Base_SetConfig
 .text.TIM_OC1_SetConfig
                0x0800af50       0xe4 ./Drivers/STM32F7xx_HAL_Driver/Src/stm32f7xx_hal_tim.o
 .text.TIM_OC2_SetConfig
                0x0800b034       0xf0 ./Drivers/STM32F7xx_HAL_Driver/Src/stm32f7xx_hal_tim.o
                0x0800b034                TIM_OC2_SetConfig
 .text.TIM_OC3_SetConfig
                0x0800b124       0xec ./Drivers/STM32F7xx_HAL_Driver/Src/stm32f7xx_hal_tim.o
 .text.TIM_OC4_SetConfig
                0x0800b210       0xb0 ./Drivers/STM32F7xx_HAL_Driver/Src/stm32f7xx_hal_tim.o
 .text.TIM_OC5_SetConfig
                0x0800b2c0       0xa4 ./Drivers/STM32F7xx_HAL_Driver/Src/stm32f7xx_hal_tim.o
 .text.TIM_OC6_SetConfig
                0x0800b364       0xa8 ./Drivers/STM32F7xx_HAL_Driver/Src/stm32f7xx_hal_tim.o
 .text.TIM_TI1_ConfigInputStage
                0x0800b40c       0x5e ./Drivers/STM32F7xx_HAL_Driver/Src/stm32f7xx_hal_tim.o
 .text.TIM_TI2_ConfigInputStage
                0x0800b46a       0x60 ./Drivers/STM32F7xx_HAL_Driver/Src/stm32f7xx_hal_tim.o
 .text.TIM_ITRx_SetConfig
                0x0800b4ca       0x36 ./Drivers/STM32F7xx_HAL_Driver/Src/stm32f7xx_hal_tim.o
 .text.TIM_ETR_SetConfig
                0x0800b500       0x40 ./Drivers/STM32F7xx_HAL_Driver/Src/stm32f7xx_hal_tim.o
                0x0800b500                TIM_ETR_SetConfig
 .text.TIM_CCxChannelCmd
                0x0800b540       0x4a ./Drivers/STM32F7xx_HAL_Driver/Src/stm32f7xx_hal_tim.o
                0x0800b540                TIM_CCxChannelCmd
 *fill*         0x0800b58a        0x2 
 .text.HAL_TIMEx_MasterConfigSynchronization
                0x0800b58c      0x11c ./Drivers/STM32F7xx_HAL_Driver/Src/stm32f7xx_hal_tim_ex.o
                0x0800b58c                HAL_TIMEx_MasterConfigSynchronization
 .text.HAL_TIMEx_ConfigBreakDeadTime
                0x0800b6a8       0xfc ./Drivers/STM32F7xx_HAL_Driver/Src/stm32f7xx_hal_tim_ex.o
                0x0800b6a8                HAL_TIMEx_ConfigBreakDeadTime
 .text.HAL_TIMEx_CommutCallback
                0x0800b7a4       0x14 ./Drivers/STM32F7xx_HAL_Driver/Src/stm32f7xx_hal_tim_ex.o
                0x0800b7a4                HAL_TIMEx_CommutCallback
 .text.HAL_TIMEx_BreakCallback
                0x0800b7b8       0x14 ./Drivers/STM32F7xx_HAL_Driver/Src/stm32f7xx_hal_tim_ex.o
                0x0800b7b8                HAL_TIMEx_BreakCallback
 .text.HAL_TIMEx_Break2Callback
                0x0800b7cc       0x14 ./Drivers/STM32F7xx_HAL_Driver/Src/stm32f7xx_hal_tim_ex.o
                0x0800b7cc                HAL_TIMEx_Break2Callback
 .text.HAL_UART_Init
                0x0800b7e0       0x9c ./Drivers/STM32F7xx_HAL_Driver/Src/stm32f7xx_hal_uart.o
                0x0800b7e0                HAL_UART_Init
 .text.HAL_UART_Receive_DMA
                0x0800b87c       0x88 ./Drivers/STM32F7xx_HAL_Driver/Src/stm32f7xx_hal_uart.o
                0x0800b87c                HAL_UART_Receive_DMA
 .text.HAL_UART_IRQHandler
                0x0800b904      0x5d8 ./Drivers/STM32F7xx_HAL_Driver/Src/stm32f7xx_hal_uart.o
                0x0800b904                HAL_UART_IRQHandler
 .text.HAL_UART_TxCpltCallback
                0x0800bedc       0x14 ./Drivers/STM32F7xx_HAL_Driver/Src/stm32f7xx_hal_uart.o
                0x0800bedc                HAL_UART_TxCpltCallback
 .text.HAL_UART_RxHalfCpltCallback
                0x0800bef0       0x14 ./Drivers/STM32F7xx_HAL_Driver/Src/stm32f7xx_hal_uart.o
                0x0800bef0                HAL_UART_RxHalfCpltCallback
 .text.HAL_UART_ErrorCallback
                0x0800bf04       0x14 ./Drivers/STM32F7xx_HAL_Driver/Src/stm32f7xx_hal_uart.o
                0x0800bf04                HAL_UART_ErrorCallback
 .text.HAL_UARTEx_RxEventCallback
                0x0800bf18       0x18 ./Drivers/STM32F7xx_HAL_Driver/Src/stm32f7xx_hal_uart.o
                0x0800bf18                HAL_UARTEx_RxEventCallback
 .text.UART_SetConfig
                0x0800bf30      0x4c8 ./Drivers/STM32F7xx_HAL_Driver/Src/stm32f7xx_hal_uart.o
                0x0800bf30                UART_SetConfig
 .text.UART_AdvFeatureConfig
                0x0800c3f8      0x144 ./Drivers/STM32F7xx_HAL_Driver/Src/stm32f7xx_hal_uart.o
                0x0800c3f8                UART_AdvFeatureConfig
 .text.UART_CheckIdleState
                0x0800c53c       0xae ./Drivers/STM32F7xx_HAL_Driver/Src/stm32f7xx_hal_uart.o
                0x0800c53c                UART_CheckIdleState
 .text.UART_WaitOnFlagUntilTimeout
                0x0800c5ea       0xda ./Drivers/STM32F7xx_HAL_Driver/Src/stm32f7xx_hal_uart.o
                0x0800c5ea                UART_WaitOnFlagUntilTimeout
 .text.UART_Start_Receive_DMA
                0x0800c6c4      0x140 ./Drivers/STM32F7xx_HAL_Driver/Src/stm32f7xx_hal_uart.o
                0x0800c6c4                UART_Start_Receive_DMA
 .text.UART_EndTxTransfer
                0x0800c804       0x4c ./Drivers/STM32F7xx_HAL_Driver/Src/stm32f7xx_hal_uart.o
 .text.UART_EndRxTransfer
                0x0800c850       0xc8 ./Drivers/STM32F7xx_HAL_Driver/Src/stm32f7xx_hal_uart.o
 .text.UART_DMAReceiveCplt
                0x0800c918      0x15e ./Drivers/STM32F7xx_HAL_Driver/Src/stm32f7xx_hal_uart.o
 .text.UART_DMARxHalfCplt
                0x0800ca76       0x72 ./Drivers/STM32F7xx_HAL_Driver/Src/stm32f7xx_hal_uart.o
 .text.UART_DMAError
                0x0800cae8       0x7e ./Drivers/STM32F7xx_HAL_Driver/Src/stm32f7xx_hal_uart.o
 .text.UART_DMAAbortOnError
                0x0800cb66       0x24 ./Drivers/STM32F7xx_HAL_Driver/Src/stm32f7xx_hal_uart.o
 .text.UART_EndTransmit_IT
                0x0800cb8a       0x54 ./Drivers/STM32F7xx_HAL_Driver/Src/stm32f7xx_hal_uart.o
 .text.memmove  0x0800cbde       0x34 C:/ST/STM32CubeIDE_1.16.1/STM32CubeIDE/plugins/com.st.stm32cube.ide.mcu.externaltools.gnu-tools-for-stm32.12.3.rel1.win32_1.0.200.202406191623/tools/bin/../lib/gcc/arm-none-eabi/12.3.1/../../../../arm-none-eabi/lib/thumb/v7e-m+fp/hard\libc_nano.a(libc_a-memmove.o)
                0x0800cbde                memmove
 .text.memset   0x0800cc12       0x10 C:/ST/STM32CubeIDE_1.16.1/STM32CubeIDE/plugins/com.st.stm32cube.ide.mcu.externaltools.gnu-tools-for-stm32.12.3.rel1.win32_1.0.200.202406191623/tools/bin/../lib/gcc/arm-none-eabi/12.3.1/../../../../arm-none-eabi/lib/thumb/v7e-m+fp/hard\libc_nano.a(libc_a-memset.o)
                0x0800cc12                memset
 *fill*         0x0800cc22        0x2 
 .text.__errno  0x0800cc24        0xc C:/ST/STM32CubeIDE_1.16.1/STM32CubeIDE/plugins/com.st.stm32cube.ide.mcu.externaltools.gnu-tools-for-stm32.12.3.rel1.win32_1.0.200.202406191623/tools/bin/../lib/gcc/arm-none-eabi/12.3.1/../../../../arm-none-eabi/lib/thumb/v7e-m+fp/hard\libc_nano.a(libc_a-errno.o)
                0x0800cc24                __errno
 .text.__libc_init_array
                0x0800cc30       0x48 C:/ST/STM32CubeIDE_1.16.1/STM32CubeIDE/plugins/com.st.stm32cube.ide.mcu.externaltools.gnu-tools-for-stm32.12.3.rel1.win32_1.0.200.202406191623/tools/bin/../lib/gcc/arm-none-eabi/12.3.1/../../../../arm-none-eabi/lib/thumb/v7e-m+fp/hard\libc_nano.a(libc_a-init.o)
                0x0800cc30                __libc_init_array
 .text.atan2f   0x0800cc78        0x4 C:/ST/STM32CubeIDE_1.16.1/STM32CubeIDE/plugins/com.st.stm32cube.ide.mcu.externaltools.gnu-tools-for-stm32.12.3.rel1.win32_1.0.200.202406191623/tools/bin/../lib/gcc/arm-none-eabi/12.3.1/../../../../arm-none-eabi/lib/thumb/v7e-m+fp/hard\libm.a(libm_a-wf_atan2.o)
                0x0800cc78                atan2f
 .text.sqrtf    0x0800cc7c       0x3c C:/ST/STM32CubeIDE_1.16.1/STM32CubeIDE/plugins/com.st.stm32cube.ide.mcu.externaltools.gnu-tools-for-stm32.12.3.rel1.win32_1.0.200.202406191623/tools/bin/../lib/gcc/arm-none-eabi/12.3.1/../../../../arm-none-eabi/lib/thumb/v7e-m+fp/hard\libm.a(libm_a-wf_sqrt.o)
                0x0800cc7c                sqrtf
 .text.fabsf    0x0800ccb8        0xe C:/ST/STM32CubeIDE_1.16.1/STM32CubeIDE/plugins/com.st.stm32cube.ide.mcu.externaltools.gnu-tools-for-stm32.12.3.rel1.win32_1.0.200.202406191623/tools/bin/../lib/gcc/arm-none-eabi/12.3.1/../../../../arm-none-eabi/lib/thumb/v7e-m+fp/hard\libm.a(libm_a-sf_fabs.o)
                0x0800ccb8                fabsf
 .text.__ieee754_sqrtf
                0x0800ccc6        0x6 C:/ST/STM32CubeIDE_1.16.1/STM32CubeIDE/plugins/com.st.stm32cube.ide.mcu.externaltools.gnu-tools-for-stm32.12.3.rel1.win32_1.0.200.202406191623/tools/bin/../lib/gcc/arm-none-eabi/12.3.1/../../../../arm-none-eabi/lib/thumb/v7e-m+fp/hard\libm.a(libm_a-ef_sqrt.o)
                0x0800ccc6                __ieee754_sqrtf
 .text.__ieee754_atan2f
                0x0800cccc      0x140 C:/ST/STM32CubeIDE_1.16.1/STM32CubeIDE/plugins/com.st.stm32cube.ide.mcu.externaltools.gnu-tools-for-stm32.12.3.rel1.win32_1.0.200.202406191623/tools/bin/../lib/gcc/arm-none-eabi/12.3.1/../../../../arm-none-eabi/lib/thumb/v7e-m+fp/hard\libm.a(libm_a-ef_atan2.o)
                0x0800cccc                __ieee754_atan2f
 .text.atanf    0x0800ce0c      0x1a8 C:/ST/STM32CubeIDE_1.16.1/STM32CubeIDE/plugins/com.st.stm32cube.ide.mcu.externaltools.gnu-tools-for-stm32.12.3.rel1.win32_1.0.200.202406191623/tools/bin/../lib/gcc/arm-none-eabi/12.3.1/../../../../arm-none-eabi/lib/thumb/v7e-m+fp/hard\libm.a(libm_a-sf_atan.o)
                0x0800ce0c                atanf
 *(.glue_7)
 .glue_7        0x0800cfb4        0x0 linker stubs
 *(.glue_7t)
 .glue_7t       0x0800cfb4        0x0 linker stubs
 *(.eh_frame)
 .eh_frame      0x0800cfb4        0x0 C:/ST/STM32CubeIDE_1.16.1/STM32CubeIDE/plugins/com.st.stm32cube.ide.mcu.externaltools.gnu-tools-for-stm32.12.3.rel1.win32_1.0.200.202406191623/tools/bin/../lib/gcc/arm-none-eabi/12.3.1/thumb/v7e-m+fp/hard/crtbegin.o
 *(.init)
 .init          0x0800cfb4        0x4 C:/ST/STM32CubeIDE_1.16.1/STM32CubeIDE/plugins/com.st.stm32cube.ide.mcu.externaltools.gnu-tools-for-stm32.12.3.rel1.win32_1.0.200.202406191623/tools/bin/../lib/gcc/arm-none-eabi/12.3.1/thumb/v7e-m+fp/hard/crti.o
                0x0800cfb4                _init
 .init          0x0800cfb8        0x8 C:/ST/STM32CubeIDE_1.16.1/STM32CubeIDE/plugins/com.st.stm32cube.ide.mcu.externaltools.gnu-tools-for-stm32.12.3.rel1.win32_1.0.200.202406191623/tools/bin/../lib/gcc/arm-none-eabi/12.3.1/thumb/v7e-m+fp/hard/crtn.o
 *(.fini)
 .fini          0x0800cfc0        0x4 C:/ST/STM32CubeIDE_1.16.1/STM32CubeIDE/plugins/com.st.stm32cube.ide.mcu.externaltools.gnu-tools-for-stm32.12.3.rel1.win32_1.0.200.202406191623/tools/bin/../lib/gcc/arm-none-eabi/12.3.1/thumb/v7e-m+fp/hard/crti.o
                0x0800cfc0                _fini
 .fini          0x0800cfc4        0x8 C:/ST/STM32CubeIDE_1.16.1/STM32CubeIDE/plugins/com.st.stm32cube.ide.mcu.externaltools.gnu-tools-for-stm32.12.3.rel1.win32_1.0.200.202406191623/tools/bin/../lib/gcc/arm-none-eabi/12.3.1/thumb/v7e-m+fp/hard/crtn.o
                0x0800cfcc                        . = ALIGN (0x4)
                0x0800cfcc                        _etext = .

.vfp11_veneer   0x0800cfcc        0x0
 .vfp11_veneer  0x0800cfcc        0x0 linker stubs

.v4_bx          0x0800cfcc        0x0
 .v4_bx         0x0800cfcc        0x0 linker stubs

.iplt           0x0800cfcc        0x0
 .iplt          0x0800cfcc        0x0 C:/ST/STM32CubeIDE_1.16.1/STM32CubeIDE/plugins/com.st.stm32cube.ide.mcu.externaltools.gnu-tools-for-stm32.12.3.rel1.win32_1.0.200.202406191623/tools/bin/../lib/gcc/arm-none-eabi/12.3.1/thumb/v7e-m+fp/hard/crtbegin.o

.rodata         0x0800cfcc     0x1ea0
                0x0800cfcc                        . = ALIGN (0x4)
 *(.rodata)
 .rodata        0x0800cfcc     0x1698 ./Core/Src/driver_mpu6500.o
 .rodata        0x0800e664      0x56d ./Core/Src/driver_mpu6500_basic.o
 *fill*         0x0800ebd1        0x3 
 .rodata        0x0800ebd4      0x23f ./Core/interface/driver_mpu6500_interface.o
 *(.rodata*)
 *fill*         0x0800ee13        0x1 
 .rodata.AHBPrescTable
                0x0800ee14       0x10 ./Core/Src/system_stm32f7xx.o
                0x0800ee14                AHBPrescTable
 .rodata.APBPrescTable
                0x0800ee24        0x8 ./Core/Src/system_stm32f7xx.o
                0x0800ee24                APBPrescTable
 .rodata.flagBitshiftOffset.0
                0x0800ee2c        0x8 ./Drivers/STM32F7xx_HAL_Driver/Src/stm32f7xx_hal_dma.o
 .rodata.CSWTCH.9
                0x0800ee34        0xc C:/ST/STM32CubeIDE_1.16.1/STM32CubeIDE/plugins/com.st.stm32cube.ide.mcu.externaltools.gnu-tools-for-stm32.12.3.rel1.win32_1.0.200.202406191623/tools/bin/../lib/gcc/arm-none-eabi/12.3.1/../../../../arm-none-eabi/lib/thumb/v7e-m+fp/hard\libm.a(libm_a-ef_atan2.o)
 .rodata.CSWTCH.8
                0x0800ee40        0xc C:/ST/STM32CubeIDE_1.16.1/STM32CubeIDE/plugins/com.st.stm32cube.ide.mcu.externaltools.gnu-tools-for-stm32.12.3.rel1.win32_1.0.200.202406191623/tools/bin/../lib/gcc/arm-none-eabi/12.3.1/../../../../arm-none-eabi/lib/thumb/v7e-m+fp/hard\libm.a(libm_a-ef_atan2.o)
 .rodata.atanlo
                0x0800ee4c       0x10 C:/ST/STM32CubeIDE_1.16.1/STM32CubeIDE/plugins/com.st.stm32cube.ide.mcu.externaltools.gnu-tools-for-stm32.12.3.rel1.win32_1.0.200.202406191623/tools/bin/../lib/gcc/arm-none-eabi/12.3.1/../../../../arm-none-eabi/lib/thumb/v7e-m+fp/hard\libm.a(libm_a-sf_atan.o)
 .rodata.atanhi
                0x0800ee5c       0x10 C:/ST/STM32CubeIDE_1.16.1/STM32CubeIDE/plugins/com.st.stm32cube.ide.mcu.externaltools.gnu-tools-for-stm32.12.3.rel1.win32_1.0.200.202406191623/tools/bin/../lib/gcc/arm-none-eabi/12.3.1/../../../../arm-none-eabi/lib/thumb/v7e-m+fp/hard\libm.a(libm_a-sf_atan.o)
                0x0800ee6c                        . = ALIGN (0x4)

.ARM.extab      0x0800ee6c        0x0
                0x0800ee6c                        . = ALIGN (0x4)
 *(.ARM.extab* .gnu.linkonce.armextab.*)
                0x0800ee6c                        . = ALIGN (0x4)

.ARM            0x0800ee6c        0x8
                0x0800ee6c                        . = ALIGN (0x4)
                0x0800ee6c                        __exidx_start = .
 *(.ARM.exidx*)
 .ARM.exidx     0x0800ee6c        0x8 C:/ST/STM32CubeIDE_1.16.1/STM32CubeIDE/plugins/com.st.stm32cube.ide.mcu.externaltools.gnu-tools-for-stm32.12.3.rel1.win32_1.0.200.202406191623/tools/bin/../lib/gcc/arm-none-eabi/12.3.1/thumb/v7e-m+fp/hard\libgcc.a(_udivmoddi4.o)
                0x0800ee74                        __exidx_end = .
                0x0800ee74                        . = ALIGN (0x4)

.preinit_array  0x0800ee74        0x0
                0x0800ee74                        . = ALIGN (0x4)
                0x0800ee74                        PROVIDE (__preinit_array_start = .)
 *(.preinit_array*)
                0x0800ee74                        PROVIDE (__preinit_array_end = .)
                0x0800ee74                        . = ALIGN (0x4)

.init_array     0x0800ee74        0x4
                0x0800ee74                        . = ALIGN (0x4)
                0x0800ee74                        PROVIDE (__init_array_start = .)
 *(SORT_BY_NAME(.init_array.*))
 *(.init_array*)
 .init_array    0x0800ee74        0x4 C:/ST/STM32CubeIDE_1.16.1/STM32CubeIDE/plugins/com.st.stm32cube.ide.mcu.externaltools.gnu-tools-for-stm32.12.3.rel1.win32_1.0.200.202406191623/tools/bin/../lib/gcc/arm-none-eabi/12.3.1/thumb/v7e-m+fp/hard/crtbegin.o
                0x0800ee78                        PROVIDE (__init_array_end = .)
                0x0800ee78                        . = ALIGN (0x4)

.fini_array     0x0800ee78        0x4
                0x0800ee78                        . = ALIGN (0x4)
                [!provide]                        PROVIDE (__fini_array_start = .)
 *(SORT_BY_NAME(.fini_array.*))
 *(.fini_array*)
 .fini_array    0x0800ee78        0x4 C:/ST/STM32CubeIDE_1.16.1/STM32CubeIDE/plugins/com.st.stm32cube.ide.mcu.externaltools.gnu-tools-for-stm32.12.3.rel1.win32_1.0.200.202406191623/tools/bin/../lib/gcc/arm-none-eabi/12.3.1/thumb/v7e-m+fp/hard/crtbegin.o
                [!provide]                        PROVIDE (__fini_array_end = .)
                0x0800ee7c                        . = ALIGN (0x4)
                0x0800ee7c                        _sidata = LOADADDR (.data)

.rel.dyn        0x0800ee7c        0x0
 .rel.iplt      0x0800ee7c        0x0 C:/ST/STM32CubeIDE_1.16.1/STM32CubeIDE/plugins/com.st.stm32cube.ide.mcu.externaltools.gnu-tools-for-stm32.12.3.rel1.win32_1.0.200.202406191623/tools/bin/../lib/gcc/arm-none-eabi/12.3.1/thumb/v7e-m+fp/hard/crtbegin.o

.data           0x20000000       0x68 load address 0x0800ee7c
                0x20000000                        . = ALIGN (0x4)
                0x20000000                        _sdata = .
 *(.data)
 *(.data*)
 .data.gyro_bias
                0x20000000        0xc ./Core/Src/main.o
                0x20000000                gyro_bias
 .data.SystemCoreClock
                0x2000000c        0x4 ./Core/Src/system_stm32f7xx.o
                0x2000000c                SystemCoreClock
 .data.uwTickPrio
                0x20000010        0x4 ./Drivers/STM32F7xx_HAL_Driver/Src/stm32f7xx_hal.o
                0x20000010                uwTickPrio
 .data.uwTickFreq
                0x20000014        0x1 ./Drivers/STM32F7xx_HAL_Driver/Src/stm32f7xx_hal.o
                0x20000014                uwTickFreq
 *fill*         0x20000015        0x3 
 .data._impure_ptr
                0x20000018        0x4 C:/ST/STM32CubeIDE_1.16.1/STM32CubeIDE/plugins/com.st.stm32cube.ide.mcu.externaltools.gnu-tools-for-stm32.12.3.rel1.win32_1.0.200.202406191623/tools/bin/../lib/gcc/arm-none-eabi/12.3.1/../../../../arm-none-eabi/lib/thumb/v7e-m+fp/hard\libc_nano.a(libc_a-impure.o)
                0x20000018                _impure_ptr
 .data._impure_data
                0x2000001c       0x4c C:/ST/STM32CubeIDE_1.16.1/STM32CubeIDE/plugins/com.st.stm32cube.ide.mcu.externaltools.gnu-tools-for-stm32.12.3.rel1.win32_1.0.200.202406191623/tools/bin/../lib/gcc/arm-none-eabi/12.3.1/../../../../arm-none-eabi/lib/thumb/v7e-m+fp/hard\libc_nano.a(libc_a-impure.o)
                0x2000001c                _impure_data
 *(.RamFunc)
 *(.RamFunc*)
                0x20000068                        . = ALIGN (0x4)
                0x20000068                        _edata = .

.igot.plt       0x20000068        0x0 load address 0x0800eee4
 .igot.plt      0x20000068        0x0 C:/ST/STM32CubeIDE_1.16.1/STM32CubeIDE/plugins/com.st.stm32cube.ide.mcu.externaltools.gnu-tools-for-stm32.12.3.rel1.win32_1.0.200.202406191623/tools/bin/../lib/gcc/arm-none-eabi/12.3.1/thumb/v7e-m+fp/hard/crtbegin.o
                0x20000068                        . = ALIGN (0x4)

.bss            0x20000068      0xae0 load address 0x0800eee4
                0x20000068                        _sbss = .
                0x20000068                        __bss_start__ = _sbss
 *(.bss)
 .bss           0x20000068       0x1c C:/ST/STM32CubeIDE_1.16.1/STM32CubeIDE/plugins/com.st.stm32cube.ide.mcu.externaltools.gnu-tools-for-stm32.12.3.rel1.win32_1.0.200.202406191623/tools/bin/../lib/gcc/arm-none-eabi/12.3.1/thumb/v7e-m+fp/hard/crtbegin.o
 *(.bss*)
 .bss.gs_handle
                0x20000084      0x440 ./Core/Src/driver_mpu6500_basic.o
 .bss.hi2c1     0x200004c4       0x54 ./Core/Src/i2c.o
                0x200004c4                hi2c1
 .bss.uart_dma_rx_buf
                0x20000518       0x40 ./Core/Src/ibus.o
 .bss.ibus_frame_buf
                0x20000558       0x20 ./Core/Src/ibus.o
 .bss.dma_last_pos
                0x20000578        0x2 ./Core/Src/ibus.o
 .bss.fail_safe_flag
                0x2000057a        0x1 ./Core/Src/ibus.o
 *fill*         0x2000057b        0x1 
 .bss.stream_buf
                0x2000057c       0x40 ./Core/Src/ibus.o
 .bss.stream_len
                0x200005bc        0x2 ./Core/Src/ibus.o
 .bss.res       0x200005be        0x1 ./Core/Src/main.o
                0x200005be                res
 *fill*         0x200005bf        0x1 
 .bss.g         0x200005c0        0xc ./Core/Src/main.o
                0x200005c0                g
 .bss.dps       0x200005cc        0xc ./Core/Src/main.o
                0x200005cc                dps
 .bss.degrees   0x200005d8        0x4 ./Core/Src/main.o
                0x200005d8                degrees
 .bss.MPU_Flag  0x200005dc        0x1 ./Core/Src/main.o
                0x200005dc                MPU_Flag
 *fill*         0x200005dd        0x3 
 .bss.orientation
                0x200005e0        0xc ./Core/Src/main.o
                0x200005e0                orientation
 .bss.dt        0x200005ec        0x4 ./Core/Src/main.o
                0x200005ec                dt
 .bss.ibus_data
                0x200005f0       0x14 ./Core/Src/main.o
                0x200005f0                ibus_data
 .bss.motor_pwm
                0x20000604       0x10 ./Core/Src/main.o
                0x20000604                motor_pwm
 .bss.arming    0x20000614        0x1 ./Core/Src/main.o
                0x20000614                arming
 *fill*         0x20000615        0x3 
 .bss.pid_angle_roll
                0x20000618       0x24 ./Core/Src/main.o
                0x20000618                pid_angle_roll
 .bss.pid_angle_pitch
                0x2000063c       0x24 ./Core/Src/main.o
                0x2000063c                pid_angle_pitch
 .bss.pid_rate_roll
                0x20000660       0x24 ./Core/Src/main.o
                0x20000660                pid_rate_roll
 .bss.pid_rate_pitch
                0x20000684       0x24 ./Core/Src/main.o
                0x20000684                pid_rate_pitch
 .bss.pid_rate_yaw
                0x200006a8       0x24 ./Core/Src/main.o
                0x200006a8                pid_rate_yaw
 .bss.roll_correction
                0x200006cc        0x4 ./Core/Src/main.o
                0x200006cc                roll_correction
 .bss.pitch_correction
                0x200006d0        0x4 ./Core/Src/main.o
                0x200006d0                pitch_correction
 .bss.yaw_correction
                0x200006d4        0x4 ./Core/Src/main.o
                0x200006d4                yaw_correction
 .bss.last.0    0x200006d8        0x8 ./Core/Src/main.o
 .bss.hspi1     0x200006e0       0x64 ./Core/Src/spi.o
                0x200006e0                hspi1
 .bss.hspi2     0x20000744       0x64 ./Core/Src/spi.o
                0x20000744                hspi2
 .bss.htim1     0x200007a8       0x4c ./Core/Src/tim.o
                0x200007a8                htim1
 .bss.htim2     0x200007f4       0x4c ./Core/Src/tim.o
                0x200007f4                htim2
 .bss.htim3     0x20000840       0x4c ./Core/Src/tim.o
                0x20000840                htim3
 .bss.htim5     0x2000088c       0x4c ./Core/Src/tim.o
                0x2000088c                htim5
 .bss.htim12    0x200008d8       0x4c ./Core/Src/tim.o
                0x200008d8                htim12
 .bss.huart4    0x20000924       0x88 ./Core/Src/usart.o
                0x20000924                huart4
 .bss.hdma_uart4_rx
                0x200009ac       0x60 ./Core/Src/usart.o
                0x200009ac                hdma_uart4_rx
 .bss.uwTick    0x20000a0c        0x4 ./Drivers/STM32F7xx_HAL_Driver/Src/stm32f7xx_hal.o
                0x20000a0c                uwTick
 .bss.__sf      0x20000a10      0x138 C:/ST/STM32CubeIDE_1.16.1/STM32CubeIDE/plugins/com.st.stm32cube.ide.mcu.externaltools.gnu-tools-for-stm32.12.3.rel1.win32_1.0.200.202406191623/tools/bin/../lib/gcc/arm-none-eabi/12.3.1/../../../../arm-none-eabi/lib/thumb/v7e-m+fp/hard\libc_nano.a(libc_a-findfp.o)
                0x20000a10                __sf
 *(COMMON)
                0x20000b48                        . = ALIGN (0x4)
                0x20000b48                        _ebss = .
                0x20000b48                        __bss_end__ = _ebss

._user_heap_stack
                0x20000b48      0x600 load address 0x0800eee4
                0x20000b48                        . = ALIGN (0x8)
                [!provide]                        PROVIDE (end = .)
                0x20000b48                        PROVIDE (_end = .)
                0x20000d48                        . = (. + _Min_Heap_Size)
 *fill*         0x20000b48      0x200 
                0x20001148                        . = (. + _Min_Stack_Size)
 *fill*         0x20000d48      0x400 
                0x20001148                        . = ALIGN (0x8)

/DISCARD/
 libc.a(*)
 libm.a(*)
 libgcc.a(*)

.ARM.attributes
                0x00000000       0x30
 *(.ARM.attributes)
 .ARM.attributes
                0x00000000       0x22 C:/ST/STM32CubeIDE_1.16.1/STM32CubeIDE/plugins/com.st.stm32cube.ide.mcu.externaltools.gnu-tools-for-stm32.12.3.rel1.win32_1.0.200.202406191623/tools/bin/../lib/gcc/arm-none-eabi/12.3.1/thumb/v7e-m+fp/hard/crti.o
 .ARM.attributes
                0x00000022       0x34 C:/ST/STM32CubeIDE_1.16.1/STM32CubeIDE/plugins/com.st.stm32cube.ide.mcu.externaltools.gnu-tools-for-stm32.12.3.rel1.win32_1.0.200.202406191623/tools/bin/../lib/gcc/arm-none-eabi/12.3.1/thumb/v7e-m+fp/hard/crtbegin.o
 .ARM.attributes
                0x00000056       0x34 ./Core/Src/dma.o
 .ARM.attributes
                0x0000008a       0x34 ./Core/Src/driver_mpu6500.o
 .ARM.attributes
                0x000000be       0x34 ./Core/Src/driver_mpu6500_basic.o
 .ARM.attributes
                0x000000f2       0x34 ./Core/Src/gpio.o
 .ARM.attributes
                0x00000126       0x34 ./Core/Src/i2c.o
 .ARM.attributes
                0x0000015a       0x34 ./Core/Src/ibus.o
 .ARM.attributes
                0x0000018e       0x34 ./Core/Src/main.o
 .ARM.attributes
                0x000001c2       0x34 ./Core/Src/pid.o
 .ARM.attributes
                0x000001f6       0x34 ./Core/Src/spi.o
 .ARM.attributes
                0x0000022a       0x34 ./Core/Src/stm32f7xx_hal_msp.o
 .ARM.attributes
                0x0000025e       0x34 ./Core/Src/stm32f7xx_it.o
 .ARM.attributes
                0x00000292       0x34 ./Core/Src/system_stm32f7xx.o
 .ARM.attributes
                0x000002c6       0x34 ./Core/Src/tim.o
 .ARM.attributes
                0x000002fa       0x34 ./Core/Src/usart.o
 .ARM.attributes
                0x0000032e       0x21 ./Core/Startup/startup_stm32f722retx.o
 .ARM.attributes
                0x0000034f       0x34 ./Core/interface/driver_mpu6500_interface.o
 .ARM.attributes
                0x00000383       0x34 ./Drivers/STM32F7xx_HAL_Driver/Src/stm32f7xx_hal.o
 .ARM.attributes
                0x000003b7       0x34 ./Drivers/STM32F7xx_HAL_Driver/Src/stm32f7xx_hal_cortex.o
 .ARM.attributes
                0x000003eb       0x34 ./Drivers/STM32F7xx_HAL_Driver/Src/stm32f7xx_hal_dma.o
 .ARM.attributes
                0x0000041f       0x34 ./Drivers/STM32F7xx_HAL_Driver/Src/stm32f7xx_hal_gpio.o
 .ARM.attributes
                0x00000453       0x34 ./Drivers/STM32F7xx_HAL_Driver/Src/stm32f7xx_hal_i2c.o
 .ARM.attributes
                0x00000487       0x34 ./Drivers/STM32F7xx_HAL_Driver/Src/stm32f7xx_hal_i2c_ex.o
 .ARM.attributes
                0x000004bb       0x34 ./Drivers/STM32F7xx_HAL_Driver/Src/stm32f7xx_hal_rcc.o
 .ARM.attributes
                0x000004ef       0x34 ./Drivers/STM32F7xx_HAL_Driver/Src/stm32f7xx_hal_rcc_ex.o
 .ARM.attributes
                0x00000523       0x34 ./Drivers/STM32F7xx_HAL_Driver/Src/stm32f7xx_hal_spi.o
 .ARM.attributes
                0x00000557       0x34 ./Drivers/STM32F7xx_HAL_Driver/Src/stm32f7xx_hal_tim.o
 .ARM.attributes
                0x0000058b       0x34 ./Drivers/STM32F7xx_HAL_Driver/Src/stm32f7xx_hal_tim_ex.o
 .ARM.attributes
                0x000005bf       0x34 ./Drivers/STM32F7xx_HAL_Driver/Src/stm32f7xx_hal_uart.o
 .ARM.attributes
                0x000005f3       0x34 C:/ST/STM32CubeIDE_1.16.1/STM32CubeIDE/plugins/com.st.stm32cube.ide.mcu.externaltools.gnu-tools-for-stm32.12.3.rel1.win32_1.0.200.202406191623/tools/bin/../lib/gcc/arm-none-eabi/12.3.1/../../../../arm-none-eabi/lib/thumb/v7e-m+fp/hard\libc_nano.a(libc_a-findfp.o)
 .ARM.attributes
                0x00000627       0x34 C:/ST/STM32CubeIDE_1.16.1/STM32CubeIDE/plugins/com.st.stm32cube.ide.mcu.externaltools.gnu-tools-for-stm32.12.3.rel1.win32_1.0.200.202406191623/tools/bin/../lib/gcc/arm-none-eabi/12.3.1/../../../../arm-none-eabi/lib/thumb/v7e-m+fp/hard\libc_nano.a(libc_a-memmove.o)
 .ARM.attributes
                0x0000065b       0x34 C:/ST/STM32CubeIDE_1.16.1/STM32CubeIDE/plugins/com.st.stm32cube.ide.mcu.externaltools.gnu-tools-for-stm32.12.3.rel1.win32_1.0.200.202406191623/tools/bin/../lib/gcc/arm-none-eabi/12.3.1/../../../../arm-none-eabi/lib/thumb/v7e-m+fp/hard\libc_nano.a(libc_a-memset.o)
 .ARM.attributes
                0x0000068f       0x34 C:/ST/STM32CubeIDE_1.16.1/STM32CubeIDE/plugins/com.st.stm32cube.ide.mcu.externaltools.gnu-tools-for-stm32.12.3.rel1.win32_1.0.200.202406191623/tools/bin/../lib/gcc/arm-none-eabi/12.3.1/../../../../arm-none-eabi/lib/thumb/v7e-m+fp/hard\libc_nano.a(libc_a-impure.o)
 .ARM.attributes
                0x000006c3       0x34 C:/ST/STM32CubeIDE_1.16.1/STM32CubeIDE/plugins/com.st.stm32cube.ide.mcu.externaltools.gnu-tools-for-stm32.12.3.rel1.win32_1.0.200.202406191623/tools/bin/../lib/gcc/arm-none-eabi/12.3.1/../../../../arm-none-eabi/lib/thumb/v7e-m+fp/hard\libc_nano.a(libc_a-errno.o)
 .ARM.attributes
                0x000006f7       0x34 C:/ST/STM32CubeIDE_1.16.1/STM32CubeIDE/plugins/com.st.stm32cube.ide.mcu.externaltools.gnu-tools-for-stm32.12.3.rel1.win32_1.0.200.202406191623/tools/bin/../lib/gcc/arm-none-eabi/12.3.1/../../../../arm-none-eabi/lib/thumb/v7e-m+fp/hard\libc_nano.a(libc_a-init.o)
 .ARM.attributes
                0x0000072b       0x34 C:/ST/STM32CubeIDE_1.16.1/STM32CubeIDE/plugins/com.st.stm32cube.ide.mcu.externaltools.gnu-tools-for-stm32.12.3.rel1.win32_1.0.200.202406191623/tools/bin/../lib/gcc/arm-none-eabi/12.3.1/../../../../arm-none-eabi/lib/thumb/v7e-m+fp/hard\libm.a(libm_a-wf_atan2.o)
 .ARM.attributes
                0x0000075f       0x34 C:/ST/STM32CubeIDE_1.16.1/STM32CubeIDE/plugins/com.st.stm32cube.ide.mcu.externaltools.gnu-tools-for-stm32.12.3.rel1.win32_1.0.200.202406191623/tools/bin/../lib/gcc/arm-none-eabi/12.3.1/../../../../arm-none-eabi/lib/thumb/v7e-m+fp/hard\libm.a(libm_a-wf_sqrt.o)
 .ARM.attributes
                0x00000793       0x34 C:/ST/STM32CubeIDE_1.16.1/STM32CubeIDE/plugins/com.st.stm32cube.ide.mcu.externaltools.gnu-tools-for-stm32.12.3.rel1.win32_1.0.200.202406191623/tools/bin/../lib/gcc/arm-none-eabi/12.3.1/../../../../arm-none-eabi/lib/thumb/v7e-m+fp/hard\libm.a(libm_a-sf_fabs.o)
 .ARM.attributes
                0x000007c7       0x34 C:/ST/STM32CubeIDE_1.16.1/STM32CubeIDE/plugins/com.st.stm32cube.ide.mcu.externaltools.gnu-tools-for-stm32.12.3.rel1.win32_1.0.200.202406191623/tools/bin/../lib/gcc/arm-none-eabi/12.3.1/../../../../arm-none-eabi/lib/thumb/v7e-m+fp/hard\libm.a(libm_a-ef_sqrt.o)
 .ARM.attributes
                0x000007fb       0x34 C:/ST/STM32CubeIDE_1.16.1/STM32CubeIDE/plugins/com.st.stm32cube.ide.mcu.externaltools.gnu-tools-for-stm32.12.3.rel1.win32_1.0.200.202406191623/tools/bin/../lib/gcc/arm-none-eabi/12.3.1/../../../../arm-none-eabi/lib/thumb/v7e-m+fp/hard\libm.a(libm_a-ef_atan2.o)
 .ARM.attributes
                0x0000082f       0x34 C:/ST/STM32CubeIDE_1.16.1/STM32CubeIDE/plugins/com.st.stm32cube.ide.mcu.externaltools.gnu-tools-for-stm32.12.3.rel1.win32_1.0.200.202406191623/tools/bin/../lib/gcc/arm-none-eabi/12.3.1/../../../../arm-none-eabi/lib/thumb/v7e-m+fp/hard\libm.a(libm_a-sf_atan.o)
 .ARM.attributes
                0x00000863       0x22 C:/ST/STM32CubeIDE_1.16.1/STM32CubeIDE/plugins/com.st.stm32cube.ide.mcu.externaltools.gnu-tools-for-stm32.12.3.rel1.win32_1.0.200.202406191623/tools/bin/../lib/gcc/arm-none-eabi/12.3.1/thumb/v7e-m+fp/hard\libgcc.a(_arm_addsubdf3.o)
 .ARM.attributes
                0x00000885       0x22 C:/ST/STM32CubeIDE_1.16.1/STM32CubeIDE/plugins/com.st.stm32cube.ide.mcu.externaltools.gnu-tools-for-stm32.12.3.rel1.win32_1.0.200.202406191623/tools/bin/../lib/gcc/arm-none-eabi/12.3.1/thumb/v7e-m+fp/hard\libgcc.a(_arm_muldivdf3.o)
 .ARM.attributes
                0x000008a7       0x22 C:/ST/STM32CubeIDE_1.16.1/STM32CubeIDE/plugins/com.st.stm32cube.ide.mcu.externaltools.gnu-tools-for-stm32.12.3.rel1.win32_1.0.200.202406191623/tools/bin/../lib/gcc/arm-none-eabi/12.3.1/thumb/v7e-m+fp/hard\libgcc.a(_arm_truncdfsf2.o)
 .ARM.attributes
                0x000008c9       0x22 C:/ST/STM32CubeIDE_1.16.1/STM32CubeIDE/plugins/com.st.stm32cube.ide.mcu.externaltools.gnu-tools-for-stm32.12.3.rel1.win32_1.0.200.202406191623/tools/bin/../lib/gcc/arm-none-eabi/12.3.1/thumb/v7e-m+fp/hard\libgcc.a(_arm_addsubsf3.o)
 .ARM.attributes
                0x000008eb       0x22 C:/ST/STM32CubeIDE_1.16.1/STM32CubeIDE/plugins/com.st.stm32cube.ide.mcu.externaltools.gnu-tools-for-stm32.12.3.rel1.win32_1.0.200.202406191623/tools/bin/../lib/gcc/arm-none-eabi/12.3.1/thumb/v7e-m+fp/hard\libgcc.a(_aeabi_uldivmod.o)
 .ARM.attributes
                0x0000090d       0x34 C:/ST/STM32CubeIDE_1.16.1/STM32CubeIDE/plugins/com.st.stm32cube.ide.mcu.externaltools.gnu-tools-for-stm32.12.3.rel1.win32_1.0.200.202406191623/tools/bin/../lib/gcc/arm-none-eabi/12.3.1/thumb/v7e-m+fp/hard\libgcc.a(_udivmoddi4.o)
 .ARM.attributes
                0x00000941       0x22 C:/ST/STM32CubeIDE_1.16.1/STM32CubeIDE/plugins/com.st.stm32cube.ide.mcu.externaltools.gnu-tools-for-stm32.12.3.rel1.win32_1.0.200.202406191623/tools/bin/../lib/gcc/arm-none-eabi/12.3.1/thumb/v7e-m+fp/hard\libgcc.a(_dvmd_tls.o)
 .ARM.attributes
                0x00000963       0x22 C:/ST/STM32CubeIDE_1.16.1/STM32CubeIDE/plugins/com.st.stm32cube.ide.mcu.externaltools.gnu-tools-for-stm32.12.3.rel1.win32_1.0.200.202406191623/tools/bin/../lib/gcc/arm-none-eabi/12.3.1/thumb/v7e-m+fp/hard/crtn.o
OUTPUT(FC_inzynierka_v2.elf elf32-littlearm)
LOAD linker stubs
LOAD C:/ST/STM32CubeIDE_1.16.1/STM32CubeIDE/plugins/com.st.stm32cube.ide.mcu.externaltools.gnu-tools-for-stm32.12.3.rel1.win32_1.0.200.202406191623/tools/bin/../lib/gcc/arm-none-eabi/12.3.1/../../../../arm-none-eabi/lib/thumb/v7e-m+fp/hard\libc.a
LOAD C:/ST/STM32CubeIDE_1.16.1/STM32CubeIDE/plugins/com.st.stm32cube.ide.mcu.externaltools.gnu-tools-for-stm32.12.3.rel1.win32_1.0.200.202406191623/tools/bin/../lib/gcc/arm-none-eabi/12.3.1/../../../../arm-none-eabi/lib/thumb/v7e-m+fp/hard\libm.a
LOAD C:/ST/STM32CubeIDE_1.16.1/STM32CubeIDE/plugins/com.st.stm32cube.ide.mcu.externaltools.gnu-tools-for-stm32.12.3.rel1.win32_1.0.200.202406191623/tools/bin/../lib/gcc/arm-none-eabi/12.3.1/thumb/v7e-m+fp/hard\libgcc.a

.debug_info     0x00000000    0x1eca4
 .debug_info    0x00000000      0x4e9 ./Core/Src/dma.o
 .debug_info    0x000004e9     0x5a4b ./Core/Src/driver_mpu6500.o
 .debug_info    0x00005f34      0xc9a ./Core/Src/driver_mpu6500_basic.o
 .debug_info    0x00006bce      0x42d ./Core/Src/gpio.o
 .debug_info    0x00006ffb      0xe9f ./Core/Src/i2c.o
 .debug_info    0x00007e9a      0xd92 ./Core/Src/ibus.o
 .debug_info    0x00008c2c     0x180a ./Core/Src/main.o
 .debug_info    0x0000a436      0x1bd ./Core/Src/pid.o
 .debug_info    0x0000a5f3      0xc94 ./Core/Src/spi.o
 .debug_info    0x0000b287      0x28d ./Core/Src/stm32f7xx_hal_msp.o
 .debug_info    0x0000b514     0x11ae ./Core/Src/stm32f7xx_it.o
 .debug_info    0x0000c6c2      0x6ed ./Core/Src/system_stm32f7xx.o
 .debug_info    0x0000cdaf     0x125b ./Core/Src/tim.o
 .debug_info    0x0000e00a      0xf12 ./Core/Src/usart.o
 .debug_info    0x0000ef1c       0x30 ./Core/Startup/startup_stm32f722retx.o
 .debug_info    0x0000ef4c      0xa64 ./Core/interface/driver_mpu6500_interface.o
 .debug_info    0x0000f9b0      0x990 ./Drivers/STM32F7xx_HAL_Driver/Src/stm32f7xx_hal.o
 .debug_info    0x00010340      0xf36 ./Drivers/STM32F7xx_HAL_Driver/Src/stm32f7xx_hal_cortex.o
 .debug_info    0x00011276      0x8e7 ./Drivers/STM32F7xx_HAL_Driver/Src/stm32f7xx_hal_dma.o
 .debug_info    0x00011b5d      0x6e7 ./Drivers/STM32F7xx_HAL_Driver/Src/stm32f7xx_hal_gpio.o
 .debug_info    0x00012244     0x2147 ./Drivers/STM32F7xx_HAL_Driver/Src/stm32f7xx_hal_i2c.o
 .debug_info    0x0001438b      0x922 ./Drivers/STM32F7xx_HAL_Driver/Src/stm32f7xx_hal_i2c_ex.o
 .debug_info    0x00014cad      0x8fc ./Drivers/STM32F7xx_HAL_Driver/Src/stm32f7xx_hal_rcc.o
 .debug_info    0x000155a9      0x6b2 ./Drivers/STM32F7xx_HAL_Driver/Src/stm32f7xx_hal_rcc_ex.o
 .debug_info    0x00015c5b     0x15c0 ./Drivers/STM32F7xx_HAL_Driver/Src/stm32f7xx_hal_spi.o
 .debug_info    0x0001721b     0x2abd ./Drivers/STM32F7xx_HAL_Driver/Src/stm32f7xx_hal_tim.o
 .debug_info    0x00019cd8     0x15bb ./Drivers/STM32F7xx_HAL_Driver/Src/stm32f7xx_hal_tim_ex.o
 .debug_info    0x0001b293     0x3a11 ./Drivers/STM32F7xx_HAL_Driver/Src/stm32f7xx_hal_uart.o

.debug_abbrev   0x00000000     0x3a9d
 .debug_abbrev  0x00000000      0x10e ./Core/Src/dma.o
 .debug_abbrev  0x0000010e      0x29b ./Core/Src/driver_mpu6500.o
 .debug_abbrev  0x000003a9      0x242 ./Core/Src/driver_mpu6500_basic.o
 .debug_abbrev  0x000005eb      0x152 ./Core/Src/gpio.o
 .debug_abbrev  0x0000073d      0x236 ./Core/Src/i2c.o
 .debug_abbrev  0x00000973      0x325 ./Core/Src/ibus.o
 .debug_abbrev  0x00000c98      0x3b7 ./Core/Src/main.o
 .debug_abbrev  0x0000104f       0xe5 ./Core/Src/pid.o
 .debug_abbrev  0x00001134      0x21f ./Core/Src/spi.o
 .debug_abbrev  0x00001353       0xd8 ./Core/Src/stm32f7xx_hal_msp.o
 .debug_abbrev  0x0000142b      0x223 ./Core/Src/stm32f7xx_it.o
 .debug_abbrev  0x0000164e      0x13b ./Core/Src/system_stm32f7xx.o
 .debug_abbrev  0x00001789      0x25b ./Core/Src/tim.o
 .debug_abbrev  0x000019e4      0x22b ./Core/Src/usart.o
 .debug_abbrev  0x00001c0f       0x24 ./Core/Startup/startup_stm32f722retx.o
 .debug_abbrev  0x00001c33      0x298 ./Core/interface/driver_mpu6500_interface.o
 .debug_abbrev  0x00001ecb      0x213 ./Drivers/STM32F7xx_HAL_Driver/Src/stm32f7xx_hal.o
 .debug_abbrev  0x000020de      0x31e ./Drivers/STM32F7xx_HAL_Driver/Src/stm32f7xx_hal_cortex.o
 .debug_abbrev  0x000023fc      0x264 ./Drivers/STM32F7xx_HAL_Driver/Src/stm32f7xx_hal_dma.o
 .debug_abbrev  0x00002660      0x1d4 ./Drivers/STM32F7xx_HAL_Driver/Src/stm32f7xx_hal_gpio.o
 .debug_abbrev  0x00002834      0x260 ./Drivers/STM32F7xx_HAL_Driver/Src/stm32f7xx_hal_i2c.o
 .debug_abbrev  0x00002a94      0x19c ./Drivers/STM32F7xx_HAL_Driver/Src/stm32f7xx_hal_i2c_ex.o
 .debug_abbrev  0x00002c30      0x288 ./Drivers/STM32F7xx_HAL_Driver/Src/stm32f7xx_hal_rcc.o
 .debug_abbrev  0x00002eb8      0x1a5 ./Drivers/STM32F7xx_HAL_Driver/Src/stm32f7xx_hal_rcc_ex.o
 .debug_abbrev  0x0000305d      0x25f ./Drivers/STM32F7xx_HAL_Driver/Src/stm32f7xx_hal_spi.o
 .debug_abbrev  0x000032bc      0x278 ./Drivers/STM32F7xx_HAL_Driver/Src/stm32f7xx_hal_tim.o
 .debug_abbrev  0x00003534      0x283 ./Drivers/STM32F7xx_HAL_Driver/Src/stm32f7xx_hal_tim_ex.o
 .debug_abbrev  0x000037b7      0x2e6 ./Drivers/STM32F7xx_HAL_Driver/Src/stm32f7xx_hal_uart.o

.debug_aranges  0x00000000     0x1b20
 .debug_aranges
                0x00000000       0x20 ./Core/Src/dma.o
 .debug_aranges
                0x00000020      0x6d8 ./Core/Src/driver_mpu6500.o
 .debug_aranges
                0x000006f8       0x38 ./Core/Src/driver_mpu6500_basic.o
 .debug_aranges
                0x00000730       0x20 ./Core/Src/gpio.o
 .debug_aranges
                0x00000750       0x30 ./Core/Src/i2c.o
 .debug_aranges
                0x00000780       0x70 ./Core/Src/ibus.o
 .debug_aranges
                0x000007f0       0x88 ./Core/Src/main.o
 .debug_aranges
                0x00000878       0x28 ./Core/Src/pid.o
 .debug_aranges
                0x000008a0       0x38 ./Core/Src/spi.o
 .debug_aranges
                0x000008d8       0x20 ./Core/Src/stm32f7xx_hal_msp.o
 .debug_aranges
                0x000008f8       0xb8 ./Core/Src/stm32f7xx_it.o
 .debug_aranges
                0x000009b0       0x28 ./Core/Src/system_stm32f7xx.o
 .debug_aranges
                0x000009d8       0x58 ./Core/Src/tim.o
 .debug_aranges
                0x00000a30       0x30 ./Core/Src/usart.o
 .debug_aranges
                0x00000a60       0x28 ./Core/Startup/startup_stm32f722retx.o
 .debug_aranges
                0x00000a88       0x80 ./Core/interface/driver_mpu6500_interface.o
 .debug_aranges
                0x00000b08      0x100 ./Drivers/STM32F7xx_HAL_Driver/Src/stm32f7xx_hal.o
 .debug_aranges
                0x00000c08      0x128 ./Drivers/STM32F7xx_HAL_Driver/Src/stm32f7xx_hal_cortex.o
 .debug_aranges
                0x00000d30       0x90 ./Drivers/STM32F7xx_HAL_Driver/Src/stm32f7xx_hal_dma.o
 .debug_aranges
                0x00000dc0       0x58 ./Drivers/STM32F7xx_HAL_Driver/Src/stm32f7xx_hal_gpio.o
 .debug_aranges
                0x00000e18      0x2a0 ./Drivers/STM32F7xx_HAL_Driver/Src/stm32f7xx_hal_i2c.o
 .debug_aranges
                0x000010b8       0x38 ./Drivers/STM32F7xx_HAL_Driver/Src/stm32f7xx_hal_i2c_ex.o
 .debug_aranges
                0x000010f0       0x88 ./Drivers/STM32F7xx_HAL_Driver/Src/stm32f7xx_hal_rcc.o
 .debug_aranges
                0x00001178       0x50 ./Drivers/STM32F7xx_HAL_Driver/Src/stm32f7xx_hal_rcc_ex.o
 .debug_aranges
                0x000011c8      0x1d8 ./Drivers/STM32F7xx_HAL_Driver/Src/stm32f7xx_hal_spi.o
 .debug_aranges
                0x000013a0      0x3e0 ./Drivers/STM32F7xx_HAL_Driver/Src/stm32f7xx_hal_tim.o
 .debug_aranges
                0x00001780      0x178 ./Drivers/STM32F7xx_HAL_Driver/Src/stm32f7xx_hal_tim_ex.o
 .debug_aranges
                0x000018f8      0x228 ./Drivers/STM32F7xx_HAL_Driver/Src/stm32f7xx_hal_uart.o

.debug_rnglists
                0x00000000     0x1575
 .debug_rnglists
                0x00000000       0x13 ./Core/Src/dma.o
 .debug_rnglists
                0x00000013      0x58f ./Core/Src/driver_mpu6500.o
 .debug_rnglists
                0x000005a2       0x26 ./Core/Src/driver_mpu6500_basic.o
 .debug_rnglists
                0x000005c8       0x14 ./Core/Src/gpio.o
 .debug_rnglists
                0x000005dc       0x21 ./Core/Src/i2c.o
 .debug_rnglists
                0x000005fd       0x60 ./Core/Src/ibus.o
 .debug_rnglists
                0x0000065d       0x68 ./Core/Src/main.o
 .debug_rnglists
                0x000006c5       0x1a ./Core/Src/pid.o
 .debug_rnglists
                0x000006df       0x26 ./Core/Src/spi.o
 .debug_rnglists
                0x00000705       0x13 ./Core/Src/stm32f7xx_hal_msp.o
 .debug_rnglists
                0x00000718       0x85 ./Core/Src/stm32f7xx_it.o
 .debug_rnglists
                0x0000079d       0x1a ./Core/Src/system_stm32f7xx.o
 .debug_rnglists
                0x000007b7       0x45 ./Core/Src/tim.o
 .debug_rnglists
                0x000007fc       0x20 ./Core/Src/usart.o
 .debug_rnglists
                0x0000081c       0x19 ./Core/Startup/startup_stm32f722retx.o
 .debug_rnglists
                0x00000835       0x5f ./Core/interface/driver_mpu6500_interface.o
 .debug_rnglists
                0x00000894       0xbb ./Drivers/STM32F7xx_HAL_Driver/Src/stm32f7xx_hal.o
 .debug_rnglists
                0x0000094f       0xda ./Drivers/STM32F7xx_HAL_Driver/Src/stm32f7xx_hal_cortex.o
 .debug_rnglists
                0x00000a29       0x70 ./Drivers/STM32F7xx_HAL_Driver/Src/stm32f7xx_hal_dma.o
 .debug_rnglists
                0x00000a99       0x3f ./Drivers/STM32F7xx_HAL_Driver/Src/stm32f7xx_hal_gpio.o
 .debug_rnglists
                0x00000ad8      0x228 ./Drivers/STM32F7xx_HAL_Driver/Src/stm32f7xx_hal_i2c.o
 .debug_rnglists
                0x00000d00       0x27 ./Drivers/STM32F7xx_HAL_Driver/Src/stm32f7xx_hal_i2c_ex.o
 .debug_rnglists
                0x00000d27       0x67 ./Drivers/STM32F7xx_HAL_Driver/Src/stm32f7xx_hal_rcc.o
 .debug_rnglists
                0x00000d8e       0x3c ./Drivers/STM32F7xx_HAL_Driver/Src/stm32f7xx_hal_rcc_ex.o
 .debug_rnglists
                0x00000dca      0x178 ./Drivers/STM32F7xx_HAL_Driver/Src/stm32f7xx_hal_spi.o
 .debug_rnglists
                0x00000f42      0x328 ./Drivers/STM32F7xx_HAL_Driver/Src/stm32f7xx_hal_tim.o
 .debug_rnglists
                0x0000126a      0x131 ./Drivers/STM32F7xx_HAL_Driver/Src/stm32f7xx_hal_tim_ex.o
 .debug_rnglists
                0x0000139b      0x1da ./Drivers/STM32F7xx_HAL_Driver/Src/stm32f7xx_hal_uart.o

.debug_macro    0x00000000    0x25182
 .debug_macro   0x00000000      0x210 ./Core/Src/dma.o
 .debug_macro   0x00000210      0xab4 ./Core/Src/dma.o
 .debug_macro   0x00000cc4      0x299 ./Core/Src/dma.o
 .debug_macro   0x00000f5d       0x2e ./Core/Src/dma.o
 .debug_macro   0x00000f8b       0x3b ./Core/Src/dma.o
 .debug_macro   0x00000fc6       0x22 ./Core/Src/dma.o
 .debug_macro   0x00000fe8       0x8e ./Core/Src/dma.o
 .debug_macro   0x00001076       0x51 ./Core/Src/dma.o
 .debug_macro   0x000010c7      0x103 ./Core/Src/dma.o
 .debug_macro   0x000011ca       0x6a ./Core/Src/dma.o
 .debug_macro   0x00001234      0x1df ./Core/Src/dma.o
 .debug_macro   0x00001413       0x1c ./Core/Src/dma.o
 .debug_macro   0x0000142f       0x22 ./Core/Src/dma.o
 .debug_macro   0x00001451       0xd9 ./Core/Src/dma.o
 .debug_macro   0x0000152a     0x12cd ./Core/Src/dma.o
 .debug_macro   0x000027f7      0x11f ./Core/Src/dma.o
 .debug_macro   0x00002916       0x19 ./Core/Src/dma.o
 .debug_macro   0x0000292f    0x15c67 ./Core/Src/dma.o
 .debug_macro   0x00018596       0x6d ./Core/Src/dma.o
 .debug_macro   0x00018603     0x375e ./Core/Src/dma.o
 .debug_macro   0x0001bd61      0x189 ./Core/Src/dma.o
 .debug_macro   0x0001beea       0x63 ./Core/Src/dma.o
 .debug_macro   0x0001bf4d     0x155e ./Core/Src/dma.o
 .debug_macro   0x0001d4ab      0x6c4 ./Core/Src/dma.o
 .debug_macro   0x0001db6f      0x17e ./Core/Src/dma.o
 .debug_macro   0x0001dced      0x115 ./Core/Src/dma.o
 .debug_macro   0x0001de02      0x1d8 ./Core/Src/dma.o
 .debug_macro   0x0001dfda       0xa5 ./Core/Src/dma.o
 .debug_macro   0x0001e07f      0x24f ./Core/Src/dma.o
 .debug_macro   0x0001e2ce       0x71 ./Core/Src/dma.o
 .debug_macro   0x0001e33f       0x58 ./Core/Src/dma.o
 .debug_macro   0x0001e397      0x236 ./Core/Src/dma.o
 .debug_macro   0x0001e5cd      0x154 ./Core/Src/dma.o
 .debug_macro   0x0001e721      0x2c3 ./Core/Src/dma.o
 .debug_macro   0x0001e9e4       0x12 ./Core/Src/dma.o
 .debug_macro   0x0001e9f6      0x22c ./Core/Src/dma.o
 .debug_macro   0x0001ec22       0x61 ./Core/Src/dma.o
 .debug_macro   0x0001ec83       0xa5 ./Core/Src/dma.o
 .debug_macro   0x0001ed28      0x12e ./Core/Src/dma.o
 .debug_macro   0x0001ee56      0x108 ./Core/Src/dma.o
 .debug_macro   0x0001ef5e       0x35 ./Core/Src/dma.o
 .debug_macro   0x0001ef93      0x2fe ./Core/Src/dma.o
 .debug_macro   0x0001f291      0xa83 ./Core/Src/dma.o
 .debug_macro   0x0001fd14       0x59 ./Core/Src/dma.o
 .debug_macro   0x0001fd6d      0x56d ./Core/Src/dma.o
 .debug_macro   0x000202da       0x44 ./Core/Src/dma.o
 .debug_macro   0x0002031e      0x14d ./Core/Src/dma.o
 .debug_macro   0x0002046b       0xa0 ./Core/Src/dma.o
 .debug_macro   0x0002050b      0x520 ./Core/Src/driver_mpu6500.o
 .debug_macro   0x00020a2b       0x5b ./Core/Src/driver_mpu6500.o
 .debug_macro   0x00020a86       0x2a ./Core/Src/driver_mpu6500.o
 .debug_macro   0x00020ab0       0x94 ./Core/Src/driver_mpu6500.o
 .debug_macro   0x00020b44       0x43 ./Core/Src/driver_mpu6500.o
 .debug_macro   0x00020b87       0x34 ./Core/Src/driver_mpu6500.o
 .debug_macro   0x00020bbb       0x16 ./Core/Src/driver_mpu6500.o
 .debug_macro   0x00020bd1       0x57 ./Core/Src/driver_mpu6500.o
 .debug_macro   0x00020c28       0x9e ./Core/Src/driver_mpu6500.o
 .debug_macro   0x00020cc6      0x369 ./Core/Src/driver_mpu6500.o