Archive member included to satisfy reference by file (symbol)

C:/ST/STM32CubeIDE_1.16.1/STM32CubeIDE/plugins/com.st.stm32cube.ide.mcu.externaltools.gnu-tools-for-stm32.12.3.rel1.win32_1.0.200.202406191623/tools/bin/../lib/gcc/arm-none-eabi/12.3.1/../../../../arm-none-eabi/lib/thumb/v7e-m+fp/hard\libc_nano.a(libc_a-assert.o)
                              ./Core/Src/lps22df_reg.o (__assert_func)
C:/ST/STM32CubeIDE_1.16.1/STM32CubeIDE/plugins/com.st.stm32cube.ide.mcu.externaltools.gnu-tools-for-stm32.12.3.rel1.win32_1.0.200.202406191623/tools/bin/../lib/gcc/arm-none-eabi/12.3.1/../../../../arm-none-eabi/lib/thumb/v7e-m+fp/hard\libc_nano.a(libc_a-exit.o)
                              C:/ST/STM32CubeIDE_1.16.1/STM32CubeIDE/plugins/com.st.stm32cube.ide.mcu.externaltools.gnu-tools-for-stm32.12.3.rel1.win32_1.0.200.202406191623/tools/bin/../lib/gcc/arm-none-eabi/12.3.1/../../../../arm-none-eabi/lib/thumb/v7e-m+fp/hard/crt0.o (exit)
C:/ST/STM32CubeIDE_1.16.1/STM32CubeIDE/plugins/com.st.stm32cube.ide.mcu.externaltools.gnu-tools-for-stm32.12.3.rel1.win32_1.0.200.202406191623/tools/bin/../lib/gcc/arm-none-eabi/12.3.1/../../../../arm-none-eabi/lib/thumb/v7e-m+fp/hard\libc_nano.a(libc_a-findfp.o)
                              C:/ST/STM32CubeIDE_1.16.1/STM32CubeIDE/plugins/com.st.stm32cube.ide.mcu.externaltools.gnu-tools-for-stm32.12.3.rel1.win32_1.0.200.202406191623/tools/bin/../lib/gcc/arm-none-eabi/12.3.1/../../../../arm-none-eabi/lib/thumb/v7e-m+fp/hard\libc_nano.a(libc_a-exit.o) (__stdio_exit_handler)
C:/ST/STM32CubeIDE_1.16.1/STM32CubeIDE/plugins/com.st.stm32cube.ide.mcu.externaltools.gnu-tools-for-stm32.12.3.rel1.win32_1.0.200.202406191623/tools/bin/../lib/gcc/arm-none-eabi/12.3.1/../../../../arm-none-eabi/lib/thumb/v7e-m+fp/hard\libc_nano.a(libc_a-fprintf.o)
                              C:/ST/STM32CubeIDE_1.16.1/STM32CubeIDE/plugins/com.st.stm32cube.ide.mcu.externaltools.gnu-tools-for-stm32.12.3.rel1.win32_1.0.200.202406191623/tools/bin/../lib/gcc/arm-none-eabi/12.3.1/../../../../arm-none-eabi/lib/thumb/v7e-m+fp/hard\libc_nano.a(libc_a-assert.o) (fiprintf)
C:/ST/STM32CubeIDE_1.16.1/STM32CubeIDE/plugins/com.st.stm32cube.ide.mcu.externaltools.gnu-tools-for-stm32.12.3.rel1.win32_1.0.200.202406191623/tools/bin/../lib/gcc/arm-none-eabi/12.3.1/../../../../arm-none-eabi/lib/thumb/v7e-m+fp/hard\libc_nano.a(libc_a-fwalk.o)
                              C:/ST/STM32CubeIDE_1.16.1/STM32CubeIDE/plugins/com.st.stm32cube.ide.mcu.externaltools.gnu-tools-for-stm32.12.3.rel1.win32_1.0.200.202406191623/tools/bin/../lib/gcc/arm-none-eabi/12.3.1/../../../../arm-none-eabi/lib/thumb/v7e-m+fp/hard\libc_nano.a(libc_a-findfp.o) (_fwalk_sglue)
C:/ST/STM32CubeIDE_1.16.1/STM32CubeIDE/plugins/com.st.stm32cube.ide.mcu.externaltools.gnu-tools-for-stm32.12.3.rel1.win32_1.0.200.202406191623/tools/bin/../lib/gcc/arm-none-eabi/12.3.1/../../../../arm-none-eabi/lib/thumb/v7e-m+fp/hard\libc_nano.a(libc_a-stdio.o)
                              C:/ST/STM32CubeIDE_1.16.1/STM32CubeIDE/plugins/com.st.stm32cube.ide.mcu.externaltools.gnu-tools-for-stm32.12.3.rel1.win32_1.0.200.202406191623/tools/bin/../lib/gcc/arm-none-eabi/12.3.1/../../../../arm-none-eabi/lib/thumb/v7e-m+fp/hard\libc_nano.a(libc_a-findfp.o) (__sread)
C:/ST/STM32CubeIDE_1.16.1/STM32CubeIDE/plugins/com.st.stm32cube.ide.mcu.externaltools.gnu-tools-for-stm32.12.3.rel1.win32_1.0.200.202406191623/tools/bin/../lib/gcc/arm-none-eabi/12.3.1/../../../../arm-none-eabi/lib/thumb/v7e-m+fp/hard\libc_nano.a(libc_a-memcmp.o)
                              ./Core/Src/driver_mpu6500.o (memcmp)
C:/ST/STM32CubeIDE_1.16.1/STM32CubeIDE/plugins/com.st.stm32cube.ide.mcu.externaltools.gnu-tools-for-stm32.12.3.rel1.win32_1.0.200.202406191623/tools/bin/../lib/gcc/arm-none-eabi/12.3.1/../../../../arm-none-eabi/lib/thumb/v7e-m+fp/hard\libc_nano.a(libc_a-memmove.o)
                              ./Core/Src/ibus.o (memmove)
C:/ST/STM32CubeIDE_1.16.1/STM32CubeIDE/plugins/com.st.stm32cube.ide.mcu.externaltools.gnu-tools-for-stm32.12.3.rel1.win32_1.0.200.202406191623/tools/bin/../lib/gcc/arm-none-eabi/12.3.1/../../../../arm-none-eabi/lib/thumb/v7e-m+fp/hard\libc_nano.a(libc_a-memset.o)
                              C:/ST/STM32CubeIDE_1.16.1/STM32CubeIDE/plugins/com.st.stm32cube.ide.mcu.externaltools.gnu-tools-for-stm32.12.3.rel1.win32_1.0.200.202406191623/tools/bin/../lib/gcc/arm-none-eabi/12.3.1/../../../../arm-none-eabi/lib/thumb/v7e-m+fp/hard/crt0.o (memset)
C:/ST/STM32CubeIDE_1.16.1/STM32CubeIDE/plugins/com.st.stm32cube.ide.mcu.externaltools.gnu-tools-for-stm32.12.3.rel1.win32_1.0.200.202406191623/tools/bin/../lib/gcc/arm-none-eabi/12.3.1/../../../../arm-none-eabi/lib/thumb/v7e-m+fp/hard\libc_nano.a(libc_a-strncpy.o)
                              ./Core/Src/driver_mpu6500.o (strncpy)
[...]
Memory Configuration

Name             Origin             Length             Attributes
RAM              0x20000000         0x00040000         xrw
FLASH            0x08000000         0x00080000         xr
*default*        0x00000000         0xffffffff

Linker script and memory map

LOAD C:/ST/STM32CubeIDE_1.16.1/STM32CubeIDE/plugins/com.st.stm32cube.ide.mcu.externaltools.gnu-tools-for-stm32.12.3.rel1.win32_1.0.200.202406191623/tools/bin/../lib/gcc/arm-none-eabi/12.3.1/thumb/v7e-m+fp/hard/crti.o
LOAD C:/ST/STM32CubeIDE_1.16.1/STM32CubeIDE/plugins/com.st.stm32cube.ide.mcu.externaltools.gnu-tools-for-stm32.12.3.rel1.win32_1.0.200.202406191623/tools/bin/../lib/gcc/arm-none-eabi/12.3.1/thumb/v7e-m+fp/hard/crtbegin.o
LOAD C:/ST/STM32CubeIDE_1.16.1/STM32CubeIDE/plugins/com.st.stm32cube.ide.mcu.externaltools.gnu-tools-for-stm32.12.3.rel1.win32_1.0.200.202406191623/tools/bin/../lib/gcc/arm-none-eabi/12.3.1/../../../../arm-none-eabi/lib/thumb/v7e-m+fp/hard/crt0.o
LOAD ./Core/Src/dma.o
LOAD ./Core/Src/driver_mpu6500.o
LOAD ./Core/Src/driver_mpu6500_basic.o
LOAD ./Core/Src/driver_mpu6500_fifo.o
LOAD ./Core/Src/gpio.o
LOAD ./Core/Src/i2c.o
LOAD ./Core/Src/ibus.o
LOAD ./Core/Src/lps22df_platform.o
LOAD ./Core/Src/lps22df_reg.o
LOAD ./Core/Src/main.o
LOAD ./Core/Src/pid.o
LOAD ./Core/Src/spi.o
LOAD ./Core/Src/stm32f7xx_hal_msp.o
LOAD ./Core/Src/stm32f7xx_it.o
LOAD ./Core/Src/syscalls.o
LOAD ./Core/Src/sysmem.o
LOAD ./Core/Src/system_stm32f7xx.o
LOAD ./Core/Src/tim.o
LOAD ./Core/Src/usart.o
LOAD ./Core/Startup/startup_stm32f722retx.o
LOAD ./Core/interface/driver_mpu6500_interface.o
LOAD ./Drivers/BSP/Components/lps22hb/lps22hb.o
LOAD ./Drivers/BSP/Components/lps22hb/lps22hb_reg.o
LOAD ./Drivers/STM32F7xx_HAL_Driver/Src/stm32f7xx_hal.o
LOAD ./Drivers/STM32F7xx_HAL_Driver/Src/stm32f7xx_hal_cortex.o
LOAD ./Drivers/STM32F7xx_HAL_Driver/Src/stm32f7xx_hal_dma.o
LOAD ./Drivers/STM32F7xx_HAL_Driver/Src/stm32f7xx_hal_dma_ex.o
LOAD ./Drivers/STM32F7xx_HAL_Driver/Src/stm32f7xx_hal_exti.o
LOAD ./Drivers/STM32F7xx_HAL_Driver/Src/stm32f7xx_hal_flash.o
LOAD ./Drivers/STM32F7xx_HAL_Driver/Src/stm32f7xx_hal_flash_ex.o
LOAD ./Drivers/STM32F7xx_HAL_Driver/Src/stm32f7xx_hal_gpio.o
LOAD ./Drivers/STM32F7xx_HAL_Driver/Src/stm32f7xx_hal_i2c.o
LOAD ./Drivers/STM32F7xx_HAL_Driver/Src/stm32f7xx_hal_i2c_ex.o
LOAD ./Drivers/STM32F7xx_HAL_Driver/Src/stm32f7xx_hal_pwr.o
LOAD ./Drivers/STM32F7xx_HAL_Driver/Src/stm32f7xx_hal_pwr_ex.o
LOAD ./Drivers/STM32F7xx_HAL_Driver/Src/stm32f7xx_hal_rcc.o
LOAD ./Drivers/STM32F7xx_HAL_Driver/Src/stm32f7xx_hal_rcc_ex.o
LOAD ./Drivers/STM32F7xx_HAL_Driver/Src/stm32f7xx_hal_spi.o
LOAD ./Drivers/STM32F7xx_HAL_Driver/Src/stm32f7xx_hal_spi_ex.o
LOAD ./Drivers/STM32F7xx_HAL_Driver/Src/stm32f7xx_hal_tim.o
LOAD ./Drivers/STM32F7xx_HAL_Driver/Src/stm32f7xx_hal_tim_ex.o
LOAD ./Drivers/STM32F7xx_HAL_Driver/Src/stm32f7xx_hal_uart.o
LOAD ./Drivers/STM32F7xx_HAL_Driver/Src/stm32f7xx_hal_uart_ex.o
START GROUP
LOAD C:/ST/STM32CubeIDE_1.16.1/STM32CubeIDE/plugins/com.st.stm32cube.ide.mcu.externaltools.gnu-tools-for-stm32.12.3.rel1.win32_1.0.200.202406191623/tools/bin/../lib/gcc/arm-none-eabi/12.3.1/../../../../arm-none-eabi/lib/thumb/v7e-m+fp/hard\libc_nano.a
LOAD C:/ST/STM32CubeIDE_1.16.1/STM32CubeIDE/plugins/com.st.stm32cube.ide.mcu.externaltools.gnu-tools-for-stm32.12.3.rel1.win32_1.0.200.202406191623/tools/bin/../lib/gcc/arm-none-eabi/12.3.1/../../../../arm-none-eabi/lib/thumb/v7e-m+fp/hard\libm.a
END GROUP
START GROUP
LOAD C:/ST/STM32CubeIDE_1.16.1/STM32CubeIDE/plugins/com.st.stm32cube.ide.mcu.externaltools.gnu-tools-for-stm32.12.3.rel1.win32_1.0.200.202406191623/tools/bin/../lib/gcc/arm-none-eabi/12.3.1/thumb/v7e-m+fp/hard\libgcc.a
LOAD C:/ST/STM32CubeIDE_1.16.1/STM32CubeIDE/plugins/com.st.stm32cube.ide.mcu.externaltools.gnu-tools-for-stm32.12.3.rel1.win32_1.0.200.202406191623/tools/bin/../lib/gcc/arm-none-eabi/12.3.1/../../../../arm-none-eabi/lib/thumb/v7e-m+fp/hard\libc_nano.a
END GROUP
START GROUP
LOAD C:/ST/STM32CubeIDE_1.16.1/STM32CubeIDE/plugins/com.st.stm32cube.ide.mcu.externaltools.gnu-tools-for-stm32.12.3.rel1.win32_1.0.200.202406191623/tools/bin/../lib/gcc/arm-none-eabi/12.3.1/thumb/v7e-m+fp/hard\libgcc.a
LOAD C:/ST/STM32CubeIDE_1.16.1/STM32CubeIDE/plugins/com.st.stm32cube.ide.mcu.externaltools.gnu-tools-for-stm32.12.3.rel1.win32_1.0.200.202406191623/tools/bin/../lib/gcc/arm-none-eabi/12.3.1/../../../../arm-none-eabi/lib/thumb/v7e-m+fp/hard\libc_nano.a
LOAD C:/ST/STM32CubeIDE_1.16.1/STM32CubeIDE/plugins/com.st.stm32cube.ide.mcu.externaltools.gnu-tools-for-stm32.12.3.rel1.win32_1.0.200.202406191623/tools/bin/../lib/gcc/arm-none-eabi/12.3.1/../../../../arm-none-eabi/lib/thumb/v7e-m+fp/hard\libnosys.a
END GROUP
START GROUP
LOAD C:/ST/STM32CubeIDE_1.16.1/STM32CubeIDE/plugins/com.st.stm32cube.ide.mcu.externaltools.gnu-tools-for-stm32.12.3.rel1.win32_1.0.200.202406191623/tools/bin/../lib/gcc/arm-none-eabi/12.3.1/thumb/v7e-m+fp/hard\libgcc.a
LOAD C:/ST/STM32CubeIDE_1.16.1/STM32CubeIDE/plugins/com.st.stm32cube.ide.mcu.externaltools.gnu-tools-for-stm32.12.3.rel1.win32_1.0.200.202406191623/tools/bin/../lib/gcc/arm-none-eabi/12.3.1/../../../../arm-none-eabi/lib/thumb/v7e-m+fp/hard\libc_nano.a
LOAD C:/ST/STM32CubeIDE_1.16.1/STM32CubeIDE/plugins/com.st.stm32cube.ide.mcu.externaltools.gnu-tools-for-stm32.12.3.rel1.win32_1.0.200.202406191623/tools/bin/../lib/gcc/arm-none-eabi/12.3.1/../../../../arm-none-eabi/lib/thumb/v7e-m+fp/hard\libnosys.a
END GROUP
LOAD C:/ST/STM32CubeIDE_1.16.1/STM32CubeIDE/plugins/com.st.stm32cube.ide.mcu.externaltools.gnu-tools-for-stm32.12.3.rel1.win32_1.0.200.202406191623/tools/bin/../lib/gcc/arm-none-eabi/12.3.1/thumb/v7e-m+fp/hard/crtend.o
LOAD C:/ST/STM32CubeIDE_1.16.1/STM32CubeIDE/plugins/com.st.stm32cube.ide.mcu.externaltools.gnu-tools-for-stm32.12.3.rel1.win32_1.0.200.202406191623/tools/bin/../lib/gcc/arm-none-eabi/12.3.1/thumb/v7e-m+fp/hard/crtn.o
                0x20040000                        _estack = (ORIGIN (RAM) + LENGTH (RAM))
                0x00000200                        _Min_Heap_Size = 0x200
                0x00000400                        _Min_Stack_Size = 0x400

.isr_vector     0x08000000      0x1e0
                0x08000000                        . = ALIGN (0x4)
 *(.isr_vector)
 .isr_vector    0x08000000      0x1e0 ./Core/Startup/startup_stm32f722retx.o
                0x08000000                g_pfnVectors
                0x080001e0                        . = ALIGN (0x4)

.text           0x080001e0     0xe270
                0x080001e0                        . = ALIGN (0x4)
 *(.text)
 .text          0x080001e0       0x40 C:/ST/STM32CubeIDE_1.16.1/STM32CubeIDE/plugins/com.st.stm32cube.ide.mcu.externaltools.gnu-tools-for-stm32.12.3.rel1.win32_1.0.200.202406191623/tools/bin/../lib/gcc/arm-none-eabi/12.3.1/thumb/v7e-m+fp/hard/crtbegin.o
 .text          0x08000220      0x378 C:/ST/STM32CubeIDE_1.16.1/STM32CubeIDE/plugins/com.st.stm32cube.ide.mcu.externaltools.gnu-tools-for-stm32.12.3.rel1.win32_1.0.200.202406191623/tools/bin/../lib/gcc/arm-none-eabi/12.3.1/thumb/v7e-m+fp/hard\libgcc.a(_arm_addsubdf3.o)
                0x08000220                __aeabi_drsub
                0x08000228                __aeabi_dsub
                0x08000228                __subdf3
                0x0800022c                __aeabi_dadd
                0x0800022c                __adddf3
                0x080004a4                __floatunsidf
                0x080004a4                __aeabi_ui2d
                0x080004c4                __floatsidf
                0x080004c4                __aeabi_i2d
                0x080004e8                __aeabi_f2d
                0x080004e8                __extendsfdf2
                0x0800052c                __floatundidf
                0x0800052c                __aeabi_ul2d
                0x0800053c                __floatdidf
                0x0800053c                __aeabi_l2d
 .text          0x08000598      0x424 C:/ST/STM32CubeIDE_1.16.1/STM32CubeIDE/plugins/com.st.stm32cube.ide.mcu.externaltools.gnu-tools-for-stm32.12.3.rel1.win32_1.0.200.202406191623/tools/bin/../lib/gcc/arm-none-eabi/12.3.1/thumb/v7e-m+fp/hard\libgcc.a(_arm_muldivdf3.o)
                0x08000598                __aeabi_dmul
                0x08000598                __muldf3
                0x080007ec                __divdf3
                0x080007ec                __aeabi_ddiv
 .text          0x080009bc       0xa0 C:/ST/STM32CubeIDE_1.16.1/STM32CubeIDE/plugins/com.st.stm32cube.ide.mcu.externaltools.gnu-tools-for-stm32.12.3.rel1.win32_1.0.200.202406191623/tools/bin/../lib/gcc/arm-none-eabi/12.3.1/thumb/v7e-m+fp/hard\libgcc.a(_arm_truncdfsf2.o)
                0x080009bc                __truncdfsf2
                0x080009bc                __aeabi_d2f
 .text          0x08000a5c      0x21c C:/ST/STM32CubeIDE_1.16.1/STM32CubeIDE/plugins/com.st.stm32cube.ide.mcu.externaltools.gnu-tools-for-stm32.12.3.rel1.win32_1.0.200.202406191623/tools/bin/../lib/gcc/arm-none-eabi/12.3.1/thumb/v7e-m+fp/hard\libgcc.a(_arm_addsubsf3.o)
                0x08000a5c                __aeabi_frsub
                0x08000a64                __subsf3
                0x08000a64                __aeabi_fsub
                0x08000a68                __aeabi_fadd
                0x08000a68                __addsf3
                0x08000bc8                __aeabi_ui2f
                0x08000bc8                __floatunsisf
                0x08000bd0                __aeabi_i2f
                0x08000bd0                __floatsisf
                0x08000bec                __aeabi_ul2f
                0x08000bec                __floatundisf
                0x08000bfc                __aeabi_l2f
                0x08000bfc                __floatdisf
 .text          0x08000c78       0x30 C:/ST/STM32CubeIDE_1.16.1/STM32CubeIDE/plugins/com.st.stm32cube.ide.mcu.externaltools.gnu-tools-for-stm32.12.3.rel1.win32_1.0.200.202406191623/tools/bin/../lib/gcc/arm-none-eabi/12.3.1/thumb/v7e-m+fp/hard\libgcc.a(_aeabi_uldivmod.o)
                0x08000c78                __aeabi_uldivmod
 .text          0x08000ca8      0x2bc C:/ST/STM32CubeIDE_1.16.1/STM32CubeIDE/plugins/com.st.stm32cube.ide.mcu.externaltools.gnu-tools-for-stm32.12.3.rel1.win32_1.0.200.202406191623/tools/bin/../lib/gcc/arm-none-eabi/12.3.1/thumb/v7e-m+fp/hard\libgcc.a(_udivmoddi4.o)
                0x08000ca8                __udivmoddi4
 .text          0x08000f64        0x4 C:/ST/STM32CubeIDE_1.16.1/STM32CubeIDE/plugins/com.st.stm32cube.ide.mcu.externaltools.gnu-tools-for-stm32.12.3.rel1.win32_1.0.200.202406191623/tools/bin/../lib/gcc/arm-none-eabi/12.3.1/thumb/v7e-m+fp/hard\libgcc.a(_dvmd_tls.o)
                0x08000f64                __aeabi_idiv0
                0x08000f64                __aeabi_ldiv0
 *(.text*)
 .text.MX_DMA_Init
                0x08000f68       0x3c ./Core/Src/dma.o
                0x08000f68                MX_DMA_Init
 .text.a_mpu6500_read
                0x08000fa4       0x62 ./Core/Src/driver_mpu6500.o
 .text.a_mpu6500_write
                0x08001006       0x62 ./Core/Src/driver_mpu6500.o
 .text.a_mpu6500_deinit
                0x08001068       0x40 ./Core/Src/driver_mpu6500.o
 .text.mpu6500_set_interface
                0x080010a8       0x2c ./Core/Src/driver_mpu6500.o
                0x080010a8                mpu6500_set_interface
 .text.mpu6500_set_addr_pin
                0x080010d4       0x2a ./Core/Src/driver_mpu6500.o
                0x080010d4                mpu6500_set_addr_pin
 *fill*         0x080010fe        0x2 
 .text.mpu6500_init
                0x08001100      0x258 ./Core/Src/driver_mpu6500.o
                0x08001100                mpu6500_init
 .text.mpu6500_deinit
                0x08001358       0x88 ./Core/Src/driver_mpu6500.o
                0x08001358                mpu6500_deinit
 .text.mpu6500_read
                0x080013e0      0xd1c ./Core/Src/driver_mpu6500.o
                0x080013e0                mpu6500_read
 .text.mpu6500_read_temperature
                0x080020fc       0x90 ./Core/Src/driver_mpu6500.o
                0x080020fc                mpu6500_read_temperature
 .text.mpu6500_set_fifo
                0x0800218c       0x9c ./Core/Src/driver_mpu6500.o
                0x0800218c                mpu6500_set_fifo
 .text.mpu6500_set_iic_master
                0x08002228       0x9c ./Core/Src/driver_mpu6500.o
                0x08002228                mpu6500_set_iic_master
 .text.mpu6500_set_disable_iic_slave
                0x080022c4       0x9c ./Core/Src/driver_mpu6500.o
                0x080022c4                mpu6500_set_disable_iic_slave
 .text.mpu6500_set_clock_source
                0x08002360       0x94 ./Core/Src/driver_mpu6500.o
                0x08002360                mpu6500_set_clock_source
 .text.mpu6500_set_ptat
                0x080023f4       0xa0 ./Core/Src/driver_mpu6500.o
                0x080023f4                mpu6500_set_ptat
 .text.mpu6500_set_cycle_wake_up
                0x08002494       0x9c ./Core/Src/driver_mpu6500.o
                0x08002494                mpu6500_set_cycle_wake_up
 .text.mpu6500_set_sleep
                0x08002530       0x9c ./Core/Src/driver_mpu6500.o
                0x08002530                mpu6500_set_sleep
 .text.mpu6500_set_gyro_standby
                0x080025cc       0x9c ./Core/Src/driver_mpu6500.o
                0x080025cc                mpu6500_set_gyro_standby
 .text.mpu6500_set_standby_mode
                0x08002668       0xb4 ./Core/Src/driver_mpu6500.o
                0x08002668                mpu6500_set_standby_mode
 .text.mpu6500_set_sample_rate_divider
                0x0800271c       0x54 ./Core/Src/driver_mpu6500.o
                0x0800271c                mpu6500_set_sample_rate_divider
 .text.mpu6500_set_extern_sync
                0x08002770       0x9c ./Core/Src/driver_mpu6500.o
                0x08002770                mpu6500_set_extern_sync
 .text.mpu6500_set_low_pass_filter
                0x0800280c       0x94 ./Core/Src/driver_mpu6500.o
                0x0800280c                mpu6500_set_low_pass_filter
 .text.mpu6500_set_fifo_mode
                0x080028a0       0x9c ./Core/Src/driver_mpu6500.o
                0x080028a0                mpu6500_set_fifo_mode
 .text.mpu6500_set_gyroscope_test
                0x0800293c       0xb4 ./Core/Src/driver_mpu6500.o
                0x0800293c                mpu6500_set_gyroscope_test
 .text.mpu6500_set_gyroscope_range
                0x080029f0       0x9c ./Core/Src/driver_mpu6500.o
                0x080029f0                mpu6500_set_gyroscope_range
 .text.mpu6500_set_gyroscope_choice
                0x08002a8c       0xa8 ./Core/Src/driver_mpu6500.o
                0x08002a8c                mpu6500_set_gyroscope_choice
 .text.mpu6500_set_accelerometer_test
                0x08002b34       0xb4 ./Core/Src/driver_mpu6500.o
                0x08002b34                mpu6500_set_accelerometer_test
 .text.mpu6500_set_accelerometer_range
                0x08002be8       0x9c ./Core/Src/driver_mpu6500.o
                0x08002be8                mpu6500_set_accelerometer_range
 .text.mpu6500_set_fifo_1024kb
                0x08002c84       0x90 ./Core/Src/driver_mpu6500.o
                0x08002c84                mpu6500_set_fifo_1024kb
 .text.mpu6500_set_accelerometer_choice
                0x08002d14       0xb0 ./Core/Src/driver_mpu6500.o
                0x08002d14                mpu6500_set_accelerometer_choice
 .text.mpu6500_set_accelerometer_low_pass_filter
                0x08002dc4       0x94 ./Core/Src/driver_mpu6500.o
                0x08002dc4                mpu6500_set_accelerometer_low_pass_filter
 .text.mpu6500_set_low_power_accel_output_rate
                0x08002e58       0x94 ./Core/Src/driver_mpu6500.o
                0x08002e58                mpu6500_set_low_power_accel_output_rate
 .text.mpu6500_set_wake_on_motion
                0x08002eec       0x9c ./Core/Src/driver_mpu6500.o
                0x08002eec                mpu6500_set_wake_on_motion
 .text.mpu6500_set_accel_compare_with_previous_sample
                0x08002f88       0x9c ./Core/Src/driver_mpu6500.o
                0x08002f88                mpu6500_set_accel_compare_with_previous_sample
 .text.mpu6500_set_fifo_enable
                0x08003024       0xb4 ./Core/Src/driver_mpu6500.o
                0x08003024                mpu6500_set_fifo_enable
 .text.mpu6500_set_interrupt_level
                0x080030d8       0x9c ./Core/Src/driver_mpu6500.o
                0x080030d8                mpu6500_set_interrupt_level
 .text.mpu6500_set_interrupt_pin_type
                0x08003174       0x9c ./Core/Src/driver_mpu6500.o
                0x08003174                mpu6500_set_interrupt_pin_type
 .text.mpu6500_set_interrupt_latch
                0x08003210       0xa0 ./Core/Src/driver_mpu6500.o
                0x08003210                mpu6500_set_interrupt_latch
 .text.mpu6500_set_interrupt_read_clear
                0x080032b0       0x9c ./Core/Src/driver_mpu6500.o
                0x080032b0                mpu6500_set_interrupt_read_clear
 .text.mpu6500_set_fsync_interrupt_level
                0x0800334c       0x9c ./Core/Src/driver_mpu6500.o
                0x0800334c                mpu6500_set_fsync_interrupt_level
 .text.mpu6500_set_fsync_interrupt
                0x080033e8       0x9c ./Core/Src/driver_mpu6500.o
                0x080033e8                mpu6500_set_fsync_interrupt
 .text.mpu6500_set_iic_bypass
                0x08003484       0x9c ./Core/Src/driver_mpu6500.o
                0x08003484                mpu6500_set_iic_bypass
 .text.mpu6500_set_interrupt
                0x08003520       0xb4 ./Core/Src/driver_mpu6500.o
                0x08003520                mpu6500_set_interrupt
 .text.mpu6500_basic_init
                0x080035d4      0x868 ./Core/Src/driver_mpu6500_basic.o
                0x080035d4                mpu6500_basic_init
 .text.mpu6500_basic_read_temperature
                0x08003e3c       0x30 ./Core/Src/driver_mpu6500_basic.o
                0x08003e3c                mpu6500_basic_read_temperature
 .text.mpu6500_basic_read
                0x08003e6c       0x74 ./Core/Src/driver_mpu6500_basic.o
                0x08003e6c                mpu6500_basic_read
 .text.mpu6500_basic_deinit
                0x08003ee0       0x20 ./Core/Src/driver_mpu6500_basic.o
                0x08003ee0                mpu6500_basic_deinit
 .text.MX_GPIO_Init
                0x08003f00      0x138 ./Core/Src/gpio.o
                0x08003f00                MX_GPIO_Init
 .text.MX_I2C1_Init
                0x08004038       0x80 ./Core/Src/i2c.o
                0x08004038                MX_I2C1_Init
 .text.HAL_I2C_MspInit
                0x080040b8       0xdc ./Core/Src/i2c.o
                0x080040b8                HAL_I2C_MspInit
 .text.SCB_InvalidateDCache_by_Addr
                0x08004194       0x58 ./Core/Src/ibus.o
 .text.ibus_init
                0x080041ec       0x1c ./Core/Src/ibus.o
                0x080041ec                ibus_init
 .text.ibus_uart_idle_callback
                0x08004208       0x98 ./Core/Src/ibus.o
                0x08004208                ibus_uart_idle_callback
 .text.ibus_read
                0x080042a0       0x40 ./Core/Src/ibus.o
                0x080042a0                ibus_read
 .text.ibus_reset_failsafe
                0x080042e0       0x18 ./Core/Src/ibus.o
                0x080042e0                ibus_reset_failsafe
 .text.ibus_process_bytes
                0x080042f8       0x58 ./Core/Src/ibus.o
 .text.ibus_try_parse_frame
                0x08004350       0xcc ./Core/Src/ibus.o
 .text.ibus_is_valid
                0x0800441c       0x30 ./Core/Src/ibus.o
 .text.ibus_checksum
                0x0800444c       0x60 ./Core/Src/ibus.o
 .text.ibus_update
                0x080044ac       0x5c ./Core/Src/ibus.o
 .text.lps22df_platform_write
                0x08004508       0x64 ./Core/Src/lps22df_platform.o
                0x08004508                lps22df_platform_write
 .text.lps22df_platform_read
                0x0800456c       0x64 ./Core/Src/lps22df_platform.o
                0x0800456c                lps22df_platform_read
 .text.platform_delay
                0x080045d0       0x16 ./Core/Src/lps22df_platform.o
                0x080045d0                platform_delay
 .text.lps22df_read_reg
                0x080045e6       0x3c ./Core/Src/lps22df_reg.o
                0x080045e6                lps22df_read_reg
 .text.lps22df_write_reg
                0x08004622       0x3c ./Core/Src/lps22df_reg.o
                0x08004622                lps22df_write_reg
 .text.bytecpy  0x0800465e       0x2a ./Core/Src/lps22df_reg.o
 .text.lps22df_from_lsb_to_hPa
                0x08004688       0x30 ./Core/Src/lps22df_reg.o
                0x08004688                lps22df_from_lsb_to_hPa
 .text.lps22df_from_lsb_to_celsius
                0x080046b8       0x34 ./Core/Src/lps22df_reg.o
                0x080046b8                lps22df_from_lsb_to_celsius
 .text.lps22df_bus_mode_set
                0x080046ec       0xc4 ./Core/Src/lps22df_reg.o
                0x080046ec                lps22df_bus_mode_set
 .text.lps22df_init_set
                0x080047b0      0x1c4 ./Core/Src/lps22df_reg.o
                0x080047b0                lps22df_init_set
 .text.lps22df_status_get
                0x08004974      0x114 ./Core/Src/lps22df_reg.o
                0x08004974                lps22df_status_get
 .text.lps22df_all_sources_get
                0x08004a88       0xea ./Core/Src/lps22df_reg.o
                0x08004a88                lps22df_all_sources_get
 .text.lps22df_mode_set
                0x08004b72       0xbc ./Core/Src/lps22df_reg.o
                0x08004b72                lps22df_mode_set
 .text.lps22df_data_get
                0x08004c2e       0xa6 ./Core/Src/lps22df_reg.o
                0x08004c2e                lps22df_data_get
 .text.lps22df_setup
                0x08004cd4       0x8c ./Core/Src/main.o
                0x08004cd4                lps22df_setup
 .text.calibrate_altitude_offsets
                0x08004d60      0x128 ./Core/Src/main.o
                0x08004d60                calibrate_altitude_offsets
 .text.update_altitude_fusion
                0x08004e88      0x13c ./Core/Src/main.o
                0x08004e88                update_altitude_fusion
 .text.altitude_setpoint_from_radio
                0x08004fc4       0x78 ./Core/Src/main.o
                0x08004fc4                altitude_setpoint_from_radio
 .text.altitude_hold_pid
                0x0800503c       0x58 ./Core/Src/main.o
                0x0800503c                altitude_hold_pid
 .text.yaw_command_from_radio
                0x08005094       0xa0 ./Core/Src/main.o
                0x08005094                yaw_command_from_radio
 .text.calculate_all_pid
                0x08005134      0x1f8 ./Core/Src/main.o
                0x08005134                calculate_all_pid
 .text.ESC_SetPulse_us
                0x0800532c       0xc0 ./Core/Src/main.o
 .text.Servo_SetPulse_us
                0x080053ec       0x7c ./Core/Src/main.o
 .text.get_delta_time
                0x08005468       0x64 ./Core/Src/main.o
                0x08005468                get_delta_time
 *fill*         0x080054cc        0x4 
 .text.update_orientation
                0x080054d0      0x2b0 ./Core/Src/main.o
                0x080054d0                update_orientation
 .text.arm_esc  0x08005780       0xa4 ./Core/Src/main.o
                0x08005780                arm_esc
 .text.HAL_TIM_PeriodElapsedCallback
                0x08005824       0x2c ./Core/Src/main.o
                0x08005824                HAL_TIM_PeriodElapsedCallback
 .text.HAL_UART_RxCpltCallback
                0x08005850       0x20 ./Core/Src/main.o
                0x08005850                HAL_UART_RxCpltCallback
 .text.main     0x08005870      0x3cc ./Core/Src/main.o
                0x08005870                main
 .text.SystemClock_Config
                0x08005c3c       0xcc ./Core/Src/main.o
                0x08005c3c                SystemClock_Config
 .text.MPU_Config
                0x08005d08       0x58 ./Core/Src/main.o
 .text.Error_Handler
                0x08005d60        0xc ./Core/Src/main.o
                0x08005d60                Error_Handler
 .text.PID_init
                0x08005d6c       0x60 ./Core/Src/pid.o
                0x08005d6c                PID_init
 .text.PID_update
                0x08005dcc      0x11c ./Core/Src/pid.o
                0x08005dcc                PID_update
 .text.MX_SPI1_Init
                0x08005ee8       0x7c ./Core/Src/spi.o
                0x08005ee8                MX_SPI1_Init
 .text.MX_SPI2_Init
                0x08005f64       0x7c ./Core/Src/spi.o
                0x08005f64                MX_SPI2_Init
 .text.HAL_SPI_MspInit
                0x08005fe0      0x148 ./Core/Src/spi.o
                0x08005fe0                HAL_SPI_MspInit
 .text.HAL_MspInit
                0x08006128       0x48 ./Core/Src/stm32f7xx_hal_msp.o
                0x08006128                HAL_MspInit
 .text.NMI_Handler
                0x08006170        0x8 ./Core/Src/stm32f7xx_it.o
                0x08006170                NMI_Handler
 .text.HardFault_Handler
                0x08006178        0x8 ./Core/Src/stm32f7xx_it.o
                0x08006178                HardFault_Handler
 .text.MemManage_Handler
                0x08006180        0x8 ./Core/Src/stm32f7xx_it.o
                0x08006180                MemManage_Handler
 .text.BusFault_Handler
                0x08006188        0x8 ./Core/Src/stm32f7xx_it.o
                0x08006188                BusFault_Handler
 .text.UsageFault_Handler
                0x08006190        0x8 ./Core/Src/stm32f7xx_it.o
                0x08006190                UsageFault_Handler
 .text.SVC_Handler
                0x08006198        0xe ./Core/Src/stm32f7xx_it.o
                0x08006198                SVC_Handler
 .text.DebugMon_Handler
                0x080061a6        0xe ./Core/Src/stm32f7xx_it.o
                0x080061a6                DebugMon_Handler
 .text.PendSV_Handler
                0x080061b4        0xe ./Core/Src/stm32f7xx_it.o
                0x080061b4                PendSV_Handler
 .text.SysTick_Handler
                0x080061c2        0xc ./Core/Src/stm32f7xx_it.o
                0x080061c2                SysTick_Handler
 *fill*         0x080061ce        0x2 
 .text.DMA1_Stream2_IRQHandler
                0x080061d0       0x14 ./Core/Src/stm32f7xx_it.o
                0x080061d0                DMA1_Stream2_IRQHandler
 .text.TIM1_BRK_TIM9_IRQHandler
                0x080061e4       0x14 ./Core/Src/stm32f7xx_it.o
                0x080061e4                TIM1_BRK_TIM9_IRQHandler
 .text.TIM1_UP_TIM10_IRQHandler
                0x080061f8       0x14 ./Core/Src/stm32f7xx_it.o
                0x080061f8                TIM1_UP_TIM10_IRQHandler
 .text.TIM1_TRG_COM_TIM11_IRQHandler
                0x0800620c       0x14 ./Core/Src/stm32f7xx_it.o
                0x0800620c                TIM1_TRG_COM_TIM11_IRQHandler
 .text.TIM1_CC_IRQHandler
                0x08006220       0x14 ./Core/Src/stm32f7xx_it.o
                0x08006220                TIM1_CC_IRQHandler
 .text.TIM2_IRQHandler
                0x08006234       0x14 ./Core/Src/stm32f7xx_it.o
                0x08006234                TIM2_IRQHandler
 .text.TIM3_IRQHandler
                0x08006248       0x14 ./Core/Src/stm32f7xx_it.o
                0x08006248                TIM3_IRQHandler
 .text.I2C1_EV_IRQHandler
                0x0800625c       0x14 ./Core/Src/stm32f7xx_it.o
                0x0800625c                I2C1_EV_IRQHandler
 .text.I2C1_ER_IRQHandler
                0x08006270       0x14 ./Core/Src/stm32f7xx_it.o
                0x08006270                I2C1_ER_IRQHandler
 .text.SPI1_IRQHandler
                0x08006284       0x14 ./Core/Src/stm32f7xx_it.o
                0x08006284                SPI1_IRQHandler
 .text.SPI2_IRQHandler
                0x08006298       0x14 ./Core/Src/stm32f7xx_it.o
                0x08006298                SPI2_IRQHandler
 .text.UART4_IRQHandler
                0x080062ac       0x24 ./Core/Src/stm32f7xx_it.o
                0x080062ac                UART4_IRQHandler
 .text.SystemInit
                0x080062d0       0x24 ./Core/Src/system_stm32f7xx.o
                0x080062d0                SystemInit
 .text.MX_TIM1_Init
                0x080062f4      0x154 ./Core/Src/tim.o
                0x080062f4                MX_TIM1_Init
 .text.MX_TIM2_Init
                0x08006448      0x104 ./Core/Src/tim.o
                0x08006448                MX_TIM2_Init
 .text.MX_TIM3_Init
                0x0800654c      0x11c ./Core/Src/tim.o
                0x0800654c                MX_TIM3_Init
 .text.MX_TIM5_Init
                0x08006668       0xf0 ./Core/Src/tim.o
                0x08006668                MX_TIM5_Init
 .text.MX_TIM12_Init
                0x08006758       0xc4 ./Core/Src/tim.o
                0x08006758                MX_TIM12_Init
 .text.HAL_TIM_Base_MspInit
                0x0800681c      0x138 ./Core/Src/tim.o
                0x0800681c                HAL_TIM_Base_MspInit
 .text.HAL_TIM_MspPostInit
                0x08006954      0x1c0 ./Core/Src/tim.o
                0x08006954                HAL_TIM_MspPostInit
 .text.MX_UART4_Init
                0x08006b14       0x68 ./Core/Src/usart.o
                0x08006b14                MX_UART4_Init
 .text.HAL_UART_MspInit
                0x08006b7c      0x134 ./Core/Src/usart.o
                0x08006b7c                HAL_UART_MspInit
 .text.Reset_Handler
                0x08006cb0       0x50 ./Core/Startup/startup_stm32f722retx.o
                0x08006cb0                Reset_Handler
 .text.Default_Handler
                0x08006d00        0x2 ./Core/Startup/startup_stm32f722retx.o
                0x08006d00                RTC_Alarm_IRQHandler
                0x08006d00                EXTI2_IRQHandler
                0x08006d00                TIM8_CC_IRQHandler
                0x08006d00                UART8_IRQHandler
                0x08006d00                SPI4_IRQHandler
                0x08006d00                DMA2_Stream5_IRQHandler
                0x08006d00                DMA1_Stream5_IRQHandler
                0x08006d00                PVD_IRQHandler
                0x08006d00                TAMP_STAMP_IRQHandler
                0x08006d00                EXTI3_IRQHandler
                0x08006d00                TIM8_TRG_COM_TIM14_IRQHandler
                0x08006d00                TIM8_UP_TIM13_IRQHandler
                0x08006d00                I2C3_ER_IRQHandler
                0x08006d00                EXTI0_IRQHandler
                0x08006d00                I2C2_EV_IRQHandler
                0x08006d00                CAN1_RX0_IRQHandler
                0x08006d00                FPU_IRQHandler
                0x08006d00                OTG_HS_WKUP_IRQHandler
                0x08006d00                DMA2_Stream2_IRQHandler
                0x08006d00                TIM6_DAC_IRQHandler
                0x08006d00                DMA2_Stream3_IRQHandler
                0x08006d00                SAI2_IRQHandler
                0x08006d00                USART6_IRQHandler
                0x08006d00                USART3_IRQHandler
                0x08006d00                CAN1_RX1_IRQHandler
                0x08006d00                UART5_IRQHandler
                0x08006d00                DMA2_Stream0_IRQHandler
                0x08006d00                TIM4_IRQHandler
                0x08006d00                QUADSPI_IRQHandler
                0x08006d00                DMA1_Stream6_IRQHandler
                0x08006d00                DMA1_Stream1_IRQHandler
                0x08006d00                RCC_IRQHandler
                0x08006d00                TIM8_BRK_TIM12_IRQHandler
                0x08006d00                Default_Handler
                0x08006d00                EXTI15_10_IRQHandler
                0x08006d00                ADC_IRQHandler
                0x08006d00                DMA1_Stream7_IRQHandler
                0x08006d00                SPI5_IRQHandler
                0x08006d00                TIM7_IRQHandler
                0x08006d00                SDMMC1_IRQHandler
                0x08006d00                TIM5_IRQHandler
                0x08006d00                DMA2_Stream7_IRQHandler
                0x08006d00                I2C3_EV_IRQHandler
                0x08006d00                EXTI9_5_IRQHandler
                0x08006d00                RTC_WKUP_IRQHandler
                0x08006d00                OTG_HS_EP1_IN_IRQHandler
                0x08006d00                DMA1_Stream0_IRQHandler
                0x08006d00                CAN1_TX_IRQHandler
                0x08006d00                EXTI4_IRQHandler
                0x08006d00                RNG_IRQHandler
                0x08006d00                OTG_HS_EP1_OUT_IRQHandler
                0x08006d00                WWDG_IRQHandler
                0x08006d00                OTG_FS_WKUP_IRQHandler
                0x08006d00                OTG_HS_IRQHandler
                0x08006d00                EXTI1_IRQHandler
                0x08006d00                SDMMC2_IRQHandler
                0x08006d00                UART7_IRQHandler
                0x08006d00                USART2_IRQHandler
                0x08006d00                I2C2_ER_IRQHandler
                0x08006d00                DMA2_Stream1_IRQHandler
                0x08006d00                CAN1_SCE_IRQHandler
                0x08006d00                FLASH_IRQHandler
                0x08006d00                DMA2_Stream4_IRQHandler
                0x08006d00                USART1_IRQHandler
                0x08006d00                OTG_FS_IRQHandler
                0x08006d00                SPI3_IRQHandler
                0x08006d00                DMA1_Stream4_IRQHandler
                0x08006d00                FMC_IRQHandler
                0x08006d00                LPTIM1_IRQHandler
                0x08006d00                DMA2_Stream6_IRQHandler
                0x08006d00                SAI1_IRQHandler
                0x08006d00                DMA1_Stream3_IRQHandler
 .text.mpu6500_interface_iic_init
                0x08006d02       0x10 ./Core/interface/driver_mpu6500_interface.o
                0x08006d02                mpu6500_interface_iic_init
 .text.mpu6500_interface_iic_deinit
                0x08006d12       0x10 ./Core/interface/driver_mpu6500_interface.o
                0x08006d12                mpu6500_interface_iic_deinit
 .text.mpu6500_interface_iic_read
                0x08006d22       0x24 ./Core/interface/driver_mpu6500_interface.o
                0x08006d22                mpu6500_interface_iic_read
 .text.mpu6500_interface_iic_write
                0x08006d46       0x24 ./Core/interface/driver_mpu6500_interface.o
                0x08006d46                mpu6500_interface_iic_write
 *fill*         0x08006d6a        0x2 
 .text.mpu6500_interface_spi_init
                0x08006d6c       0x40 ./Core/interface/driver_mpu6500_interface.o
                0x08006d6c                mpu6500_interface_spi_init
 .text.mpu6500_interface_spi_deinit
                0x08006dac       0x10 ./Core/interface/driver_mpu6500_interface.o
                0x08006dac                mpu6500_interface_spi_deinit
 .text.mpu6500_interface_spi_read
                0x08006dbc       0x84 ./Core/interface/driver_mpu6500_interface.o
                0x08006dbc                mpu6500_interface_spi_read
 .text.mpu6500_interface_spi_write
                0x08006e40       0x84 ./Core/interface/driver_mpu6500_interface.o
                0x08006e40                mpu6500_interface_spi_write
 .text.mpu6500_interface_delay_ms
                0x08006ec4       0x16 ./Core/interface/driver_mpu6500_interface.o
                0x08006ec4                mpu6500_interface_delay_ms
 .text.mpu6500_interface_debug_print
                0x08006eda       0x12 ./Core/interface/driver_mpu6500_interface.o
                0x08006eda                mpu6500_interface_debug_print
 .text.mpu6500_interface_receive_callback
                0x08006eec       0x84 ./Core/interface/driver_mpu6500_interface.o
                0x08006eec                mpu6500_interface_receive_callback
 .text.HAL_Init
                0x08006f70       0x1a ./Drivers/STM32F7xx_HAL_Driver/Src/stm32f7xx_hal.o
                0x08006f70                HAL_Init
 *fill*         0x08006f8a        0x2 
 .text.HAL_InitTick
                0x08006f8c       0x60 ./Drivers/STM32F7xx_HAL_Driver/Src/stm32f7xx_hal.o
                0x08006f8c                HAL_InitTick
 .text.HAL_IncTick
                0x08006fec       0x28 ./Drivers/STM32F7xx_HAL_Driver/Src/stm32f7xx_hal.o
                0x08006fec                HAL_IncTick
 .text.HAL_GetTick
                0x08007014       0x18 ./Drivers/STM32F7xx_HAL_Driver/Src/stm32f7xx_hal.o
                0x08007014                HAL_GetTick
 .text.HAL_Delay
                0x0800702c       0x48 ./Drivers/STM32F7xx_HAL_Driver/Src/stm32f7xx_hal.o
                0x0800702c                HAL_Delay
 .text.__NVIC_SetPriorityGrouping
                0x08007074       0x48 ./Drivers/STM32F7xx_HAL_Driver/Src/stm32f7xx_hal_cortex.o
 .text.__NVIC_GetPriorityGrouping
                0x080070bc       0x1c ./Drivers/STM32F7xx_HAL_Driver/Src/stm32f7xx_hal_cortex.o
 .text.__NVIC_EnableIRQ
                0x080070d8       0x3c ./Drivers/STM32F7xx_HAL_Driver/Src/stm32f7xx_hal_cortex.o
 .text.__NVIC_SetPriority
                0x08007114       0x54 ./Drivers/STM32F7xx_HAL_Driver/Src/stm32f7xx_hal_cortex.o
 .text.NVIC_EncodePriority
                0x08007168       0x66 ./Drivers/STM32F7xx_HAL_Driver/Src/stm32f7xx_hal_cortex.o
 *fill*         0x080071ce        0x2 
 .text.SysTick_Config
                0x080071d0       0x44 ./Drivers/STM32F7xx_HAL_Driver/Src/stm32f7xx_hal_cortex.o
 .text.HAL_NVIC_SetPriorityGrouping
                0x08007214       0x16 ./Drivers/STM32F7xx_HAL_Driver/Src/stm32f7xx_hal_cortex.o
                0x08007214                HAL_NVIC_SetPriorityGrouping
 .text.HAL_NVIC_SetPriority
                0x0800722a       0x38 ./Drivers/STM32F7xx_HAL_Driver/Src/stm32f7xx_hal_cortex.o
                0x0800722a                HAL_NVIC_SetPriority
 .text.HAL_NVIC_EnableIRQ
                0x08007262       0x1c ./Drivers/STM32F7xx_HAL_Driver/Src/stm32f7xx_hal_cortex.o
                0x08007262                HAL_NVIC_EnableIRQ
 .text.HAL_SYSTICK_Config
                0x0800727e       0x18 ./Drivers/STM32F7xx_HAL_Driver/Src/stm32f7xx_hal_cortex.o
                0x0800727e                HAL_SYSTICK_Config
 *fill*         0x08007296        0x2 
 .text.HAL_MPU_Disable
                0x08007298       0x30 ./Drivers/STM32F7xx_HAL_Driver/Src/stm32f7xx_hal_cortex.o
                0x08007298                HAL_MPU_Disable
 .text.HAL_MPU_Enable
                0x080072c8       0x40 ./Drivers/STM32F7xx_HAL_Driver/Src/stm32f7xx_hal_cortex.o
                0x080072c8                HAL_MPU_Enable
 .text.HAL_MPU_ConfigRegion
                0x08007308       0x80 ./Drivers/STM32F7xx_HAL_Driver/Src/stm32f7xx_hal_cortex.o
                0x08007308                HAL_MPU_ConfigRegion
 .text.HAL_DMA_Init
                0x08007388      0x15c ./Drivers/STM32F7xx_HAL_Driver/Src/stm32f7xx_hal_dma.o
                0x08007388                HAL_DMA_Init
 .text.HAL_DMA_Start_IT
                0x080074e4       0xc0 ./Drivers/STM32F7xx_HAL_Driver/Src/stm32f7xx_hal_dma.o
                0x080074e4                HAL_DMA_Start_IT
 .text.HAL_DMA_Abort
                0x080075a4       0xe0 ./Drivers/STM32F7xx_HAL_Driver/Src/stm32f7xx_hal_dma.o
                0x080075a4                HAL_DMA_Abort
 .text.HAL_DMA_Abort_IT
                0x08007684       0x44 ./Drivers/STM32F7xx_HAL_Driver/Src/stm32f7xx_hal_dma.o
                0x08007684                HAL_DMA_Abort_IT
 .text.HAL_DMA_IRQHandler
                0x080076c8      0x314 ./Drivers/STM32F7xx_HAL_Driver/Src/stm32f7xx_hal_dma.o
                0x080076c8                HAL_DMA_IRQHandler
 .text.HAL_DMA_GetState
                0x080079dc       0x1c ./Drivers/STM32F7xx_HAL_Driver/Src/stm32f7xx_hal_dma.o
                0x080079dc                HAL_DMA_GetState
 .text.DMA_SetConfig
                0x080079f8       0x5c ./Drivers/STM32F7xx_HAL_Driver/Src/stm32f7xx_hal_dma.o
 .text.DMA_CalcBaseAndBitshift
                0x08007a54       0x6c ./Drivers/STM32F7xx_HAL_Driver/Src/stm32f7xx_hal_dma.o
 .text.DMA_CheckFifoParam
                0x08007ac0       0xf8 ./Drivers/STM32F7xx_HAL_Driver/Src/stm32f7xx_hal_dma.o
 .text.HAL_GPIO_Init
                0x08007bb8      0x338 ./Drivers/STM32F7xx_HAL_Driver/Src/stm32f7xx_hal_gpio.o
                0x08007bb8                HAL_GPIO_Init
 .text.HAL_GPIO_WritePin
                0x08007ef0       0x32 ./Drivers/STM32F7xx_HAL_Driver/Src/stm32f7xx_hal_gpio.o
                0x08007ef0                HAL_GPIO_WritePin
 *fill*         0x08007f22        0x2 
 .text.HAL_I2C_Init
                0x08007f24      0x138 ./Drivers/STM32F7xx_HAL_Driver/Src/stm32f7xx_hal_i2c.o
                0x08007f24                HAL_I2C_Init
 .text.HAL_I2C_EV_IRQHandler
                0x0800805c       0x34 ./Drivers/STM32F7xx_HAL_Driver/Src/stm32f7xx_hal_i2c.o
                0x0800805c                HAL_I2C_EV_IRQHandler
 .text.HAL_I2C_ER_IRQHandler
                0x08008090       0xb6 ./Drivers/STM32F7xx_HAL_Driver/Src/stm32f7xx_hal_i2c.o
                0x08008090                HAL_I2C_ER_IRQHandler
 .text.HAL_I2C_SlaveTxCpltCallback
                0x08008146       0x14 ./Drivers/STM32F7xx_HAL_Driver/Src/stm32f7xx_hal_i2c.o
                0x08008146                HAL_I2C_SlaveTxCpltCallback
 .text.HAL_I2C_SlaveRxCpltCallback
                0x0800815a       0x14 ./Drivers/STM32F7xx_HAL_Driver/Src/stm32f7xx_hal_i2c.o
                0x0800815a                HAL_I2C_SlaveRxCpltCallback
 .text.HAL_I2C_AddrCallback
                0x0800816e       0x1c ./Drivers/STM32F7xx_HAL_Driver/Src/stm32f7xx_hal_i2c.o
                0x0800816e                HAL_I2C_AddrCallback
 .text.HAL_I2C_ListenCpltCallback
                0x0800818a       0x14 ./Drivers/STM32F7xx_HAL_Driver/Src/stm32f7xx_hal_i2c.o
                0x0800818a                HAL_I2C_ListenCpltCallback
 .text.HAL_I2C_ErrorCallback
                0x0800819e       0x14 ./Drivers/STM32F7xx_HAL_Driver/Src/stm32f7xx_hal_i2c.o
                0x0800819e                HAL_I2C_ErrorCallback
 .text.HAL_I2C_AbortCpltCallback
                0x080081b2       0x14 ./Drivers/STM32F7xx_HAL_Driver/Src/stm32f7xx_hal_i2c.o
                0x080081b2                HAL_I2C_AbortCpltCallback
 .text.I2C_Slave_ISR_IT
                0x080081c6      0x1f2 ./Drivers/STM32F7xx_HAL_Driver/Src/stm32f7xx_hal_i2c.o
 .text.I2C_ITAddrCplt
                0x080083b8      0x108 ./Drivers/STM32F7xx_HAL_Driver/Src/stm32f7xx_hal_i2c.o
 .text.I2C_ITSlaveSeqCplt
                0x080084c0       0xb8 ./Drivers/STM32F7xx_HAL_Driver/Src/stm32f7xx_hal_i2c.o
 .text.I2C_ITSlaveCplt
                0x08008578      0x2c8 ./Drivers/STM32F7xx_HAL_Driver/Src/stm32f7xx_hal_i2c.o
 .text.I2C_ITListenCplt
                0x08008840       0xa8 ./Drivers/STM32F7xx_HAL_Driver/Src/stm32f7xx_hal_i2c.o
 .text.I2C_ITError
                0x080088e8      0x1e0 ./Drivers/STM32F7xx_HAL_Driver/Src/stm32f7xx_hal_i2c.o
 .text.I2C_TreatErrorCallback
                0x08008ac8       0x4e ./Drivers/STM32F7xx_HAL_Driver/Src/stm32f7xx_hal_i2c.o
 .text.I2C_Flush_TXDR
                0x08008b16       0x48 ./Drivers/STM32F7xx_HAL_Driver/Src/stm32f7xx_hal_i2c.o
 .text.I2C_DMAAbort
                0x08008b5e       0x3c ./Drivers/STM32F7xx_HAL_Driver/Src/stm32f7xx_hal_i2c.o
 .text.I2C_Disable_IRQ
                0x08008b9a       0xbc ./Drivers/STM32F7xx_HAL_Driver/Src/stm32f7xx_hal_i2c.o
 .text.HAL_I2CEx_ConfigAnalogFilter
                0x08008c56       0x96 ./Drivers/STM32F7xx_HAL_Driver/Src/stm32f7xx_hal_i2c_ex.o
                0x08008c56                HAL_I2CEx_ConfigAnalogFilter
 .text.HAL_I2CEx_ConfigDigitalFilter
                0x08008cec       0x98 ./Drivers/STM32F7xx_HAL_Driver/Src/stm32f7xx_hal_i2c_ex.o
                0x08008cec                HAL_I2CEx_ConfigDigitalFilter
 .text.HAL_RCC_OscConfig
                0x08008d84      0x548 ./Drivers/STM32F7xx_HAL_Driver/Src/stm32f7xx_hal_rcc.o
                0x08008d84                HAL_RCC_OscConfig
 .text.HAL_RCC_ClockConfig
                0x080092cc      0x1d8 ./Drivers/STM32F7xx_HAL_Driver/Src/stm32f7xx_hal_rcc.o
                0x080092cc                HAL_RCC_ClockConfig
 .text.HAL_RCC_GetSysClockFreq
                0x080094a4      0x208 ./Drivers/STM32F7xx_HAL_Driver/Src/stm32f7xx_hal_rcc.o
                0x080094a4                HAL_RCC_GetSysClockFreq
 .text.HAL_RCC_GetHCLKFreq
                0x080096ac       0x18 ./Drivers/STM32F7xx_HAL_Driver/Src/stm32f7xx_hal_rcc.o
                0x080096ac                HAL_RCC_GetHCLKFreq
 .text.HAL_RCC_GetPCLK1Freq
                0x080096c4       0x28 ./Drivers/STM32F7xx_HAL_Driver/Src/stm32f7xx_hal_rcc.o
                0x080096c4                HAL_RCC_GetPCLK1Freq
 .text.HAL_RCC_GetPCLK2Freq
                0x080096ec       0x28 ./Drivers/STM32F7xx_HAL_Driver/Src/stm32f7xx_hal_rcc.o
                0x080096ec                HAL_RCC_GetPCLK2Freq
 .text.HAL_RCCEx_PeriphCLKConfig
                0x08009714      0x694 ./Drivers/STM32F7xx_HAL_Driver/Src/stm32f7xx_hal_rcc_ex.o
                0x08009714                HAL_RCCEx_PeriphCLKConfig
 .text.HAL_SPI_Init
                0x08009da8      0x156 ./Drivers/STM32F7xx_HAL_Driver/Src/stm32f7xx_hal_spi.o
                0x08009da8                HAL_SPI_Init
 .text.HAL_SPI_Transmit
                0x08009efe      0x2ec ./Drivers/STM32F7xx_HAL_Driver/Src/stm32f7xx_hal_spi.o
                0x08009efe                HAL_SPI_Transmit
 .text.HAL_SPI_Receive
                0x0800a1ea      0x270 ./Drivers/STM32F7xx_HAL_Driver/Src/stm32f7xx_hal_spi.o
                0x0800a1ea                HAL_SPI_Receive
 .text.HAL_SPI_TransmitReceive
                0x0800a45a      0x43e ./Drivers/STM32F7xx_HAL_Driver/Src/stm32f7xx_hal_spi.o
                0x0800a45a                HAL_SPI_TransmitReceive
 .text.HAL_SPI_IRQHandler
                0x0800a898      0x1e8 ./Drivers/STM32F7xx_HAL_Driver/Src/stm32f7xx_hal_spi.o
                0x0800a898                HAL_SPI_IRQHandler
 .text.HAL_SPI_ErrorCallback
                0x0800aa80       0x14 ./Drivers/STM32F7xx_HAL_Driver/Src/stm32f7xx_hal_spi.o
                0x0800aa80                HAL_SPI_ErrorCallback
 .text.HAL_SPI_GetState
                0x0800aa94       0x1c ./Drivers/STM32F7xx_HAL_Driver/Src/stm32f7xx_hal_spi.o
                0x0800aa94                HAL_SPI_GetState
 .text.SPI_DMAAbortOnError
                0x0800aab0       0x2a ./Drivers/STM32F7xx_HAL_Driver/Src/stm32f7xx_hal_spi.o
 *fill*         0x0800aada        0x2 
 .text.SPI_WaitFlagStateUntilTimeout
                0x0800aadc      0x110 ./Drivers/STM32F7xx_HAL_Driver/Src/stm32f7xx_hal_spi.o
 .text.SPI_WaitFifoStateUntilTimeout
                0x0800abec      0x12c ./Drivers/STM32F7xx_HAL_Driver/Src/stm32f7xx_hal_spi.o
 .text.SPI_EndRxTransaction
                0x0800ad18       0xf8 ./Drivers/STM32F7xx_HAL_Driver/Src/stm32f7xx_hal_spi.o
 .text.SPI_EndRxTxTransaction
                0x0800ae10       0xd4 ./Drivers/STM32F7xx_HAL_Driver/Src/stm32f7xx_hal_spi.o
 .text.HAL_TIM_Base_Init
                0x0800aee4       0xae ./Drivers/STM32F7xx_HAL_Driver/Src/stm32f7xx_hal_tim.o
                0x0800aee4                HAL_TIM_Base_Init
 *fill*         0x0800af92        0x2 
 .text.HAL_TIM_Base_Start_IT
                0x0800af94       0xf0 ./Drivers/STM32F7xx_HAL_Driver/Src/stm32f7xx_hal_tim.o
                0x0800af94                HAL_TIM_Base_Start_IT
 .text.HAL_TIM_OC_Init
                0x0800b084       0xae ./Drivers/STM32F7xx_HAL_Driver/Src/stm32f7xx_hal_tim.o
                0x0800b084                HAL_TIM_OC_Init
 .text.HAL_TIM_OC_MspInit
                0x0800b132       0x14 ./Drivers/STM32F7xx_HAL_Driver/Src/stm32f7xx_hal_tim.o
                0x0800b132                HAL_TIM_OC_MspInit
 .text.HAL_TIM_PWM_Init
                0x0800b146       0xae ./Drivers/STM32F7xx_HAL_Driver/Src/stm32f7xx_hal_tim.o
                0x0800b146                HAL_TIM_PWM_Init
 .text.HAL_TIM_PWM_MspInit
                0x0800b1f4       0x14 ./Drivers/STM32F7xx_HAL_Driver/Src/stm32f7xx_hal_tim.o
                0x0800b1f4                HAL_TIM_PWM_MspInit
 .text.HAL_TIM_PWM_Start
                0x0800b208      0x1f4 ./Drivers/STM32F7xx_HAL_Driver/Src/stm32f7xx_hal_tim.o
                0x0800b208                HAL_TIM_PWM_Start
 .text.HAL_TIM_IRQHandler
                0x0800b3fc      0x20e ./Drivers/STM32F7xx_HAL_Driver/Src/stm32f7xx_hal_tim.o
                0x0800b3fc                HAL_TIM_IRQHandler
 *fill*         0x0800b60a        0x2 
 .text.HAL_TIM_OC_ConfigChannel
                0x0800b60c       0xf4 ./Drivers/STM32F7xx_HAL_Driver/Src/stm32f7xx_hal_tim.o
                0x0800b60c                HAL_TIM_OC_ConfigChannel
 .text.HAL_TIM_PWM_ConfigChannel
                0x0800b700      0x228 ./Drivers/STM32F7xx_HAL_Driver/Src/stm32f7xx_hal_tim.o
                0x0800b700                HAL_TIM_PWM_ConfigChannel
 .text.HAL_TIM_ConfigClockSource
                0x0800b928      0x194 ./Drivers/STM32F7xx_HAL_Driver/Src/stm32f7xx_hal_tim.o
                0x0800b928                HAL_TIM_ConfigClockSource
 .text.HAL_TIM_OC_DelayElapsedCallback
                0x0800babc       0x14 ./Drivers/STM32F7xx_HAL_Driver/Src/stm32f7xx_hal_tim.o
                0x0800babc                HAL_TIM_OC_DelayElapsedCallback
 .text.HAL_TIM_IC_CaptureCallback
                0x0800bad0       0x14 ./Drivers/STM32F7xx_HAL_Driver/Src/stm32f7xx_hal_tim.o
                0x0800bad0                HAL_TIM_IC_CaptureCallback
 .text.HAL_TIM_PWM_PulseFinishedCallback
                0x0800bae4       0x14 ./Drivers/STM32F7xx_HAL_Driver/Src/stm32f7xx_hal_tim.o
                0x0800bae4                HAL_TIM_PWM_PulseFinishedCallback
 .text.HAL_TIM_TriggerCallback
                0x0800baf8       0x14 ./Drivers/STM32F7xx_HAL_Driver/Src/stm32f7xx_hal_tim.o
                0x0800baf8                HAL_TIM_TriggerCallback
 .text.TIM_Base_SetConfig
                0x0800bb0c      0x14c ./Drivers/STM32F7xx_HAL_Driver/Src/stm32f7xx_hal_tim.o
                0x0800bb0c                TIM_Base_SetConfig
 .text.TIM_OC1_SetConfig
                0x0800bc58       0xe4 ./Drivers/STM32F7xx_HAL_Driver/Src/stm32f7xx_hal_tim.o
 .text.TIM_OC2_SetConfig
                0x0800bd3c       0xf0 ./Drivers/STM32F7xx_HAL_Driver/Src/stm32f7xx_hal_tim.o
                0x0800bd3c                TIM_OC2_SetConfig
 .text.TIM_OC3_SetConfig
                0x0800be2c       0xec ./Drivers/STM32F7xx_HAL_Driver/Src/stm32f7xx_hal_tim.o
 .text.TIM_OC4_SetConfig
                0x0800bf18       0xb0 ./Drivers/STM32F7xx_HAL_Driver/Src/stm32f7xx_hal_tim.o
 .text.TIM_OC5_SetConfig
                0x0800bfc8       0xa4 ./Drivers/STM32F7xx_HAL_Driver/Src/stm32f7xx_hal_tim.o
 .text.TIM_OC6_SetConfig
                0x0800c06c       0xa8 ./Drivers/STM32F7xx_HAL_Driver/Src/stm32f7xx_hal_tim.o
 .text.TIM_TI1_ConfigInputStage
                0x0800c114       0x5e ./Drivers/STM32F7xx_HAL_Driver/Src/stm32f7xx_hal_tim.o
 .text.TIM_TI2_ConfigInputStage
                0x0800c172       0x60 ./Drivers/STM32F7xx_HAL_Driver/Src/stm32f7xx_hal_tim.o
 .text.TIM_ITRx_SetConfig
                0x0800c1d2       0x36 ./Drivers/STM32F7xx_HAL_Driver/Src/stm32f7xx_hal_tim.o
 .text.TIM_ETR_SetConfig
                0x0800c208       0x40 ./Drivers/STM32F7xx_HAL_Driver/Src/stm32f7xx_hal_tim.o
                0x0800c208                TIM_ETR_SetConfig
 .text.TIM_CCxChannelCmd
                0x0800c248       0x4a ./Drivers/STM32F7xx_HAL_Driver/Src/stm32f7xx_hal_tim.o
                0x0800c248                TIM_CCxChannelCmd
 *fill*         0x0800c292        0x2 
 .text.HAL_TIMEx_MasterConfigSynchronization
                0x0800c294      0x11c ./Drivers/STM32F7xx_HAL_Driver/Src/stm32f7xx_hal_tim_ex.o
                0x0800c294                HAL_TIMEx_MasterConfigSynchronization
 .text.HAL_TIMEx_ConfigBreakDeadTime
                0x0800c3b0       0xfc ./Drivers/STM32F7xx_HAL_Driver/Src/stm32f7xx_hal_tim_ex.o
                0x0800c3b0                HAL_TIMEx_ConfigBreakDeadTime
 .text.HAL_TIMEx_CommutCallback
                0x0800c4ac       0x14 ./Drivers/STM32F7xx_HAL_Driver/Src/stm32f7xx_hal_tim_ex.o
                0x0800c4ac                HAL_TIMEx_CommutCallback
 .text.HAL_TIMEx_BreakCallback
                0x0800c4c0       0x14 ./Drivers/STM32F7xx_HAL_Driver/Src/stm32f7xx_hal_tim_ex.o
                0x0800c4c0                HAL_TIMEx_BreakCallback
 .text.HAL_TIMEx_Break2Callback
                0x0800c4d4       0x14 ./Drivers/STM32F7xx_HAL_Driver/Src/stm32f7xx_hal_tim_ex.o
                0x0800c4d4                HAL_TIMEx_Break2Callback
 .text.HAL_UART_Init
                0x0800c4e8       0x9c ./Drivers/STM32F7xx_HAL_Driver/Src/stm32f7xx_hal_uart.o
                0x0800c4e8                HAL_UART_Init
 .text.HAL_UART_Receive_DMA
                0x0800c584       0x88 ./Drivers/STM32F7xx_HAL_Driver/Src/stm32f7xx_hal_uart.o
                0x0800c584                HAL_UART_Receive_DMA
 .text.HAL_UART_IRQHandler
                0x0800c60c      0x5d8 ./Drivers/STM32F7xx_HAL_Driver/Src/stm32f7xx_hal_uart.o
                0x0800c60c                HAL_UART_IRQHandler
 .text.HAL_UART_TxCpltCallback
                0x0800cbe4       0x14 ./Drivers/STM32F7xx_HAL_Driver/Src/stm32f7xx_hal_uart.o
                0x0800cbe4                HAL_UART_TxCpltCallback
 .text.HAL_UART_RxHalfCpltCallback
                0x0800cbf8       0x14 ./Drivers/STM32F7xx_HAL_Driver/Src/stm32f7xx_hal_uart.o
                0x0800cbf8                HAL_UART_RxHalfCpltCallback
 .text.HAL_UART_ErrorCallback
                0x0800cc0c       0x14 ./Drivers/STM32F7xx_HAL_Driver/Src/stm32f7xx_hal_uart.o
                0x0800cc0c                HAL_UART_ErrorCallback
 .text.HAL_UARTEx_RxEventCallback
                0x0800cc20       0x18 ./Drivers/STM32F7xx_HAL_Driver/Src/stm32f7xx_hal_uart.o
                0x0800cc20                HAL_UARTEx_RxEventCallback
 .text.UART_SetConfig
                0x0800cc38      0x4c8 ./Drivers/STM32F7xx_HAL_Driver/Src/stm32f7xx_hal_uart.o
                0x0800cc38                UART_SetConfig
 .text.UART_AdvFeatureConfig
                0x0800d100      0x144 ./Drivers/STM32F7xx_HAL_Driver/Src/stm32f7xx_hal_uart.o
                0x0800d100                UART_AdvFeatureConfig
 .text.UART_CheckIdleState
                0x0800d244       0xae ./Drivers/STM32F7xx_HAL_Driver/Src/stm32f7xx_hal_uart.o
                0x0800d244                UART_CheckIdleState
 .text.UART_WaitOnFlagUntilTimeout
                0x0800d2f2       0xda ./Drivers/STM32F7xx_HAL_Driver/Src/stm32f7xx_hal_uart.o
                0x0800d2f2                UART_WaitOnFlagUntilTimeout
 .text.UART_Start_Receive_DMA
                0x0800d3cc      0x140 ./Drivers/STM32F7xx_HAL_Driver/Src/stm32f7xx_hal_uart.o
                0x0800d3cc                UART_Start_Receive_DMA
 .text.UART_EndTxTransfer
                0x0800d50c       0x4c ./Drivers/STM32F7xx_HAL_Driver/Src/stm32f7xx_hal_uart.o
 .text.UART_EndRxTransfer
                0x0800d558       0xc8 ./Drivers/STM32F7xx_HAL_Driver/Src/stm32f7xx_hal_uart.o
 .text.UART_DMAReceiveCplt
                0x0800d620      0x15e ./Drivers/STM32F7xx_HAL_Driver/Src/stm32f7xx_hal_uart.o
 .text.UART_DMARxHalfCplt
                0x0800d77e       0x72 ./Drivers/STM32F7xx_HAL_Driver/Src/stm32f7xx_hal_uart.o
 .text.UART_DMAError
                0x0800d7f0       0x7e ./Drivers/STM32F7xx_HAL_Driver/Src/stm32f7xx_hal_uart.o
 .text.UART_DMAAbortOnError
                0x0800d86e       0x24 ./Drivers/STM32F7xx_HAL_Driver/Src/stm32f7xx_hal_uart.o
 .text.UART_EndTransmit_IT
                0x0800d892       0x54 ./Drivers/STM32F7xx_HAL_Driver/Src/stm32f7xx_hal_uart.o
 .text.memmove  0x0800d8e6       0x34 C:/ST/STM32CubeIDE_1.16.1/STM32CubeIDE/plugins/com.st.stm32cube.ide.mcu.externaltools.gnu-tools-for-stm32.12.3.rel1.win32_1.0.200.202406191623/tools/bin/../lib/gcc/arm-none-eabi/12.3.1/../../../../arm-none-eabi/lib/thumb/v7e-m+fp/hard\libc_nano.a(libc_a-memmove.o)
                0x0800d8e6                memmove
 .text.memset   0x0800d91a       0x10 C:/ST/STM32CubeIDE_1.16.1/STM32CubeIDE/plugins/com.st.stm32cube.ide.mcu.externaltools.gnu-tools-for-stm32.12.3.rel1.win32_1.0.200.202406191623/tools/bin/../lib/gcc/arm-none-eabi/12.3.1/../../../../arm-none-eabi/lib/thumb/v7e-m+fp/hard\libc_nano.a(libc_a-memset.o)
                0x0800d91a                memset
 *fill*         0x0800d92a        0x2 
 .text.__errno  0x0800d92c        0xc C:/ST/STM32CubeIDE_1.16.1/STM32CubeIDE/plugins/com.st.stm32cube.ide.mcu.externaltools.gnu-tools-for-stm32.12.3.rel1.win32_1.0.200.202406191623/tools/bin/../lib/gcc/arm-none-eabi/12.3.1/../../../../arm-none-eabi/lib/thumb/v7e-m+fp/hard\libc_nano.a(libc_a-errno.o)
                0x0800d92c                __errno
 .text.__libc_init_array
                0x0800d938       0x48 C:/ST/STM32CubeIDE_1.16.1/STM32CubeIDE/plugins/com.st.stm32cube.ide.mcu.externaltools.gnu-tools-for-stm32.12.3.rel1.win32_1.0.200.202406191623/tools/bin/../lib/gcc/arm-none-eabi/12.3.1/../../../../arm-none-eabi/lib/thumb/v7e-m+fp/hard\libc_nano.a(libc_a-init.o)
                0x0800d938                __libc_init_array
 .text.atan2f   0x0800d980        0x4 C:/ST/STM32CubeIDE_1.16.1/STM32CubeIDE/plugins/com.st.stm32cube.ide.mcu.externaltools.gnu-tools-for-stm32.12.3.rel1.win32_1.0.200.202406191623/tools/bin/../lib/gcc/arm-none-eabi/12.3.1/../../../../arm-none-eabi/lib/thumb/v7e-m+fp/hard\libm.a(libm_a-wf_atan2.o)
                0x0800d980                atan2f
 .text.powf     0x0800d984       0xae C:/ST/STM32CubeIDE_1.16.1/STM32CubeIDE/plugins/com.st.stm32cube.ide.mcu.externaltools.gnu-tools-for-stm32.12.3.rel1.win32_1.0.200.202406191623/tools/bin/../lib/gcc/arm-none-eabi/12.3.1/../../../../arm-none-eabi/lib/thumb/v7e-m+fp/hard\libm.a(libm_a-wf_pow.o)
                0x0800d984                powf
 *fill*         0x0800da32        0x2 
 .text.sqrtf    0x0800da34       0x3c C:/ST/STM32CubeIDE_1.16.1/STM32CubeIDE/plugins/com.st.stm32cube.ide.mcu.externaltools.gnu-tools-for-stm32.12.3.rel1.win32_1.0.200.202406191623/tools/bin/../lib/gcc/arm-none-eabi/12.3.1/../../../../arm-none-eabi/lib/thumb/v7e-m+fp/hard\libm.a(libm_a-wf_sqrt.o)
                0x0800da34                sqrtf
 .text.fabsf    0x0800da70        0xe C:/ST/STM32CubeIDE_1.16.1/STM32CubeIDE/plugins/com.st.stm32cube.ide.mcu.externaltools.gnu-tools-for-stm32.12.3.rel1.win32_1.0.200.202406191623/tools/bin/../lib/gcc/arm-none-eabi/12.3.1/../../../../arm-none-eabi/lib/thumb/v7e-m+fp/hard\libm.a(libm_a-sf_fabs.o)
                0x0800da70                fabsf
 .text.finitef  0x0800da7e       0x14 C:/ST/STM32CubeIDE_1.16.1/STM32CubeIDE/plugins/com.st.stm32cube.ide.mcu.externaltools.gnu-tools-for-stm32.12.3.rel1.win32_1.0.200.202406191623/tools/bin/../lib/gcc/arm-none-eabi/12.3.1/../../../../arm-none-eabi/lib/thumb/v7e-m+fp/hard\libm.a(libm_a-sf_finite.o)
                0x0800da7e                finitef
 .text.__ieee754_sqrtf
                0x0800da92        0x6 C:/ST/STM32CubeIDE_1.16.1/STM32CubeIDE/plugins/com.st.stm32cube.ide.mcu.externaltools.gnu-tools-for-stm32.12.3.rel1.win32_1.0.200.202406191623/tools/bin/../lib/gcc/arm-none-eabi/12.3.1/../../../../arm-none-eabi/lib/thumb/v7e-m+fp/hard\libm.a(libm_a-ef_sqrt.o)
                0x0800da92                __ieee754_sqrtf
 .text.__ieee754_atan2f
                0x0800da98      0x140 C:/ST/STM32CubeIDE_1.16.1/STM32CubeIDE/plugins/com.st.stm32cube.ide.mcu.externaltools.gnu-tools-for-stm32.12.3.rel1.win32_1.0.200.202406191623/tools/bin/../lib/gcc/arm-none-eabi/12.3.1/../../../../arm-none-eabi/lib/thumb/v7e-m+fp/hard\libm.a(libm_a-ef_atan2.o)
                0x0800da98                __ieee754_atan2f
 .text.__ieee754_powf
                0x0800dbd8      0x5a0 C:/ST/STM32CubeIDE_1.16.1/STM32CubeIDE/plugins/com.st.stm32cube.ide.mcu.externaltools.gnu-tools-for-stm32.12.3.rel1.win32_1.0.200.202406191623/tools/bin/../lib/gcc/arm-none-eabi/12.3.1/../../../../arm-none-eabi/lib/thumb/v7e-m+fp/hard\libm.a(libm_a-ef_pow.o)
                0x0800dbd8                __ieee754_powf
 .text.atanf    0x0800e178      0x1a8 C:/ST/STM32CubeIDE_1.16.1/STM32CubeIDE/plugins/com.st.stm32cube.ide.mcu.externaltools.gnu-tools-for-stm32.12.3.rel1.win32_1.0.200.202406191623/tools/bin/../lib/gcc/arm-none-eabi/12.3.1/../../../../arm-none-eabi/lib/thumb/v7e-m+fp/hard\libm.a(libm_a-sf_atan.o)
                0x0800e178                atanf
 .text.scalbnf  0x0800e320       0xcc C:/ST/STM32CubeIDE_1.16.1/STM32CubeIDE/plugins/com.st.stm32cube.ide.mcu.externaltools.gnu-tools-for-stm32.12.3.rel1.win32_1.0.200.202406191623/tools/bin/../lib/gcc/arm-none-eabi/12.3.1/../../../../arm-none-eabi/lib/thumb/v7e-m+fp/hard\libm.a(libm_a-sf_scalbn.o)
                0x0800e320                scalbnf
 .text.with_errnof
                0x0800e3ec       0x1c C:/ST/STM32CubeIDE_1.16.1/STM32CubeIDE/plugins/com.st.stm32cube.ide.mcu.externaltools.gnu-tools-for-stm32.12.3.rel1.win32_1.0.200.202406191623/tools/bin/../lib/gcc/arm-none-eabi/12.3.1/../../../../arm-none-eabi/lib/thumb/v7e-m+fp/hard\libm.a(libm_a-math_errf.o)
 .text.xflowf   0x0800e408       0x16 C:/ST/STM32CubeIDE_1.16.1/STM32CubeIDE/plugins/com.st.stm32cube.ide.mcu.externaltools.gnu-tools-for-stm32.12.3.rel1.win32_1.0.200.202406191623/tools/bin/../lib/gcc/arm-none-eabi/12.3.1/../../../../arm-none-eabi/lib/thumb/v7e-m+fp/hard\libm.a(libm_a-math_errf.o)
 *fill*         0x0800e41e        0x2 
 .text.__math_uflowf
                0x0800e420        0xc C:/ST/STM32CubeIDE_1.16.1/STM32CubeIDE/plugins/com.st.stm32cube.ide.mcu.externaltools.gnu-tools-for-stm32.12.3.rel1.win32_1.0.200.202406191623/tools/bin/../lib/gcc/arm-none-eabi/12.3.1/../../../../arm-none-eabi/lib/thumb/v7e-m+fp/hard\libm.a(libm_a-math_errf.o)
                0x0800e420                __math_uflowf
 .text.__math_oflowf
                0x0800e42c        0xc C:/ST/STM32CubeIDE_1.16.1/STM32CubeIDE/plugins/com.st.stm32cube.ide.mcu.externaltools.gnu-tools-for-stm32.12.3.rel1.win32_1.0.200.202406191623/tools/bin/../lib/gcc/arm-none-eabi/12.3.1/../../../../arm-none-eabi/lib/thumb/v7e-m+fp/hard\libm.a(libm_a-math_errf.o)
                0x0800e42c                __math_oflowf
 *(.glue_7)
 .glue_7        0x0800e438        0x0 linker stubs
 *(.glue_7t)
 .glue_7t       0x0800e438        0x0 linker stubs
 *(.eh_frame)
 .eh_frame      0x0800e438        0x0 C:/ST/STM32CubeIDE_1.16.1/STM32CubeIDE/plugins/com.st.stm32cube.ide.mcu.externaltools.gnu-tools-for-stm32.12.3.rel1.win32_1.0.200.202406191623/tools/bin/../lib/gcc/arm-none-eabi/12.3.1/thumb/v7e-m+fp/hard/crtbegin.o
 *(.init)
 .init          0x0800e438        0x4 C:/ST/STM32CubeIDE_1.16.1/STM32CubeIDE/plugins/com.st.stm32cube.ide.mcu.externaltools.gnu-tools-for-stm32.12.3.rel1.win32_1.0.200.202406191623/tools/bin/../lib/gcc/arm-none-eabi/12.3.1/thumb/v7e-m+fp/hard/crti.o
                0x0800e438                _init
 .init          0x0800e43c        0x8 C:/ST/STM32CubeIDE_1.16.1/STM32CubeIDE/plugins/com.st.stm32cube.ide.mcu.externaltools.gnu-tools-for-stm32.12.3.rel1.win32_1.0.200.202406191623/tools/bin/../lib/gcc/arm-none-eabi/12.3.1/thumb/v7e-m+fp/hard/crtn.o
 *(.fini)
 .fini          0x0800e444        0x4 C:/ST/STM32CubeIDE_1.16.1/STM32CubeIDE/plugins/com.st.stm32cube.ide.mcu.externaltools.gnu-tools-for-stm32.12.3.rel1.win32_1.0.200.202406191623/tools/bin/../lib/gcc/arm-none-eabi/12.3.1/thumb/v7e-m+fp/hard/crti.o
                0x0800e444                _fini
 .fini          0x0800e448        0x8 C:/ST/STM32CubeIDE_1.16.1/STM32CubeIDE/plugins/com.st.stm32cube.ide.mcu.externaltools.gnu-tools-for-stm32.12.3.rel1.win32_1.0.200.202406191623/tools/bin/../lib/gcc/arm-none-eabi/12.3.1/thumb/v7e-m+fp/hard/crtn.o
                0x0800e450                        . = ALIGN (0x4)
                0x0800e450                        _etext = .

.vfp11_veneer   0x0800e450        0x0
 .vfp11_veneer  0x0800e450        0x0 linker stubs

.v4_bx          0x0800e450        0x0
 .v4_bx         0x0800e450        0x0 linker stubs

.iplt           0x0800e450        0x0
 .iplt          0x0800e450        0x0 C:/ST/STM32CubeIDE_1.16.1/STM32CubeIDE/plugins/com.st.stm32cube.ide.mcu.externaltools.gnu-tools-for-stm32.12.3.rel1.win32_1.0.200.202406191623/tools/bin/../lib/gcc/arm-none-eabi/12.3.1/thumb/v7e-m+fp/hard/crtbegin.o

.rodata         0x0800e450     0x1eb8
                0x0800e450                        . = ALIGN (0x4)
 *(.rodata)
 .rodata        0x0800e450     0x1698 ./Core/Src/driver_mpu6500.o
 .rodata        0x0800fae8      0x56d ./Core/Src/driver_mpu6500_basic.o
 *fill*         0x08010055        0x3 
 .rodata        0x08010058      0x23f ./Core/interface/driver_mpu6500_interface.o
 *(.rodata*)
 *fill*         0x08010297        0x1 
 .rodata.AHBPrescTable
                0x08010298       0x10 ./Core/Src/system_stm32f7xx.o
                0x08010298                AHBPrescTable
 .rodata.APBPrescTable
                0x080102a8        0x8 ./Core/Src/system_stm32f7xx.o
                0x080102a8                APBPrescTable
 .rodata.flagBitshiftOffset.0
                0x080102b0        0x8 ./Drivers/STM32F7xx_HAL_Driver/Src/stm32f7xx_hal_dma.o
 .rodata.CSWTCH.9
                0x080102b8        0xc C:/ST/STM32CubeIDE_1.16.1/STM32CubeIDE/plugins/com.st.stm32cube.ide.mcu.externaltools.gnu-tools-for-stm32.12.3.rel1.win32_1.0.200.202406191623/tools/bin/../lib/gcc/arm-none-eabi/12.3.1/../../../../arm-none-eabi/lib/thumb/v7e-m+fp/hard\libm.a(libm_a-ef_atan2.o)
 .rodata.CSWTCH.8
                0x080102c4        0xc C:/ST/STM32CubeIDE_1.16.1/STM32CubeIDE/plugins/com.st.stm32cube.ide.mcu.externaltools.gnu-tools-for-stm32.12.3.rel1.win32_1.0.200.202406191623/tools/bin/../lib/gcc/arm-none-eabi/12.3.1/../../../../arm-none-eabi/lib/thumb/v7e-m+fp/hard\libm.a(libm_a-ef_atan2.o)
 .rodata.dp_l   0x080102d0        0x8 C:/ST/STM32CubeIDE_1.16.1/STM32CubeIDE/plugins/com.st.stm32cube.ide.mcu.externaltools.gnu-tools-for-stm32.12.3.rel1.win32_1.0.200.202406191623/tools/bin/../lib/gcc/arm-none-eabi/12.3.1/../../../../arm-none-eabi/lib/thumb/v7e-m+fp/hard\libm.a(libm_a-ef_pow.o)
 .rodata.dp_h   0x080102d8        0x8 C:/ST/STM32CubeIDE_1.16.1/STM32CubeIDE/plugins/com.st.stm32cube.ide.mcu.externaltools.gnu-tools-for-stm32.12.3.rel1.win32_1.0.200.202406191623/tools/bin/../lib/gcc/arm-none-eabi/12.3.1/../../../../arm-none-eabi/lib/thumb/v7e-m+fp/hard\libm.a(libm_a-ef_pow.o)
 .rodata.bp     0x080102e0        0x8 C:/ST/STM32CubeIDE_1.16.1/STM32CubeIDE/plugins/com.st.stm32cube.ide.mcu.externaltools.gnu-tools-for-stm32.12.3.rel1.win32_1.0.200.202406191623/tools/bin/../lib/gcc/arm-none-eabi/12.3.1/../../../../arm-none-eabi/lib/thumb/v7e-m+fp/hard\libm.a(libm_a-ef_pow.o)
 .rodata.atanlo
                0x080102e8       0x10 C:/ST/STM32CubeIDE_1.16.1/STM32CubeIDE/plugins/com.st.stm32cube.ide.mcu.externaltools.gnu-tools-for-stm32.12.3.rel1.win32_1.0.200.202406191623/tools/bin/../lib/gcc/arm-none-eabi/12.3.1/../../../../arm-none-eabi/lib/thumb/v7e-m+fp/hard\libm.a(libm_a-sf_atan.o)
 .rodata.atanhi
                0x080102f8       0x10 C:/ST/STM32CubeIDE_1.16.1/STM32CubeIDE/plugins/com.st.stm32cube.ide.mcu.externaltools.gnu-tools-for-stm32.12.3.rel1.win32_1.0.200.202406191623/tools/bin/../lib/gcc/arm-none-eabi/12.3.1/../../../../arm-none-eabi/lib/thumb/v7e-m+fp/hard\libm.a(libm_a-sf_atan.o)
                0x08010308                        . = ALIGN (0x4)

.ARM.extab      0x08010308        0x0
                0x08010308                        . = ALIGN (0x4)
 *(.ARM.extab* .gnu.linkonce.armextab.*)
                0x08010308                        . = ALIGN (0x4)

.ARM            0x08010308        0x8
                0x08010308                        . = ALIGN (0x4)
                0x08010308                        __exidx_start = .
 *(.ARM.exidx*)
 .ARM.exidx     0x08010308        0x8 C:/ST/STM32CubeIDE_1.16.1/STM32CubeIDE/plugins/com.st.stm32cube.ide.mcu.externaltools.gnu-tools-for-stm32.12.3.rel1.win32_1.0.200.202406191623/tools/bin/../lib/gcc/arm-none-eabi/12.3.1/thumb/v7e-m+fp/hard\libgcc.a(_udivmoddi4.o)
                0x08010310                        __exidx_end = .
                0x08010310                        . = ALIGN (0x4)

.preinit_array  0x08010310        0x0
                0x08010310                        . = ALIGN (0x4)
                0x08010310                        PROVIDE (__preinit_array_start = .)
 *(.preinit_array*)
                0x08010310                        PROVIDE (__preinit_array_end = .)
                0x08010310                        . = ALIGN (0x4)

.init_array     0x08010310        0x4
                0x08010310                        . = ALIGN (0x4)
                0x08010310                        PROVIDE (__init_array_start = .)
 *(SORT_BY_NAME(.init_array.*))
 *(.init_array*)
 .init_array    0x08010310        0x4 C:/ST/STM32CubeIDE_1.16.1/STM32CubeIDE/plugins/com.st.stm32cube.ide.mcu.externaltools.gnu-tools-for-stm32.12.3.rel1.win32_1.0.200.202406191623/tools/bin/../lib/gcc/arm-none-eabi/12.3.1/thumb/v7e-m+fp/hard/crtbegin.o
                0x08010314                        PROVIDE (__init_array_end = .)
                0x08010314                        . = ALIGN (0x4)

.fini_array     0x08010314        0x4
                0x08010314                        . = ALIGN (0x4)
                [!provide]                        PROVIDE (__fini_array_start = .)
 *(SORT_BY_NAME(.fini_array.*))
 *(.fini_array*)
 .fini_array    0x08010314        0x4 C:/ST/STM32CubeIDE_1.16.1/STM32CubeIDE/plugins/com.st.stm32cube.ide.mcu.externaltools.gnu-tools-for-stm32.12.3.rel1.win32_1.0.200.202406191623/tools/bin/../lib/gcc/arm-none-eabi/12.3.1/thumb/v7e-m+fp/hard/crtbegin.o
                [!provide]                        PROVIDE (__fini_array_end = .)
                0x08010318                        . = ALIGN (0x4)
                0x08010318                        _sidata = LOADADDR (.data)

.rel.dyn        0x08010318        0x0
 .rel.iplt      0x08010318        0x0 C:/ST/STM32CubeIDE_1.16.1/STM32CubeIDE/plugins/com.st.stm32cube.ide.mcu.externaltools.gnu-tools-for-stm32.12.3.rel1.win32_1.0.200.202406191623/tools/bin/../lib/gcc/arm-none-eabi/12.3.1/thumb/v7e-m+fp/hard/crtbegin.o

.data           0x20000000       0x70 load address 0x08010318
                0x20000000                        . = ALIGN (0x4)
                0x20000000                        _sdata = .
 *(.data)
 *(.data*)
 .data.gyro_bias
                0x20000000        0xc ./Core/Src/main.o
                0x20000000                gyro_bias
 .data.pressure_hpa
                0x2000000c        0x4 ./Core/Src/main.o
                0x2000000c                pressure_hpa
 .data.baro_p0  0x20000010        0x4 ./Core/Src/main.o
                0x20000010                baro_p0
 .data.SystemCoreClock
                0x20000014        0x4 ./Core/Src/system_stm32f7xx.o
                0x20000014                SystemCoreClock
 .data.uwTickPrio
                0x20000018        0x4 ./Drivers/STM32F7xx_HAL_Driver/Src/stm32f7xx_hal.o
                0x20000018                uwTickPrio
 .data.uwTickFreq
                0x2000001c        0x1 ./Drivers/STM32F7xx_HAL_Driver/Src/stm32f7xx_hal.o
                0x2000001c                uwTickFreq
 *fill*         0x2000001d        0x3 
 .data._impure_ptr
                0x20000020        0x4 C:/ST/STM32CubeIDE_1.16.1/STM32CubeIDE/plugins/com.st.stm32cube.ide.mcu.externaltools.gnu-tools-for-stm32.12.3.rel1.win32_1.0.200.202406191623/tools/bin/../lib/gcc/arm-none-eabi/12.3.1/../../../../arm-none-eabi/lib/thumb/v7e-m+fp/hard\libc_nano.a(libc_a-impure.o)
                0x20000020                _impure_ptr
 .data._impure_data
                0x20000024       0x4c C:/ST/STM32CubeIDE_1.16.1/STM32CubeIDE/plugins/com.st.stm32cube.ide.mcu.externaltools.gnu-tools-for-stm32.12.3.rel1.win32_1.0.200.202406191623/tools/bin/../lib/gcc/arm-none-eabi/12.3.1/../../../../arm-none-eabi/lib/thumb/v7e-m+fp/hard\libc_nano.a(libc_a-impure.o)
                0x20000024                _impure_data
 *(.RamFunc)
 *(.RamFunc*)
                0x20000070                        . = ALIGN (0x4)
                0x20000070                        _edata = .

.igot.plt       0x20000070        0x0 load address 0x08010388
 .igot.plt      0x20000070        0x0 C:/ST/STM32CubeIDE_1.16.1/STM32CubeIDE/plugins/com.st.stm32cube.ide.mcu.externaltools.gnu-tools-for-stm32.12.3.rel1.win32_1.0.200.202406191623/tools/bin/../lib/gcc/arm-none-eabi/12.3.1/thumb/v7e-m+fp/hard/crtbegin.o
                0x20000070                        . = ALIGN (0x4)

.bss            0x20000070      0xb68 load address 0x08010388
                0x20000070                        _sbss = .
                0x20000070                        __bss_start__ = _sbss
 *(.bss)
 .bss           0x20000070       0x1c C:/ST/STM32CubeIDE_1.16.1/STM32CubeIDE/plugins/com.st.stm32cube.ide.mcu.externaltools.gnu-tools-for-stm32.12.3.rel1.win32_1.0.200.202406191623/tools/bin/../lib/gcc/arm-none-eabi/12.3.1/thumb/v7e-m+fp/hard/crtbegin.o
 *(.bss*)
 .bss.gs_handle
                0x2000008c      0x440 ./Core/Src/driver_mpu6500_basic.o
 .bss.hi2c1     0x200004cc       0x54 ./Core/Src/i2c.o
                0x200004cc                hi2c1
 .bss.uart_dma_rx_buf
                0x20000520       0x40 ./Core/Src/ibus.o
 .bss.ibus_frame_buf
                0x20000560       0x20 ./Core/Src/ibus.o
 .bss.dma_last_pos
                0x20000580        0x2 ./Core/Src/ibus.o
 .bss.fail_safe_flag
                0x20000582        0x1 ./Core/Src/ibus.o
 *fill*         0x20000583        0x1 
 .bss.stream_buf
                0x20000584       0x40 ./Core/Src/ibus.o
 .bss.stream_len
                0x200005c4        0x2 ./Core/Src/ibus.o
 .bss.res       0x200005c6        0x1 ./Core/Src/main.o
                0x200005c6                res
 *fill*         0x200005c7        0x1 
 .bss.g         0x200005c8        0xc ./Core/Src/main.o
                0x200005c8                g
 .bss.dps       0x200005d4        0xc ./Core/Src/main.o
                0x200005d4                dps
 .bss.degrees   0x200005e0        0x4 ./Core/Src/main.o
                0x200005e0                degrees
 .bss.MPU_Flag  0x200005e4        0x1 ./Core/Src/main.o
                0x200005e4                MPU_Flag
 *fill*         0x200005e5        0x3 
 .bss.orientation
                0x200005e8        0xc ./Core/Src/main.o
                0x200005e8                orientation
 .bss.dt        0x200005f4        0x4 ./Core/Src/main.o
                0x200005f4                dt
 .bss.ibus_data
                0x200005f8       0x14 ./Core/Src/main.o
                0x200005f8                ibus_data
 .bss.motor_pwm
                0x2000060c       0x10 ./Core/Src/main.o
                0x2000060c                motor_pwm
 .bss.arming    0x2000061c        0x1 ./Core/Src/main.o
                0x2000061c                arming
 *fill*         0x2000061d        0x3 
 .bss.pid_angle_roll
                0x20000620       0x24 ./Core/Src/main.o
                0x20000620                pid_angle_roll
 .bss.pid_angle_pitch
                0x20000644       0x24 ./Core/Src/main.o
                0x20000644                pid_angle_pitch
 .bss.pid_rate_roll
                0x20000668       0x24 ./Core/Src/main.o
                0x20000668                pid_rate_roll
 .bss.pid_rate_pitch
                0x2000068c       0x24 ./Core/Src/main.o
                0x2000068c                pid_rate_pitch
 .bss.pid_rate_yaw
                0x200006b0       0x24 ./Core/Src/main.o
                0x200006b0                pid_rate_yaw
 .bss.roll_correction
                0x200006d4        0x4 ./Core/Src/main.o
                0x200006d4                roll_correction
 .bss.pitch_correction
                0x200006d8        0x4 ./Core/Src/main.o
                0x200006d8                pitch_correction
 .bss.yaw_correction
                0x200006dc        0x4 ./Core/Src/main.o
                0x200006dc                yaw_correction
 .bss.altitude_estimate
                0x200006e0        0x4 ./Core/Src/main.o
                0x200006e0                altitude_estimate
 .bss.pid_altitude
                0x200006e4       0x24 ./Core/Src/main.o
                0x200006e4                pid_altitude
 .bss.lps22df_ctx
                0x20000708       0x14 ./Core/Src/main.o
 .bss.lps_spi_ctx
                0x2000071c        0xc ./Core/Src/main.o
 .bss.md        0x20000728        0x3 ./Core/Src/main.o
                0x20000728                md
 *fill*         0x2000072b        0x1 
 .bss.data      0x2000072c       0x10 ./Core/Src/main.o
                0x2000072c                data
 .bss.bus_mode  0x2000073c        0x3 ./Core/Src/main.o
                0x2000073c                bus_mode
 *fill*         0x2000073f        0x1 
 .bss.all_sources
                0x20000740        0x1 ./Core/Src/main.o
                0x20000740                all_sources
 *fill*         0x20000741        0x3 
 .bss.temperature
                0x20000744        0x4 ./Core/Src/main.o
                0x20000744                temperature
 .bss.altitude  0x20000748        0x4 ./Core/Src/main.o
 .bss.baro_offset
                0x2000074c        0x4 ./Core/Src/main.o
 .bss.acc_z_offset
                0x20000750        0x4 ./Core/Src/main.o
 .bss.calibrated
                0x20000754        0x1 ./Core/Src/main.o
 *fill*         0x20000755        0x3 
 .bss.acc_sum.4
                0x20000758        0x4 ./Core/Src/main.o
 .bss.baro_sum.3
                0x2000075c        0x4 ./Core/Src/main.o
 .bss.cnt.2     0x20000760        0x4 ./Core/Src/main.o
 .bss.baro_filt.1
                0x20000764        0x4 ./Core/Src/main.o
 .bss.last.0    0x20000768        0x8 ./Core/Src/main.o
 .bss.hspi1     0x20000770       0x64 ./Core/Src/spi.o
                0x20000770                hspi1
 .bss.hspi2     0x200007d4       0x64 ./Core/Src/spi.o
                0x200007d4                hspi2
 .bss.htim1     0x20000838       0x4c ./Core/Src/tim.o
                0x20000838                htim1
 .bss.htim2     0x20000884       0x4c ./Core/Src/tim.o
                0x20000884                htim2
 .bss.htim3     0x200008d0       0x4c ./Core/Src/tim.o
                0x200008d0                htim3
 .bss.htim5     0x2000091c       0x4c ./Core/Src/tim.o
                0x2000091c                htim5
 .bss.htim12    0x20000968       0x4c ./Core/Src/tim.o
                0x20000968                htim12
 .bss.huart4    0x200009b4       0x88 ./Core/Src/usart.o
                0x200009b4                huart4
 .bss.hdma_uart4_rx
                0x20000a3c       0x60 ./Core/Src/usart.o
                0x20000a3c                hdma_uart4_rx
 .bss.uwTick    0x20000a9c        0x4 ./Drivers/STM32F7xx_HAL_Driver/Src/stm32f7xx_hal.o
                0x20000a9c                uwTick
 .bss.__sf      0x20000aa0      0x138 C:/ST/STM32CubeIDE_1.16.1/STM32CubeIDE/plugins/com.st.stm32cube.ide.mcu.externaltools.gnu-tools-for-stm32.12.3.rel1.win32_1.0.200.202406191623/tools/bin/../lib/gcc/arm-none-eabi/12.3.1/../../../../arm-none-eabi/lib/thumb/v7e-m+fp/hard\libc_nano.a(libc_a-findfp.o)
                0x20000aa0                __sf
 *(COMMON)
                0x20000bd8                        . = ALIGN (0x4)
                0x20000bd8                        _ebss = .
                0x20000bd8                        __bss_end__ = _ebss

._user_heap_stack
                0x20000bd8      0x600 load address 0x08010388
                0x20000bd8                        . = ALIGN (0x8)
                [!provide]                        PROVIDE (end = .)
                0x20000bd8                        PROVIDE (_end = .)
                0x20000dd8                        . = (. + _Min_Heap_Size)
 *fill*         0x20000bd8      0x200 
                0x200011d8                        . = (. + _Min_Stack_Size)
 *fill*         0x20000dd8      0x400 
                0x200011d8                        . = ALIGN (0x8)

/DISCARD/
 libc.a(*)
 libm.a(*)
 libgcc.a(*)

.ARM.attributes
                0x00000000       0x30
 *(.ARM.attributes)
 .ARM.attributes
                0x00000000       0x22 C:/ST/STM32CubeIDE_1.16.1/STM32CubeIDE/plugins/com.st.stm32cube.ide.mcu.externaltools.gnu-tools-for-stm32.12.3.rel1.win32_1.0.200.202406191623/tools/bin/../lib/gcc/arm-none-eabi/12.3.1/thumb/v7e-m+fp/hard/crti.o
 .ARM.attributes
                0x00000022       0x34 C:/ST/STM32CubeIDE_1.16.1/STM32CubeIDE/plugins/com.st.stm32cube.ide.mcu.externaltools.gnu-tools-for-stm32.12.3.rel1.win32_1.0.200.202406191623/tools/bin/../lib/gcc/arm-none-eabi/12.3.1/thumb/v7e-m+fp/hard/crtbegin.o
 .ARM.attributes
                0x00000056       0x34 ./Core/Src/dma.o
 .ARM.attributes
                0x0000008a       0x34 ./Core/Src/driver_mpu6500.o
 .ARM.attributes
                0x000000be       0x34 ./Core/Src/driver_mpu6500_basic.o
 .ARM.attributes
                0x000000f2       0x34 ./Core/Src/gpio.o
 .ARM.attributes
                0x00000126       0x34 ./Core/Src/i2c.o
 .ARM.attributes
                0x0000015a       0x34 ./Core/Src/ibus.o
 .ARM.attributes
                0x0000018e       0x34 ./Core/Src/lps22df_platform.o
 .ARM.attributes
                0x000001c2       0x34 ./Core/Src/lps22df_reg.o
 .ARM.attributes
                0x000001f6       0x34 ./Core/Src/main.o
 .ARM.attributes
                0x0000022a       0x34 ./Core/Src/pid.o
 .ARM.attributes
                0x0000025e       0x34 ./Core/Src/spi.o
 .ARM.attributes
                0x00000292       0x34 ./Core/Src/stm32f7xx_hal_msp.o
 .ARM.attributes
                0x000002c6       0x34 ./Core/Src/stm32f7xx_it.o
 .ARM.attributes
                0x000002fa       0x34 ./Core/Src/system_stm32f7xx.o
 .ARM.attributes
                0x0000032e       0x34 ./Core/Src/tim.o
 .ARM.attributes
                0x00000362       0x34 ./Core/Src/usart.o
 .ARM.attributes
                0x00000396       0x21 ./Core/Startup/startup_stm32f722retx.o
 .ARM.attributes
                0x000003b7       0x34 ./Core/interface/driver_mpu6500_interface.o
 .ARM.attributes
                0x000003eb       0x34 ./Drivers/STM32F7xx_HAL_Driver/Src/stm32f7xx_hal.o
 .ARM.attributes
                0x0000041f       0x34 ./Drivers/STM32F7xx_HAL_Driver/Src/stm32f7xx_hal_cortex.o
 .ARM.attributes
                0x00000453       0x34 ./Drivers/STM32F7xx_HAL_Driver/Src/stm32f7xx_hal_dma.o
 .ARM.attributes
                0x00000487       0x34 ./Drivers/STM32F7xx_HAL_Driver/Src/stm32f7xx_hal_gpio.o
 .ARM.attributes
                0x000004bb       0x34 ./Drivers/STM32F7xx_HAL_Driver/Src/stm32f7xx_hal_i2c.o
 .ARM.attributes
                0x000004ef       0x34 ./Drivers/STM32F7xx_HAL_Driver/Src/stm32f7xx_hal_i2c_ex.o
 .ARM.attributes
                0x00000523       0x34 ./Drivers/STM32F7xx_HAL_Driver/Src/stm32f7xx_hal_rcc.o
 .ARM.attributes
                0x00000557       0x34 ./Drivers/STM32F7xx_HAL_Driver/Src/stm32f7xx_hal_rcc_ex.o
 .ARM.attributes
                0x0000058b       0x34 ./Drivers/STM32F7xx_HAL_Driver/Src/stm32f7xx_hal_spi.o
 .ARM.attributes
                0x000005bf       0x34 ./Drivers/STM32F7xx_HAL_Driver/Src/stm32f7xx_hal_tim.o
 .ARM.attributes
                0x000005f3       0x34 ./Drivers/STM32F7xx_HAL_Driver/Src/stm32f7xx_hal_tim_ex.o
 .ARM.attributes
                0x00000627       0x34 ./Drivers/STM32F7xx_HAL_Driver/Src/stm32f7xx_hal_uart.o
 .ARM.attributes
                0x0000065b       0x34 C:/ST/STM32CubeIDE_1.16.1/STM32CubeIDE/plugins/com.st.stm32cube.ide.mcu.externaltools.gnu-tools-for-stm32.12.3.rel1.win32_1.0.200.202406191623/tools/bin/../lib/gcc/arm-none-eabi/12.3.1/../../../../arm-none-eabi/lib/thumb/v7e-m+fp/hard\libc_nano.a(libc_a-findfp.o)
 .ARM.attributes
                0x0000068f       0x34 C:/ST/STM32CubeIDE_1.16.1/STM32CubeIDE/plugins/com.st.stm32cube.ide.mcu.externaltools.gnu-tools-for-stm32.12.3.rel1.win32_1.0.200.202406191623/tools/bin/../lib/gcc/arm-none-eabi/12.3.1/../../../../arm-none-eabi/lib/thumb/v7e-m+fp/hard\libc_nano.a(libc_a-memmove.o)
 .ARM.attributes
                0x000006c3       0x34 C:/ST/STM32CubeIDE_1.16.1/STM32CubeIDE/plugins/com.st.stm32cube.ide.mcu.externaltools.gnu-tools-for-stm32.12.3.rel1.win32_1.0.200.202406191623/tools/bin/../lib/gcc/arm-none-eabi/12.3.1/../../../../arm-none-eabi/lib/thumb/v7e-m+fp/hard\libc_nano.a(libc_a-memset.o)
 .ARM.attributes
                0x000006f7       0x34 C:/ST/STM32CubeIDE_1.16.1/STM32CubeIDE/plugins/com.st.stm32cube.ide.mcu.externaltools.gnu-tools-for-stm32.12.3.rel1.win32_1.0.200.202406191623/tools/bin/../lib/gcc/arm-none-eabi/12.3.1/../../../../arm-none-eabi/lib/thumb/v7e-m+fp/hard\libc_nano.a(libc_a-impure.o)
 .ARM.attributes
                0x0000072b       0x34 C:/ST/STM32CubeIDE_1.16.1/STM32CubeIDE/plugins/com.st.stm32cube.ide.mcu.externaltools.gnu-tools-for-stm32.12.3.rel1.win32_1.0.200.202406191623/tools/bin/../lib/gcc/arm-none-eabi/12.3.1/../../../../arm-none-eabi/lib/thumb/v7e-m+fp/hard\libc_nano.a(libc_a-errno.o)
 .ARM.attributes
                0x0000075f       0x34 C:/ST/STM32CubeIDE_1.16.1/STM32CubeIDE/plugins/com.st.stm32cube.ide.mcu.externaltools.gnu-tools-for-stm32.12.3.rel1.win32_1.0.200.202406191623/tools/bin/../lib/gcc/arm-none-eabi/12.3.1/../../../../arm-none-eabi/lib/thumb/v7e-m+fp/hard\libc_nano.a(libc_a-init.o)
 .ARM.attributes
                0x00000793       0x34 C:/ST/STM32CubeIDE_1.16.1/STM32CubeIDE/plugins/com.st.stm32cube.ide.mcu.externaltools.gnu-tools-for-stm32.12.3.rel1.win32_1.0.200.202406191623/tools/bin/../lib/gcc/arm-none-eabi/12.3.1/../../../../arm-none-eabi/lib/thumb/v7e-m+fp/hard\libm.a(libm_a-wf_atan2.o)
 .ARM.attributes
                0x000007c7       0x34 C:/ST/STM32CubeIDE_1.16.1/STM32CubeIDE/plugins/com.st.stm32cube.ide.mcu.externaltools.gnu-tools-for-stm32.12.3.rel1.win32_1.0.200.202406191623/tools/bin/../lib/gcc/arm-none-eabi/12.3.1/../../../../arm-none-eabi/lib/thumb/v7e-m+fp/hard\libm.a(libm_a-wf_pow.o)
 .ARM.attributes
                0x000007fb       0x34 C:/ST/STM32CubeIDE_1.16.1/STM32CubeIDE/plugins/com.st.stm32cube.ide.mcu.externaltools.gnu-tools-for-stm32.12.3.rel1.win32_1.0.200.202406191623/tools/bin/../lib/gcc/arm-none-eabi/12.3.1/../../../../arm-none-eabi/lib/thumb/v7e-m+fp/hard\libm.a(libm_a-wf_sqrt.o)
 .ARM.attributes
                0x0000082f       0x34 C:/ST/STM32CubeIDE_1.16.1/STM32CubeIDE/plugins/com.st.stm32cube.ide.mcu.externaltools.gnu-tools-for-stm32.12.3.rel1.win32_1.0.200.202406191623/tools/bin/../lib/gcc/arm-none-eabi/12.3.1/../../../../arm-none-eabi/lib/thumb/v7e-m+fp/hard\libm.a(libm_a-sf_fabs.o)
 .ARM.attributes
                0x00000863       0x34 C:/ST/STM32CubeIDE_1.16.1/STM32CubeIDE/plugins/com.st.stm32cube.ide.mcu.externaltools.gnu-tools-for-stm32.12.3.rel1.win32_1.0.200.202406191623/tools/bin/../lib/gcc/arm-none-eabi/12.3.1/../../../../arm-none-eabi/lib/thumb/v7e-m+fp/hard\libm.a(libm_a-sf_finite.o)
 .ARM.attributes
                0x00000897       0x34 C:/ST/STM32CubeIDE_1.16.1/STM32CubeIDE/plugins/com.st.stm32cube.ide.mcu.externaltools.gnu-tools-for-stm32.12.3.rel1.win32_1.0.200.202406191623/tools/bin/../lib/gcc/arm-none-eabi/12.3.1/../../../../arm-none-eabi/lib/thumb/v7e-m+fp/hard\libm.a(libm_a-ef_sqrt.o)
 .ARM.attributes
                0x000008cb       0x34 C:/ST/STM32CubeIDE_1.16.1/STM32CubeIDE/plugins/com.st.stm32cube.ide.mcu.externaltools.gnu-tools-for-stm32.12.3.rel1.win32_1.0.200.202406191623/tools/bin/../lib/gcc/arm-none-eabi/12.3.1/../../../../arm-none-eabi/lib/thumb/v7e-m+fp/hard\libm.a(libm_a-ef_atan2.o)
 .ARM.attributes
                0x000008ff       0x34 C:/ST/STM32CubeIDE_1.16.1/STM32CubeIDE/plugins/com.st.stm32cube.ide.mcu.externaltools.gnu-tools-for-stm32.12.3.rel1.win32_1.0.200.202406191623/tools/bin/../lib/gcc/arm-none-eabi/12.3.1/../../../../arm-none-eabi/lib/thumb/v7e-m+fp/hard\libm.a(libm_a-ef_pow.o)
 .ARM.attributes
                0x00000933       0x34 C:/ST/STM32CubeIDE_1.16.1/STM32CubeIDE/plugins/com.st.stm32cube.ide.mcu.externaltools.gnu-tools-for-stm32.12.3.rel1.win32_1.0.200.202406191623/tools/bin/../lib/gcc/arm-none-eabi/12.3.1/../../../../arm-none-eabi/lib/thumb/v7e-m+fp/hard\libm.a(libm_a-sf_atan.o)
 .ARM.attributes
                0x00000967       0x34 C:/ST/STM32CubeIDE_1.16.1/STM32CubeIDE/plugins/com.st.stm32cube.ide.mcu.externaltools.gnu-tools-for-stm32.12.3.rel1.win32_1.0.200.202406191623/tools/bin/../lib/gcc/arm-none-eabi/12.3.1/../../../../arm-none-eabi/lib/thumb/v7e-m+fp/hard\libm.a(libm_a-sf_scalbn.o)
 .ARM.attributes
                0x0000099b       0x34 C:/ST/STM32CubeIDE_1.16.1/STM32CubeIDE/plugins/com.st.stm32cube.ide.mcu.externaltools.gnu-tools-for-stm32.12.3.rel1.win32_1.0.200.202406191623/tools/bin/../lib/gcc/arm-none-eabi/12.3.1/../../../../arm-none-eabi/lib/thumb/v7e-m+fp/hard\libm.a(libm_a-math_errf.o)
 .ARM.attributes
                0x000009cf       0x22 C:/ST/STM32CubeIDE_1.16.1/STM32CubeIDE/plugins/com.st.stm32cube.ide.mcu.externaltools.gnu-tools-for-stm32.12.3.rel1.win32_1.0.200.202406191623/tools/bin/../lib/gcc/arm-none-eabi/12.3.1/thumb/v7e-m+fp/hard\libgcc.a(_arm_addsubdf3.o)
 .ARM.attributes
                0x000009f1       0x22 C:/ST/STM32CubeIDE_1.16.1/STM32CubeIDE/plugins/com.st.stm32cube.ide.mcu.externaltools.gnu-tools-for-stm32.12.3.rel1.win32_1.0.200.202406191623/tools/bin/../lib/gcc/arm-none-eabi/12.3.1/thumb/v7e-m+fp/hard\libgcc.a(_arm_muldivdf3.o)
 .ARM.attributes
                0x00000a13       0x22 C:/ST/STM32CubeIDE_1.16.1/STM32CubeIDE/plugins/com.st.stm32cube.ide.mcu.externaltools.gnu-tools-for-stm32.12.3.rel1.win32_1.0.200.202406191623/tools/bin/../lib/gcc/arm-none-eabi/12.3.1/thumb/v7e-m+fp/hard\libgcc.a(_arm_truncdfsf2.o)
 .ARM.attributes
                0x00000a35       0x22 C:/ST/STM32CubeIDE_1.16.1/STM32CubeIDE/plugins/com.st.stm32cube.ide.mcu.externaltools.gnu-tools-for-stm32.12.3.rel1.win32_1.0.200.202406191623/tools/bin/../lib/gcc/arm-none-eabi/12.3.1/thumb/v7e-m+fp/hard\libgcc.a(_arm_addsubsf3.o)
 .ARM.attributes
                0x00000a57       0x22 C:/ST/STM32CubeIDE_1.16.1/STM32CubeIDE/plugins/com.st.stm32cube.ide.mcu.externaltools.gnu-tools-for-stm32.12.3.rel1.win32_1.0.200.202406191623/tools/bin/../lib/gcc/arm-none-eabi/12.3.1/thumb/v7e-m+fp/hard\libgcc.a(_aeabi_uldivmod.o)
 .ARM.attributes
                0x00000a79       0x34 C:/ST/STM32CubeIDE_1.16.1/STM32CubeIDE/plugins/com.st.stm32cube.ide.mcu.externaltools.gnu-tools-for-stm32.12.3.rel1.win32_1.0.200.202406191623/tools/bin/../lib/gcc/arm-none-eabi/12.3.1/thumb/v7e-m+fp/hard\libgcc.a(_udivmoddi4.o)
 .ARM.attributes
                0x00000aad       0x22 C:/ST/STM32CubeIDE_1.16.1/STM32CubeIDE/plugins/com.st.stm32cube.ide.mcu.externaltools.gnu-tools-for-stm32.12.3.rel1.win32_1.0.200.202406191623/tools/bin/../lib/gcc/arm-none-eabi/12.3.1/thumb/v7e-m+fp/hard\libgcc.a(_dvmd_tls.o)
 .ARM.attributes
                0x00000acf       0x22 C:/ST/STM32CubeIDE_1.16.1/STM32CubeIDE/plugins/com.st.stm32cube.ide.mcu.externaltools.gnu-tools-for-stm32.12.3.rel1.win32_1.0.200.202406191623/tools/bin/../lib/gcc/arm-none-eabi/12.3.1/thumb/v7e-m+fp/hard/crtn.o
OUTPUT(FC_inzynierka_v2.elf elf32-littlearm)
LOAD linker stubs
LOAD C:/ST/STM32CubeIDE_1.16.1/STM32CubeIDE/plugins/com.st.stm32cube.ide.mcu.externaltools.gnu-tools-for-stm32.12.3.rel1.win32_1.0.200.202406191623/tools/bin/../lib/gcc/arm-none-eabi/12.3.1/../../../../arm-none-eabi/lib/thumb/v7e-m+fp/hard\libc.a
LOAD C:/ST/STM32CubeIDE_1.16.1/STM32CubeIDE/plugins/com.st.stm32cube.ide.mcu.externaltools.gnu-tools-for-stm32.12.3.rel1.win32_1.0.200.202406191623/tools/bin/../lib/gcc/arm-none-eabi/12.3.1/../../../../arm-none-eabi/lib/thumb/v7e-m+fp/hard\libm.a
LOAD C:/ST/STM32CubeIDE_1.16.1/STM32CubeIDE/plugins/com.st.stm32cube.ide.mcu.externaltools.gnu-tools-for-stm32.12.3.rel1.win32_1.0.200.202406191623/tools/bin/../lib/gcc/arm-none-eabi/12.3.1/thumb/v7e-m+fp/hard\libgcc.a

.debug_info     0x00000000    0x21f60
 .debug_info    0x00000000      0x4e9 ./Core/Src/dma.o
 .debug_info    0x000004e9     0x5a4b ./Core/Src/driver_mpu6500.o
 .debug_info    0x00005f34      0xc9a ./Core/Src/driver_mpu6500_basic.o
 .debug_info    0x00006bce      0x42d ./Core/Src/gpio.o
 .debug_info    0x00006ffb      0xe9f ./Core/Src/i2c.o
 .debug_info    0x00007e9a      0xd92 ./Core/Src/ibus.o
 .debug_info    0x00008c2c      0xcbd ./Core/Src/lps22df_platform.o
 .debug_info    0x000098e9     0x1a9c ./Core/Src/lps22df_reg.o
 .debug_info    0x0000b385     0x2351 ./Core/Src/main.o
 .debug_info    0x0000d6d6      0x1bd ./Core/Src/pid.o
 .debug_info    0x0000d893      0xc94 ./Core/Src/spi.o
 .debug_info    0x0000e527      0x28d ./Core/Src/stm32f7xx_hal_msp.o
 .debug_info    0x0000e7b4     0x11ca ./Core/Src/stm32f7xx_it.o
 .debug_info    0x0000f97e      0x6ed ./Core/Src/system_stm32f7xx.o
 .debug_info    0x0001006b     0x125b ./Core/Src/tim.o
 .debug_info    0x000112c6      0xf12 ./Core/Src/usart.o
 .debug_info    0x000121d8       0x30 ./Core/Startup/startup_stm32f722retx.o
 .debug_info    0x00012208      0xa64 ./Core/interface/driver_mpu6500_interface.o
 .debug_info    0x00012c6c      0x990 ./Drivers/STM32F7xx_HAL_Driver/Src/stm32f7xx_hal.o
 .debug_info    0x000135fc      0xf36 ./Drivers/STM32F7xx_HAL_Driver/Src/stm32f7xx_hal_cortex.o
 .debug_info    0x00014532      0x8e7 ./Drivers/STM32F7xx_HAL_Driver/Src/stm32f7xx_hal_dma.o
 .debug_info    0x00014e19      0x6e7 ./Drivers/STM32F7xx_HAL_Driver/Src/stm32f7xx_hal_gpio.o
 .debug_info    0x00015500     0x2147 ./Drivers/STM32F7xx_HAL_Driver/Src/stm32f7xx_hal_i2c.o
 .debug_info    0x00017647      0x922 ./Drivers/STM32F7xx_HAL_Driver/Src/stm32f7xx_hal_i2c_ex.o
 .debug_info    0x00017f69      0x8fc ./Drivers/STM32F7xx_HAL_Driver/Src/stm32f7xx_hal_rcc.o
 .debug_info    0x00018865      0x6b2 ./Drivers/STM32F7xx_HAL_Driver/Src/stm32f7xx_hal_rcc_ex.o
 .debug_info    0x00018f17     0x15c0 ./Drivers/STM32F7xx_HAL_Driver/Src/stm32f7xx_hal_spi.o
 .debug_info    0x0001a4d7     0x2abd ./Drivers/STM32F7xx_HAL_Driver/Src/stm32f7xx_hal_tim.o
 .debug_info    0x0001cf94     0x15bb ./Drivers/STM32F7xx_HAL_Driver/Src/stm32f7xx_hal_tim_ex.o
 .debug_info    0x0001e54f     0x3a11 ./Drivers/STM32F7xx_HAL_Driver/Src/stm32f7xx_hal_uart.o

.debug_abbrev   0x00000000     0x3fc0
 .debug_abbrev  0x00000000      0x10e ./Core/Src/dma.o
 .debug_abbrev  0x0000010e      0x29b ./Core/Src/driver_mpu6500.o
 .debug_abbrev  0x000003a9      0x242 ./Core/Src/driver_mpu6500_basic.o