../Drivers/BSP/Components/lps22hb/lps22hb_reg.c:47:16:lps22hb_read_reg	40	static
../Drivers/BSP/Components/lps22hb/lps22hb_reg.c:73:16:lps22hb_write_reg	40	static
../Drivers/BSP/Components/lps22hb/lps22hb_reg.c:101:9:lps22hb_from_lsb_to_hpa	16	static
../Drivers/BSP/Components/lps22hb/lps22hb_reg.c:106:9:lps22hb_from_lsb_to_kpa	16	static
../Drivers/BSP/Components/lps22hb/lps22hb_reg.c:111:9:lps22hb_from_lsb_to_psi	16	static
../Drivers/BSP/Components/lps22hb/lps22hb_reg.c:116:9:lps22hb_from_lsb_to_altitude	24	static
../Drivers/BSP/Components/lps22hb/lps22hb_reg.c:125:9:lps22hb_from_lsb_to_degc	16	static
../Drivers/BSP/Components/lps22hb/lps22hb_reg.c:153:9:lps22hb_autozero_rst_set	24	static
../Drivers/BSP/Components/lps22hb/lps22hb_reg.c:179:9:lps22hb_autozero_rst_get	24	static
../Drivers/BSP/Components/lps22hb/lps22hb_reg.c:199:9:lps22hb_autozero_set	24	static
../Drivers/BSP/Components/lps22hb/lps22hb_reg.c:225:9:lps22hb_autozero_get	24	static
../Drivers/BSP/Components/lps22hb/lps22hb_reg.c:245:9:lps22hb_pressure_snap_rst_set	24	static
../Drivers/BSP/Components/lps22hb/lps22hb_reg.c:271:9:lps22hb_pressure_snap_rst_get	24	static
../Drivers/BSP/Components/lps22hb/lps22hb_reg.c:291:9:lps22hb_pressure_snap_set	24	static
../Drivers/BSP/Components/lps22hb/lps22hb_reg.c:317:9:lps22hb_pressure_snap_get	24	static
../Drivers/BSP/Components/lps22hb/lps22hb_reg.c:337:9:lps22hb_block_data_update_set	24	static
../Drivers/BSP/Components/lps22hb/lps22hb_reg.c:361:9:lps22hb_block_data_update_get	24	static
../Drivers/BSP/Components/lps22hb/lps22hb_reg.c:380:9:lps22hb_low_pass_filter_mode_set	24	static
../Drivers/BSP/Components/lps22hb/lps22hb_reg.c:405:9:lps22hb_low_pass_filter_mode_get	24	static
../Drivers/BSP/Components/lps22hb/lps22hb_reg.c:443:9:lps22hb_data_rate_set	24	static
../Drivers/BSP/Components/lps22hb/lps22hb_reg.c:467:9:lps22hb_data_rate_get	24	static
../Drivers/BSP/Components/lps22hb/lps22hb_reg.c:516:9:lps22hb_one_shoot_trigger_set	24	static
../Drivers/BSP/Components/lps22hb/lps22hb_reg.c:540:9:lps22hb_one_shoot_trigger_get	24	static
../Drivers/BSP/Components/lps22hb/lps22hb_reg.c:561:9:lps22hb_pressure_ref_set	24	static
../Drivers/BSP/Components/lps22hb/lps22hb_reg.c:585:9:lps22hb_pressure_ref_get	24	static
../Drivers/BSP/Components/lps22hb/lps22hb_reg.c:607:9:lps22hb_pressure_offset_set	24	static
../Drivers/BSP/Components/lps22hb/lps22hb_reg.c:628:9:lps22hb_pressure_offset_get	24	static
../Drivers/BSP/Components/lps22hb/lps22hb_reg.c:648:9:lps22hb_press_data_ready_get	24	static
../Drivers/BSP/Components/lps22hb/lps22hb_reg.c:667:9:lps22hb_temp_data_ready_get	24	static
../Drivers/BSP/Components/lps22hb/lps22hb_reg.c:687:9:lps22hb_data_ready_get	32	static
../Drivers/BSP/Components/lps22hb/lps22hb_reg.c:707:9:lps22hb_press_data_ovr_get	24	static
../Drivers/BSP/Components/lps22hb/lps22hb_reg.c:726:9:lps22hb_temp_data_ovr_get	24	static
../Drivers/BSP/Components/lps22hb/lps22hb_reg.c:745:9:lps22hb_pressure_raw_get	24	static
../Drivers/BSP/Components/lps22hb/lps22hb_reg.c:767:9:lps22hb_temperature_raw_get	24	static
../Drivers/BSP/Components/lps22hb/lps22hb_reg.c:787:9:lps22hb_fifo_output_data_to_raw_pressure	24	static
../Drivers/BSP/Components/lps22hb/lps22hb_reg.c:794:9:lps22hb_fifo_output_data_to_raw_temperature	24	static
../Drivers/BSP/Components/lps22hb/lps22hb_reg.c:814:9:lps22hb_fifo_output_data_burst_get	24	static
../Drivers/BSP/Components/lps22hb/lps22hb_reg.c:836:9:lps22hb_low_pass_rst_get	24	static
../Drivers/BSP/Components/lps22hb/lps22hb_reg.c:865:9:lps22hb_device_id_get	24	static
../Drivers/BSP/Components/lps22hb/lps22hb_reg.c:882:9:lps22hb_reset_set	24	static
../Drivers/BSP/Components/lps22hb/lps22hb_reg.c:906:9:lps22hb_reset_get	24	static
../Drivers/BSP/Components/lps22hb/lps22hb_reg.c:925:9:lps22hb_boot_set	24	static
../Drivers/BSP/Components/lps22hb/lps22hb_reg.c:949:9:lps22hb_boot_get	24	static
../Drivers/BSP/Components/lps22hb/lps22hb_reg.c:968:9:lps22hb_low_power_set	24	static
../Drivers/BSP/Components/lps22hb/lps22hb_reg.c:992:9:lps22hb_low_power_get	24	static
../Drivers/BSP/Components/lps22hb/lps22hb_reg.c:1011:9:lps22hb_boot_status_get	24	static
../Drivers/BSP/Components/lps22hb/lps22hb_reg.c:1031:9:lps22hb_dev_status_get	24	static
../Drivers/BSP/Components/lps22hb/lps22hb_reg.c:1061:9:lps22hb_sign_of_int_threshold_set	24	static
../Drivers/BSP/Components/lps22hb/lps22hb_reg.c:1088:9:lps22hb_sign_of_int_threshold_get	24	static
../Drivers/BSP/Components/lps22hb/lps22hb_reg.c:1132:9:lps22hb_int_notification_mode_set	24	static
../Drivers/BSP/Components/lps22hb/lps22hb_reg.c:1160:9:lps22hb_int_notification_mode_get	24	static
../Drivers/BSP/Components/lps22hb/lps22hb_reg.c:1195:9:lps22hb_int_generation_set	24	static
../Drivers/BSP/Components/lps22hb/lps22hb_reg.c:1221:9:lps22hb_int_generation_get	24	static
../Drivers/BSP/Components/lps22hb/lps22hb_reg.c:1241:9:lps22hb_int_threshold_set	24	static
../Drivers/BSP/Components/lps22hb/lps22hb_reg.c:1261:9:lps22hb_int_threshold_get	24	static
../Drivers/BSP/Components/lps22hb/lps22hb_reg.c:1281:9:lps22hb_int_pin_mode_set	24	static
../Drivers/BSP/Components/lps22hb/lps22hb_reg.c:1306:9:lps22hb_int_pin_mode_get	24	static
../Drivers/BSP/Components/lps22hb/lps22hb_reg.c:1348:9:lps22hb_drdy_on_int_set	24	static
../Drivers/BSP/Components/lps22hb/lps22hb_reg.c:1372:9:lps22hb_drdy_on_int_get	24	static
../Drivers/BSP/Components/lps22hb/lps22hb_reg.c:1391:9:lps22hb_fifo_ovr_on_int_set	24	static
../Drivers/BSP/Components/lps22hb/lps22hb_reg.c:1415:9:lps22hb_fifo_ovr_on_int_get	24	static
../Drivers/BSP/Components/lps22hb/lps22hb_reg.c:1434:9:lps22hb_fifo_threshold_on_int_set	24	static
../Drivers/BSP/Components/lps22hb/lps22hb_reg.c:1459:9:lps22hb_fifo_threshold_on_int_get	24	static
../Drivers/BSP/Components/lps22hb/lps22hb_reg.c:1479:9:lps22hb_fifo_full_on_int_set	24	static
../Drivers/BSP/Components/lps22hb/lps22hb_reg.c:1503:9:lps22hb_fifo_full_on_int_get	24	static
../Drivers/BSP/Components/lps22hb/lps22hb_reg.c:1522:9:lps22hb_pin_mode_set	24	static
../Drivers/BSP/Components/lps22hb/lps22hb_reg.c:1546:9:lps22hb_pin_mode_get	24	static
../Drivers/BSP/Components/lps22hb/lps22hb_reg.c:1579:9:lps22hb_int_polarity_set	24	static
../Drivers/BSP/Components/lps22hb/lps22hb_reg.c:1604:9:lps22hb_int_polarity_get	24	static
../Drivers/BSP/Components/lps22hb/lps22hb_reg.c:1638:9:lps22hb_int_source_get	24	static
../Drivers/BSP/Components/lps22hb/lps22hb_reg.c:1656:9:lps22hb_int_on_press_high_get	24	static
../Drivers/BSP/Components/lps22hb/lps22hb_reg.c:1676:9:lps22hb_int_on_press_low_get	24	static
../Drivers/BSP/Components/lps22hb/lps22hb_reg.c:1696:9:lps22hb_interrupt_event_get	24	static
../Drivers/BSP/Components/lps22hb/lps22hb_reg.c:1729:9:lps22hb_stop_on_fifo_threshold_set	24	static
../Drivers/BSP/Components/lps22hb/lps22hb_reg.c:1754:9:lps22hb_stop_on_fifo_threshold_get	24	static
../Drivers/BSP/Components/lps22hb/lps22hb_reg.c:1774:9:lps22hb_fifo_set	24	static
../Drivers/BSP/Components/lps22hb/lps22hb_reg.c:1798:9:lps22hb_fifo_get	24	static
../Drivers/BSP/Components/lps22hb/lps22hb_reg.c:1817:9:lps22hb_fifo_watermark_set	24	static
../Drivers/BSP/Components/lps22hb/lps22hb_reg.c:1841:9:lps22hb_fifo_watermark_get	24	static
../Drivers/BSP/Components/lps22hb/lps22hb_reg.c:1860:9:lps22hb_fifo_mode_set	24	static
../Drivers/BSP/Components/lps22hb/lps22hb_reg.c:1884:9:lps22hb_fifo_mode_get	24	static
../Drivers/BSP/Components/lps22hb/lps22hb_reg.c:1938:9:lps22hb_fifo_data_level_get	24	static
../Drivers/BSP/Components/lps22hb/lps22hb_reg.c:1958:9:lps22hb_fifo_ovr_flag_get	24	static
../Drivers/BSP/Components/lps22hb/lps22hb_reg.c:1978:9:lps22hb_fifo_fth_flag_get	24	static
../Drivers/BSP/Components/lps22hb/lps22hb_reg.c:2011:9:lps22hb_spi_mode_set	24	static
../Drivers/BSP/Components/lps22hb/lps22hb_reg.c:2035:9:lps22hb_spi_mode_get	24	static
../Drivers/BSP/Components/lps22hb/lps22hb_reg.c:2068:9:lps22hb_i2c_interface_set	24	static
../Drivers/BSP/Components/lps22hb/lps22hb_reg.c:2093:9:lps22hb_i2c_interface_get	24	static
../Drivers/BSP/Components/lps22hb/lps22hb_reg.c:2128:9:lps22hb_auto_add_inc_set	24	static
../Drivers/BSP/Components/lps22hb/lps22hb_reg.c:2153:9:lps22hb_auto_add_inc_get	24	static
