../Core/Src/driver_mpu6500.c:251:16:a_mpu6500_read	32	static
../Core/Src/driver_mpu6500.c:288:16:a_mpu6500_write	32	static
../Core/Src/driver_mpu6500.c:326:16:a_mpu6500_write_mem	40	static
../Core/Src/driver_mpu6500.c:376:16:a_mpu6500_read_mem	40	static
../Core/Src/driver_mpu6500.c:421:16:a_mpu6500_reset_fifo	24	static
../Core/Src/driver_mpu6500.c:525:17:a_mpu6500_inv_row_2_scale	24	static
../Core/Src/driver_mpu6500.c:567:17:a_mpu6500_inv_orientation_matrix_to_scalar	24	static
../Core/Src/driver_mpu6500.c:583:13:a_mpu6500_dmp_decode_gesture	24	static
../Core/Src/driver_mpu6500.c:620:16:a_mpu6500_accel_self_test	80	static
../Core/Src/driver_mpu6500.c:703:16:a_mpu6500_gyro_self_test	80	static
../Core/Src/driver_mpu6500.c:785:16:a_mpu6500_get_st_biases	232	static
../Core/Src/driver_mpu6500.c:965:16:a_mpu6500_deinit	16	static
../Core/Src/driver_mpu6500.c:1004:9:mpu6500_dmp_load_firmware	56	static
../Core/Src/driver_mpu6500.c:1082:9:mpu6500_dmp_set_pedometer_walk_time	24	static
../Core/Src/driver_mpu6500.c:1131:9:mpu6500_dmp_get_pedometer_walk_time	24	static
../Core/Src/driver_mpu6500.c:1176:9:mpu6500_dmp_set_pedometer_step_count	24	static
../Core/Src/driver_mpu6500.c:1224:9:mpu6500_dmp_get_pedometer_step_count	24	static
../Core/Src/driver_mpu6500.c:1269:9:mpu6500_dmp_set_shake_reject_timeout	24	static
../Core/Src/driver_mpu6500.c:1316:9:mpu6500_dmp_get_shake_reject_timeout	24	static
../Core/Src/driver_mpu6500.c:1361:9:mpu6500_dmp_set_shake_reject_time	24	static
../Core/Src/driver_mpu6500.c:1408:9:mpu6500_dmp_get_shake_reject_time	24	static
../Core/Src/driver_mpu6500.c:1453:9:mpu6500_dmp_set_shake_reject_thresh	32	static
../Core/Src/driver_mpu6500.c:1503:9:mpu6500_dmp_get_shake_reject_thresh	32	static
../Core/Src/driver_mpu6500.c:1551:9:mpu6500_dmp_set_tap_time_multi	24	static
../Core/Src/driver_mpu6500.c:1598:9:mpu6500_dmp_get_tap_time_multi	24	static
../Core/Src/driver_mpu6500.c:1643:9:mpu6500_dmp_set_tap_time	24	static
../Core/Src/driver_mpu6500.c:1690:9:mpu6500_dmp_get_tap_time	24	static
../Core/Src/driver_mpu6500.c:1736:9:mpu6500_dmp_set_min_tap_count	24	static
../Core/Src/driver_mpu6500.c:1786:9:mpu6500_dmp_get_min_tap_count	24	static
../Core/Src/driver_mpu6500.c:1830:9:mpu6500_dmp_set_gyro_calibrate	40	static
../Core/Src/driver_mpu6500.c:1893:9:mpu6500_dmp_set_3x_quaternion	32	static
../Core/Src/driver_mpu6500.c:1970:9:mpu6500_dmp_set_6x_quaternion	32	static
../Core/Src/driver_mpu6500.c:2047:9:mpu6500_dmp_set_interrupt_mode	40	static
../Core/Src/driver_mpu6500.c:2116:9:mpu6500_dmp_set_gyro_bias	88	static
../Core/Src/driver_mpu6500.c:2206:9:mpu6500_dmp_set_accel_bias	104	static
../Core/Src/driver_mpu6500.c:2309:9:mpu6500_dmp_set_orientation	48	static
../Core/Src/driver_mpu6500.c:2413:9:mpu6500_dmp_set_feature	96	static
../Core/Src/driver_mpu6500.c:2855:9:mpu6500_dmp_set_fifo_rate	40	static
../Core/Src/driver_mpu6500.c:2921:9:mpu6500_dmp_get_fifo_rate	24	static
../Core/Src/driver_mpu6500.c:2968:9:mpu6500_dmp_set_tap_axes	24	static
../Core/Src/driver_mpu6500.c:3029:9:mpu6500_dmp_get_tap_axes	32	static
../Core/Src/driver_mpu6500.c:3085:9:mpu6500_dmp_set_tap_thresh	32	static
../Core/Src/driver_mpu6500.c:3230:9:mpu6500_dmp_get_tap_thresh	40	static
../Core/Src/driver_mpu6500.c:3346:9:mpu6500_dmp_read	88	static
../Core/Src/driver_mpu6500.c:3616:9:mpu6500_dmp_set_tap_callback	16	static
../Core/Src/driver_mpu6500.c:3650:9:mpu6500_dmp_set_orient_callback	16	static
../Core/Src/driver_mpu6500.c:3684:9:mpu6500_dmp_set_enable	24	static
../Core/Src/driver_mpu6500.c:3739:9:mpu6500_dmp_gyro_accel_raw_offset_convert	32	static
../Core/Src/driver_mpu6500.c:3839:9:mpu6500_set_interface	16	static
../Core/Src/driver_mpu6500.c:3860:9:mpu6500_get_interface	16	static
../Core/Src/driver_mpu6500.c:3881:9:mpu6500_set_addr_pin	16	static
../Core/Src/driver_mpu6500.c:3902:9:mpu6500_get_addr_pin	16	static
../Core/Src/driver_mpu6500.c:3926:9:mpu6500_init	24	static
../Core/Src/driver_mpu6500.c:4085:9:mpu6500_deinit	24	static
../Core/Src/driver_mpu6500.c:4138:9:mpu6500_read	40	static
../Core/Src/driver_mpu6500.c:4385:9:mpu6500_read_temperature	32	static
../Core/Src/driver_mpu6500.c:4422:9:mpu6500_irq_handler	24	static
../Core/Src/driver_mpu6500.c:4494:9:mpu6500_set_fifo	24	static
../Core/Src/driver_mpu6500.c:4539:9:mpu6500_get_fifo	24	static
../Core/Src/driver_mpu6500.c:4575:9:mpu6500_force_fifo_reset	24	static
../Core/Src/driver_mpu6500.c:4610:9:mpu6500_set_iic_master	24	static
../Core/Src/driver_mpu6500.c:4655:9:mpu6500_get_iic_master	24	static
../Core/Src/driver_mpu6500.c:4692:9:mpu6500_set_disable_iic_slave	24	static
../Core/Src/driver_mpu6500.c:4737:9:mpu6500_get_disable_iic_slave	24	static
../Core/Src/driver_mpu6500.c:4773:9:mpu6500_fifo_reset	24	static
../Core/Src/driver_mpu6500.c:4818:9:mpu6500_get_fifo_reset	24	static
../Core/Src/driver_mpu6500.c:4854:9:mpu6500_iic_master_reset	24	static
../Core/Src/driver_mpu6500.c:4899:9:mpu6500_get_iic_master_reset	24	static
../Core/Src/driver_mpu6500.c:4935:9:mpu6500_sensor_reset	24	static
../Core/Src/driver_mpu6500.c:4980:9:mpu6500_get_sensor_reset	24	static
../Core/Src/driver_mpu6500.c:5016:9:mpu6500_device_reset	24	static
../Core/Src/driver_mpu6500.c:5061:9:mpu6500_get_device_reset	24	static
../Core/Src/driver_mpu6500.c:5098:9:mpu6500_set_clock_source	24	static
../Core/Src/driver_mpu6500.c:5143:9:mpu6500_get_clock_source	24	static
../Core/Src/driver_mpu6500.c:5180:9:mpu6500_set_ptat	24	static
../Core/Src/driver_mpu6500.c:5225:9:mpu6500_get_ptat	24	static
../Core/Src/driver_mpu6500.c:5262:9:mpu6500_set_cycle_wake_up	24	static
../Core/Src/driver_mpu6500.c:5307:9:mpu6500_get_cycle_wake_up	24	static
../Core/Src/driver_mpu6500.c:5344:9:mpu6500_set_sleep	24	static
../Core/Src/driver_mpu6500.c:5389:9:mpu6500_get_sleep	24	static
../Core/Src/driver_mpu6500.c:5426:9:mpu6500_set_gyro_standby	24	static
../Core/Src/driver_mpu6500.c:5471:9:mpu6500_get_gyro_standby	24	static
../Core/Src/driver_mpu6500.c:5509:9:mpu6500_set_standby_mode	24	static
../Core/Src/driver_mpu6500.c:5555:9:mpu6500_get_standby_mode	32	static
../Core/Src/driver_mpu6500.c:5592:9:mpu6500_get_fifo_count	24	static
../Core/Src/driver_mpu6500.c:5630:9:mpu6500_fifo_get	32	static
../Core/Src/driver_mpu6500.c:5666:9:mpu6500_fifo_set	32	static
../Core/Src/driver_mpu6500.c:5701:9:mpu6500_set_signal_path_reset	24	static
../Core/Src/driver_mpu6500.c:5746:9:mpu6500_set_sample_rate_divider	24	static
../Core/Src/driver_mpu6500.c:5781:9:mpu6500_get_sample_rate_divider	24	static
../Core/Src/driver_mpu6500.c:5816:9:mpu6500_set_extern_sync	24	static
../Core/Src/driver_mpu6500.c:5861:9:mpu6500_get_extern_sync	24	static
../Core/Src/driver_mpu6500.c:5898:9:mpu6500_set_low_pass_filter	24	static
../Core/Src/driver_mpu6500.c:5943:9:mpu6500_get_low_pass_filter	24	static
../Core/Src/driver_mpu6500.c:5980:9:mpu6500_set_fifo_mode	24	static
../Core/Src/driver_mpu6500.c:6025:9:mpu6500_get_fifo_mode	24	static
../Core/Src/driver_mpu6500.c:6063:9:mpu6500_set_gyroscope_test	24	static
../Core/Src/driver_mpu6500.c:6109:9:mpu6500_get_gyroscope_test	32	static
../Core/Src/driver_mpu6500.c:6146:9:mpu6500_set_gyroscope_range	24	static
../Core/Src/driver_mpu6500.c:6191:9:mpu6500_get_gyroscope_range	24	static
../Core/Src/driver_mpu6500.c:6229:9:mpu6500_set_gyroscope_choice	24	static
../Core/Src/driver_mpu6500.c:6280:9:mpu6500_get_gyroscope_choice	24	static
../Core/Src/driver_mpu6500.c:6318:9:mpu6500_set_accelerometer_test	24	static
../Core/Src/driver_mpu6500.c:6364:9:mpu6500_get_accelerometer_test	32	static
../Core/Src/driver_mpu6500.c:6401:9:mpu6500_set_accelerometer_range	24	static
../Core/Src/driver_mpu6500.c:6446:9:mpu6500_get_accelerometer_range	24	static
../Core/Src/driver_mpu6500.c:6482:9:mpu6500_set_fifo_1024kb	24	static
../Core/Src/driver_mpu6500.c:6528:9:mpu6500_set_accelerometer_choice	24	static
../Core/Src/driver_mpu6500.c:6580:9:mpu6500_get_accelerometer_choice	24	static
../Core/Src/driver_mpu6500.c:6617:9:mpu6500_set_accelerometer_low_pass_filter	24	static
../Core/Src/driver_mpu6500.c:6662:9:mpu6500_get_accelerometer_low_pass_filter	24	static
../Core/Src/driver_mpu6500.c:6699:9:mpu6500_set_low_power_accel_output_rate	24	static
../Core/Src/driver_mpu6500.c:6744:9:mpu6500_get_low_power_accel_output_rate	24	static
../Core/Src/driver_mpu6500.c:6781:9:mpu6500_set_wake_on_motion	24	static
../Core/Src/driver_mpu6500.c:6826:9:mpu6500_get_wake_on_motion	24	static
../Core/Src/driver_mpu6500.c:6863:9:mpu6500_set_accel_compare_with_previous_sample	24	static
../Core/Src/driver_mpu6500.c:6908:9:mpu6500_get_accel_compare_with_previous_sample	24	static
../Core/Src/driver_mpu6500.c:6946:9:mpu6500_set_fifo_enable	24	static
../Core/Src/driver_mpu6500.c:6992:9:mpu6500_get_fifo_enable	32	static
../Core/Src/driver_mpu6500.c:7029:9:mpu6500_set_interrupt_level	24	static
../Core/Src/driver_mpu6500.c:7074:9:mpu6500_get_interrupt_level	24	static
../Core/Src/driver_mpu6500.c:7111:9:mpu6500_set_interrupt_pin_type	24	static
../Core/Src/driver_mpu6500.c:7156:9:mpu6500_get_interrupt_pin_type	24	static
../Core/Src/driver_mpu6500.c:7193:9:mpu6500_set_interrupt_latch	24	static
../Core/Src/driver_mpu6500.c:7238:9:mpu6500_get_interrupt_latch	24	static
../Core/Src/driver_mpu6500.c:7275:9:mpu6500_set_interrupt_read_clear	24	static
../Core/Src/driver_mpu6500.c:7320:9:mpu6500_get_interrupt_read_clear	24	static
../Core/Src/driver_mpu6500.c:7357:9:mpu6500_set_fsync_interrupt_level	24	static
../Core/Src/driver_mpu6500.c:7402:9:mpu6500_get_fsync_interrupt_level	24	static
../Core/Src/driver_mpu6500.c:7439:9:mpu6500_set_fsync_interrupt	24	static
../Core/Src/driver_mpu6500.c:7484:9:mpu6500_get_fsync_interrupt	24	static
../Core/Src/driver_mpu6500.c:7521:9:mpu6500_set_iic_bypass	24	static
../Core/Src/driver_mpu6500.c:7566:9:mpu6500_get_iic_bypass	24	static
../Core/Src/driver_mpu6500.c:7604:9:mpu6500_set_interrupt	24	static
../Core/Src/driver_mpu6500.c:7650:9:mpu6500_get_interrupt	32	static
../Core/Src/driver_mpu6500.c:7687:9:mpu6500_get_interrupt_status	24	static
../Core/Src/driver_mpu6500.c:7722:9:mpu6500_set_gyroscope_x_test	24	static
../Core/Src/driver_mpu6500.c:7757:9:mpu6500_get_gyroscope_x_test	24	static
../Core/Src/driver_mpu6500.c:7792:9:mpu6500_set_gyroscope_y_test	24	static
../Core/Src/driver_mpu6500.c:7827:9:mpu6500_get_gyroscope_y_test	24	static
../Core/Src/driver_mpu6500.c:7862:9:mpu6500_set_gyroscope_z_test	24	static
../Core/Src/driver_mpu6500.c:7897:9:mpu6500_get_gyroscope_z_test	24	static
../Core/Src/driver_mpu6500.c:7932:9:mpu6500_set_accelerometer_x_test	24	static
../Core/Src/driver_mpu6500.c:7967:9:mpu6500_get_accelerometer_x_test	24	static
../Core/Src/driver_mpu6500.c:8002:9:mpu6500_set_accelerometer_y_test	24	static
../Core/Src/driver_mpu6500.c:8037:9:mpu6500_get_accelerometer_y_test	24	static
../Core/Src/driver_mpu6500.c:8072:9:mpu6500_set_accelerometer_z_test	24	static
../Core/Src/driver_mpu6500.c:8107:9:mpu6500_get_accelerometer_z_test	24	static
../Core/Src/driver_mpu6500.c:8142:9:mpu6500_set_accelerometer_x_offset	24	static
../Core/Src/driver_mpu6500.c:8180:9:mpu6500_get_accelerometer_x_offset	24	static
../Core/Src/driver_mpu6500.c:8217:9:mpu6500_set_accelerometer_y_offset	24	static
../Core/Src/driver_mpu6500.c:8255:9:mpu6500_get_accelerometer_y_offset	24	static
../Core/Src/driver_mpu6500.c:8292:9:mpu6500_set_accelerometer_z_offset	24	static
../Core/Src/driver_mpu6500.c:8330:9:mpu6500_get_accelerometer_z_offset	24	static
../Core/Src/driver_mpu6500.c:8367:9:mpu6500_accelerometer_offset_convert_to_register	24	static
../Core/Src/driver_mpu6500.c:8394:9:mpu6500_accelerometer_offset_convert_to_data	24	static
../Core/Src/driver_mpu6500.c:8421:9:mpu6500_set_gyro_x_offset	24	static
../Core/Src/driver_mpu6500.c:8459:9:mpu6500_get_gyro_x_offset	24	static
../Core/Src/driver_mpu6500.c:8496:9:mpu6500_set_gyro_y_offset	24	static
../Core/Src/driver_mpu6500.c:8534:9:mpu6500_get_gyro_y_offset	24	static
../Core/Src/driver_mpu6500.c:8571:9:mpu6500_set_gyro_z_offset	24	static
../Core/Src/driver_mpu6500.c:8609:9:mpu6500_get_gyro_z_offset	24	static
../Core/Src/driver_mpu6500.c:8646:9:mpu6500_gyro_offset_convert_to_register	24	static
../Core/Src/driver_mpu6500.c:8673:9:mpu6500_gyro_offset_convert_to_data	24	static
../Core/Src/driver_mpu6500.c:8700:9:mpu6500_set_motion_threshold	24	static
../Core/Src/driver_mpu6500.c:8735:9:mpu6500_get_motion_threshold	24	static
../Core/Src/driver_mpu6500.c:8770:9:mpu6500_motion_threshold_convert_to_register	24	static
../Core/Src/driver_mpu6500.c:8797:9:mpu6500_motion_threshold_convert_to_data	24	static
../Core/Src/driver_mpu6500.c:8825:9:mpu6500_self_test	56	static
../Core/Src/driver_mpu6500.c:8909:9:mpu6500_set_iic_clock	24	static
../Core/Src/driver_mpu6500.c:8954:9:mpu6500_get_iic_clock	24	static
../Core/Src/driver_mpu6500.c:8991:9:mpu6500_set_iic_multi_master	24	static
../Core/Src/driver_mpu6500.c:9036:9:mpu6500_get_iic_multi_master	24	static
../Core/Src/driver_mpu6500.c:9073:9:mpu6500_set_iic_wait_for_external_sensor	24	static
../Core/Src/driver_mpu6500.c:9118:9:mpu6500_get_iic_wait_for_external_sensor	24	static
../Core/Src/driver_mpu6500.c:9155:9:mpu6500_set_iic_read_mode	24	static
../Core/Src/driver_mpu6500.c:9200:9:mpu6500_get_iic_read_mode	24	static
../Core/Src/driver_mpu6500.c:9239:9:mpu6500_set_iic_fifo_enable	24	static
../Core/Src/driver_mpu6500.c:9317:9:mpu6500_get_iic_fifo_enable	32	static
../Core/Src/driver_mpu6500.c:9379:9:mpu6500_set_iic_mode	24	static
../Core/Src/driver_mpu6500.c:9511:9:mpu6500_get_iic_mode	32	static
../Core/Src/driver_mpu6500.c:9603:9:mpu6500_set_iic_address	24	static
../Core/Src/driver_mpu6500.c:9735:9:mpu6500_get_iic_address	32	static
../Core/Src/driver_mpu6500.c:9827:9:mpu6500_set_iic_register	24	static
../Core/Src/driver_mpu6500.c:9913:9:mpu6500_get_iic_register	32	static
../Core/Src/driver_mpu6500.c:9999:9:mpu6500_set_iic_data_out	24	static
../Core/Src/driver_mpu6500.c:10075:9:mpu6500_get_iic_data_out	32	static
../Core/Src/driver_mpu6500.c:10151:9:mpu6500_set_iic_enable	24	static
../Core/Src/driver_mpu6500.c:10264:9:mpu6500_get_iic_enable	32	static
../Core/Src/driver_mpu6500.c:10345:9:mpu6500_set_iic_byte_swap	24	static
../Core/Src/driver_mpu6500.c:10458:9:mpu6500_get_iic_byte_swap	32	static
../Core/Src/driver_mpu6500.c:10539:9:mpu6500_set_iic_transaction_mode	24	static
../Core/Src/driver_mpu6500.c:10652:9:mpu6500_get_iic_transaction_mode	32	static
../Core/Src/driver_mpu6500.c:10733:9:mpu6500_set_iic_group_order	24	static
../Core/Src/driver_mpu6500.c:10846:9:mpu6500_get_iic_group_order	32	static
../Core/Src/driver_mpu6500.c:10928:9:mpu6500_set_iic_transferred_len	24	static
../Core/Src/driver_mpu6500.c:11047:9:mpu6500_get_iic_transferred_len	32	static
../Core/Src/driver_mpu6500.c:11126:9:mpu6500_get_iic_status	24	static
../Core/Src/driver_mpu6500.c:11162:9:mpu6500_set_iic_delay_enable	24	static
../Core/Src/driver_mpu6500.c:11208:9:mpu6500_get_iic_delay_enable	32	static
../Core/Src/driver_mpu6500.c:11245:9:mpu6500_set_iic4_enable	24	static
../Core/Src/driver_mpu6500.c:11290:9:mpu6500_get_iic4_enable	24	static
../Core/Src/driver_mpu6500.c:11327:9:mpu6500_set_iic4_interrupt	24	static
../Core/Src/driver_mpu6500.c:11372:9:mpu6500_get_iic4_interrupt	24	static
../Core/Src/driver_mpu6500.c:11409:9:mpu6500_set_iic4_transaction_mode	24	static
../Core/Src/driver_mpu6500.c:11454:9:mpu6500_get_iic4_transaction_mode	24	static
../Core/Src/driver_mpu6500.c:11492:9:mpu6500_set_iic_delay	24	static
../Core/Src/driver_mpu6500.c:11543:9:mpu6500_get_iic_delay	24	static
../Core/Src/driver_mpu6500.c:11580:9:mpu6500_set_iic4_data_out	24	static
../Core/Src/driver_mpu6500.c:11615:9:mpu6500_get_iic4_data_out	24	static
../Core/Src/driver_mpu6500.c:11650:9:mpu6500_set_iic4_data_in	24	static
../Core/Src/driver_mpu6500.c:11685:9:mpu6500_get_iic4_data_in	24	static
../Core/Src/driver_mpu6500.c:11722:9:mpu6500_read_extern_sensor_data	32	static
../Core/Src/driver_mpu6500.c:11765:9:mpu6500_set_reg	24	static
../Core/Src/driver_mpu6500.c:11792:9:mpu6500_get_reg	24	static
../Core/Src/driver_mpu6500.c:11814:9:mpu6500_info	16	static
