../Drivers/CMSIS/Include/core_cm7.h:2464:22:SCB_InvalidateDCache_by_Addr	32	static,ignoring_inline_asm
../Core/Src/ibus.c:25:6:ibus_init	8	static
../Core/Src/ibus.c:33:6:ibus_uart_idle_callback	16	static
../Core/Src/ibus.c:65:6:ibus_read	16	static
../Core/Src/ibus.c:79:6:ibus_soft_failsafe	24	static
../Core/Src/ibus.c:90:6:ibus_reset_failsafe	4	static
../Core/Src/ibus.c:97:13:ibus_process_bytes	24	static
../Core/Src/ibus.c:111:13:ibus_try_parse_frame	24	static
../Core/Src/ibus.c:144:13:ibus_is_valid	4	static
../Core/Src/ibus.c:150:13:ibus_checksum	16	static
../Core/Src/ibus.c:165:13:ibus_update	24	static
