../Core/Src/main.c:98:5:LPS22HB_ReadPressureAndTemperature	24	static
../Core/Src/main.c:133:9:LPS22HB_SPI_Init	8	static
../Core/Src/main.c:140:9:LPS22HB_ReadReg_SPI	32	static
../Core/Src/main.c:154:9:LPS22HB_WriteReg_SPI	32	static
../Core/Src/main.c:169:6:LPS22HB_Setup	8	static
../Core/Src/main.c:197:20:ESC_SetPulse_us	16	static
../Core/Src/main.c:227:7:get_delta_time	40	static
../Core/Src/main.c:236:6:update_orientation	64	static
../Core/Src/main.c:259:6:calibrate_gyro	48	static
../Core/Src/main.c:278:6:HAL_TIM_PeriodElapsedCallback	16	static
../Core/Src/main.c:294:5:main	8	static
../Core/Src/main.c:413:6:SystemClock_Config	88	static
../Core/Src/main.c:461:6:MPU_Config	24	static
../Core/Src/main.c:492:6:Error_Handler	4	static,ignoring_inline_asm
