../Core/Src/stm32f7xx_it.c:83:6:NMI_Handler	4	static
../Core/Src/stm32f7xx_it.c:98:6:HardFault_Handler	4	static
../Core/Src/stm32f7xx_it.c:113:6:MemManage_Handler	4	static
../Core/Src/stm32f7xx_it.c:128:6:BusFault_Handler	4	static
../Core/Src/stm32f7xx_it.c:143:6:UsageFault_Handler	4	static
../Core/Src/stm32f7xx_it.c:158:6:SVC_Handler	4	static
../Core/Src/stm32f7xx_it.c:171:6:DebugMon_Handler	4	static
../Core/Src/stm32f7xx_it.c:184:6:PendSV_Handler	4	static
../Core/Src/stm32f7xx_it.c:197:6:SysTick_Handler	8	static
../Core/Src/stm32f7xx_it.c:218:6:DMA1_Stream2_IRQHandler	8	static
../Core/Src/stm32f7xx_it.c:232:6:TIM1_BRK_TIM9_IRQHandler	8	static
../Core/Src/stm32f7xx_it.c:246:6:TIM1_UP_TIM10_IRQHandler	8	static
../Core/Src/stm32f7xx_it.c:260:6:TIM1_TRG_COM_TIM11_IRQHandler	8	static
../Core/Src/stm32f7xx_it.c:274:6:TIM1_CC_IRQHandler	8	static
../Core/Src/stm32f7xx_it.c:288:6:TIM2_IRQHandler	8	static
../Core/Src/stm32f7xx_it.c:302:6:TIM3_IRQHandler	8	static
../Core/Src/stm32f7xx_it.c:316:6:I2C1_EV_IRQHandler	8	static
../Core/Src/stm32f7xx_it.c:330:6:I2C1_ER_IRQHandler	8	static
../Core/Src/stm32f7xx_it.c:344:6:SPI1_IRQHandler	8	static
../Core/Src/stm32f7xx_it.c:358:6:UART4_IRQHandler	8	static
